Archive member included to satisfy reference by file (symbol)

d:/mounriver/mounriver_studio/toolchain/risc-v embedded gcc/bin/../lib/gcc/riscv-none-embed/8.2.0/../../../../riscv-none-embed/lib/rv32ecxw/ilp32e\libprintf.a(wchprintf.o)
                              ./User/main.o (printf)
d:/mounriver/mounriver_studio/toolchain/risc-v embedded gcc/bin/../lib/gcc/riscv-none-embed/8.2.0/rv32ecxw/ilp32e\libgcc.a(save-restore.o)
                              ./User/ssd1306/fonts.o (__riscv_save_2)
d:/mounriver/mounriver_studio/toolchain/risc-v embedded gcc/bin/../lib/gcc/riscv-none-embed/8.2.0/rv32ecxw/ilp32e\libgcc.a(muldi3.o)
                              ./User/ssd1306/fonts.o (__mulsi3)
d:/mounriver/mounriver_studio/toolchain/risc-v embedded gcc/bin/../lib/gcc/riscv-none-embed/8.2.0/rv32ecxw/ilp32e\libgcc.a(div.o)
                              ./Peripheral/src/ch32v00x_usart.o (__divsi3)
d:/mounriver/mounriver_studio/toolchain/risc-v embedded gcc/bin/../lib/gcc/riscv-none-embed/8.2.0/../../../../riscv-none-embed/lib/rv32ecxw/ilp32e\libg_nano.a(lib_a-memset.o)
                              ./User/ssd1306/ssd1306.o (memset)
d:/mounriver/mounriver_studio/toolchain/risc-v embedded gcc/bin/../lib/gcc/riscv-none-embed/8.2.0/../../../../riscv-none-embed/lib/rv32ecxw/ilp32e\libg_nano.a(lib_a-strcpy.o)
                              ./User/main.o (strcpy)
d:/mounriver/mounriver_studio/toolchain/risc-v embedded gcc/bin/../lib/gcc/riscv-none-embed/8.2.0/../../../../riscv-none-embed/lib/rv32ecxw/ilp32e\libg_nano.a(lib_a-strlen.o)
                              ./User/ssd1306/fonts.o (strlen)

Discarded input sections

 .text          0x0000000000000000        0x0 ./User/ssd1306/fonts.o
 .data          0x0000000000000000        0x0 ./User/ssd1306/fonts.o
 .bss           0x0000000000000000        0x0 ./User/ssd1306/fonts.o
 .text.FONTS_GetStringSize
                0x0000000000000000       0x38 ./User/ssd1306/fonts.o
 .data.Font_16x26
                0x0000000000000000        0x8 ./User/ssd1306/fonts.o
 .data.Font_7x10
                0x0000000000000000        0x8 ./User/ssd1306/fonts.o
 .rodata.Font16x26
                0x0000000000000000     0x134c ./User/ssd1306/fonts.o
 .rodata.Font7x10
                0x0000000000000000      0x76c ./User/ssd1306/fonts.o
 .text          0x0000000000000000        0x0 ./User/ssd1306/ssd1306.o
 .data          0x0000000000000000        0x0 ./User/ssd1306/ssd1306.o
 .bss           0x0000000000000000        0x0 ./User/ssd1306/ssd1306.o
 .text.SSD1306_ToggleInvert
                0x0000000000000000       0x2c ./User/ssd1306/ssd1306.o
 .text.SSD1306_DrawLine
                0x0000000000000000      0x1a8 ./User/ssd1306/ssd1306.o
 .text.SSD1306_DrawRectangle
                0x0000000000000000       0xb6 ./User/ssd1306/ssd1306.o
 .text.SSD1306_DrawFilledRectangle
                0x0000000000000000       0x98 ./User/ssd1306/ssd1306.o
 .text.SSD1306_DrawTriangle
                0x0000000000000000       0x5a ./User/ssd1306/ssd1306.o
 .text.SSD1306_DrawFilledTriangle
                0x0000000000000000      0x122 ./User/ssd1306/ssd1306.o
 .text.SSD1306_DrawCircle
                0x0000000000000000      0x1de ./User/ssd1306/ssd1306.o
 .text.SSD1306_DrawFilledCircle
                0x0000000000000000      0x1be ./User/ssd1306/ssd1306.o
 .text.SSD1306_ON
                0x0000000000000000       0x32 ./User/ssd1306/ssd1306.o
 .text.SSD1306_OFF
                0x0000000000000000       0x32 ./User/ssd1306/ssd1306.o
 .text          0x0000000000000000        0x0 ./User/ch32v00x_it.o
 .data          0x0000000000000000        0x0 ./User/ch32v00x_it.o
 .bss           0x0000000000000000        0x0 ./User/ch32v00x_it.o
 .text          0x0000000000000000        0x0 ./User/main.o
 .data          0x0000000000000000        0x0 ./User/main.o
 .bss           0x0000000000000000        0x0 ./User/main.o
 .text          0x0000000000000000        0x0 ./User/system_ch32v00x.o
 .data          0x0000000000000000        0x0 ./User/system_ch32v00x.o
 .bss           0x0000000000000000        0x0 ./User/system_ch32v00x.o
 .text          0x0000000000000000        0x0 ./Startup/startup_ch32v00x.o
 .data          0x0000000000000000        0x0 ./Startup/startup_ch32v00x.o
 .bss           0x0000000000000000        0x0 ./Startup/startup_ch32v00x.o
 .text          0x0000000000000000        0x0 ./Peripheral/src/ch32v00x_adc.o
 .data          0x0000000000000000        0x0 ./Peripheral/src/ch32v00x_adc.o
 .bss           0x0000000000000000        0x0 ./Peripheral/src/ch32v00x_adc.o
 .text.ADC_DeInit
                0x0000000000000000       0x3a ./Peripheral/src/ch32v00x_adc.o
 .text.ADC_Init
                0x0000000000000000       0x4e ./Peripheral/src/ch32v00x_adc.o
 .text.ADC_StructInit
                0x0000000000000000       0x1a ./Peripheral/src/ch32v00x_adc.o
 .text.ADC_Cmd  0x0000000000000000       0x10 ./Peripheral/src/ch32v00x_adc.o
 .text.ADC_DMACmd
                0x0000000000000000       0x12 ./Peripheral/src/ch32v00x_adc.o
 .text.ADC_ITConfig
                0x0000000000000000       0x16 ./Peripheral/src/ch32v00x_adc.o
 .text.ADC_ResetCalibration
                0x0000000000000000        0xa ./Peripheral/src/ch32v00x_adc.o
 .text.ADC_GetResetCalibrationStatus
                0x0000000000000000        0x8 ./Peripheral/src/ch32v00x_adc.o
 .text.ADC_StartCalibration
                0x0000000000000000        0xa ./Peripheral/src/ch32v00x_adc.o
 .text.ADC_GetCalibrationStatus
                0x0000000000000000        0x8 ./Peripheral/src/ch32v00x_adc.o
 .text.ADC_SoftwareStartConvCmd
                0x0000000000000000       0x18 ./Peripheral/src/ch32v00x_adc.o
 .text.ADC_GetSoftwareStartConvStatus
                0x0000000000000000        0x8 ./Peripheral/src/ch32v00x_adc.o
 .text.ADC_DiscModeChannelCountConfig
                0x0000000000000000       0x12 ./Peripheral/src/ch32v00x_adc.o
 .text.ADC_DiscModeCmd
                0x0000000000000000       0x1a ./Peripheral/src/ch32v00x_adc.o
 .text.ADC_RegularChannelConfig
                0x0000000000000000       0xba ./Peripheral/src/ch32v00x_adc.o
 .text.ADC_ExternalTrigConvCmd
                0x0000000000000000       0x18 ./Peripheral/src/ch32v00x_adc.o
 .text.ADC_GetConversionValue
                0x0000000000000000        0x8 ./Peripheral/src/ch32v00x_adc.o
 .text.ADC_AutoInjectedConvCmd
                0x0000000000000000       0x12 ./Peripheral/src/ch32v00x_adc.o
 .text.ADC_InjectedDiscModeCmd
                0x0000000000000000       0x14 ./Peripheral/src/ch32v00x_adc.o
 .text.ADC_ExternalTrigInjectedConvConfig
                0x0000000000000000        0xe ./Peripheral/src/ch32v00x_adc.o
 .text.ADC_ExternalTrigInjectedConvCmd
                0x0000000000000000       0x14 ./Peripheral/src/ch32v00x_adc.o
 .text.ADC_SoftwareStartInjectedConvCmd
                0x0000000000000000       0x18 ./Peripheral/src/ch32v00x_adc.o
 .text.ADC_GetSoftwareStartInjectedConvCmdStatus
                0x0000000000000000        0x8 ./Peripheral/src/ch32v00x_adc.o
 .text.ADC_InjectedChannelConfig
                0x0000000000000000       0x7a ./Peripheral/src/ch32v00x_adc.o
 .text.ADC_InjectedSequencerLengthConfig
                0x0000000000000000       0x14 ./Peripheral/src/ch32v00x_adc.o
 .text.ADC_SetInjectedOffset
                0x0000000000000000       0x14 ./Peripheral/src/ch32v00x_adc.o
 .text.ADC_GetInjectedConversionValue
                0x0000000000000000       0x1c ./Peripheral/src/ch32v00x_adc.o
 .text.ADC_AnalogWatchdogCmd
                0x0000000000000000       0x12 ./Peripheral/src/ch32v00x_adc.o
 .text.ADC_AnalogWatchdogThresholdsConfig
                0x0000000000000000        0x6 ./Peripheral/src/ch32v00x_adc.o
 .text.ADC_AnalogWatchdogSingleChannelConfig
                0x0000000000000000        0xa ./Peripheral/src/ch32v00x_adc.o
 .text.ADC_GetFlagStatus
                0x0000000000000000        0xa ./Peripheral/src/ch32v00x_adc.o
 .text.ADC_ClearFlag
                0x0000000000000000        0x8 ./Peripheral/src/ch32v00x_adc.o
 .text.ADC_GetITStatus
                0x0000000000000000       0x1c ./Peripheral/src/ch32v00x_adc.o
 .text.ADC_ClearITPendingBit
                0x0000000000000000        0xa ./Peripheral/src/ch32v00x_adc.o
 .text.ADC_Calibration_Vol
                0x0000000000000000       0x14 ./Peripheral/src/ch32v00x_adc.o
 .text.ADC_ExternalTrig_DLY
                0x0000000000000000       0x16 ./Peripheral/src/ch32v00x_adc.o
 .debug_info    0x0000000000000000     0x1526 ./Peripheral/src/ch32v00x_adc.o
 .debug_abbrev  0x0000000000000000      0x307 ./Peripheral/src/ch32v00x_adc.o
 .debug_loc     0x0000000000000000      0x9fa ./Peripheral/src/ch32v00x_adc.o
 .debug_aranges
                0x0000000000000000      0x138 ./Peripheral/src/ch32v00x_adc.o
 .debug_ranges  0x0000000000000000      0x128 ./Peripheral/src/ch32v00x_adc.o
 .debug_line    0x0000000000000000     0x1439 ./Peripheral/src/ch32v00x_adc.o
 .debug_str     0x0000000000000000      0xba3 ./Peripheral/src/ch32v00x_adc.o
 .comment       0x0000000000000000       0x34 ./Peripheral/src/ch32v00x_adc.o
 .debug_frame   0x0000000000000000      0x26c ./Peripheral/src/ch32v00x_adc.o
 .text          0x0000000000000000        0x0 ./Peripheral/src/ch32v00x_dbgmcu.o
 .data          0x0000000000000000        0x0 ./Peripheral/src/ch32v00x_dbgmcu.o
 .bss           0x0000000000000000        0x0 ./Peripheral/src/ch32v00x_dbgmcu.o
 .text.DBGMCU_GetREVID
                0x0000000000000000        0xa ./Peripheral/src/ch32v00x_dbgmcu.o
 .text.DBGMCU_GetDEVID
                0x0000000000000000        0xa ./Peripheral/src/ch32v00x_dbgmcu.o
 .text.__get_DEBUG_CR
                0x0000000000000000        0x6 ./Peripheral/src/ch32v00x_dbgmcu.o
 .text.__set_DEBUG_CR
                0x0000000000000000        0x6 ./Peripheral/src/ch32v00x_dbgmcu.o
 .text.DBGMCU_Config
                0x0000000000000000       0x14 ./Peripheral/src/ch32v00x_dbgmcu.o
 .text          0x0000000000000000        0x0 ./Peripheral/src/ch32v00x_dma.o
 .data          0x0000000000000000        0x0 ./Peripheral/src/ch32v00x_dma.o
 .bss           0x0000000000000000        0x0 ./Peripheral/src/ch32v00x_dma.o
 .text.DMA_DeInit
                0x0000000000000000       0x92 ./Peripheral/src/ch32v00x_dma.o
 .text.DMA_Init
                0x0000000000000000       0x38 ./Peripheral/src/ch32v00x_dma.o
 .text.DMA_StructInit
                0x0000000000000000       0x2e ./Peripheral/src/ch32v00x_dma.o
 .text.DMA_Cmd  0x0000000000000000       0x14 ./Peripheral/src/ch32v00x_dma.o
 .text.DMA_ITConfig
                0x0000000000000000       0x12 ./Peripheral/src/ch32v00x_dma.o
 .text.DMA_SetCurrDataCounter
                0x0000000000000000        0x4 ./Peripheral/src/ch32v00x_dma.o
 .text.DMA_GetCurrDataCounter
                0x0000000000000000        0x8 ./Peripheral/src/ch32v00x_dma.o
 .text.DMA_GetFlagStatus
                0x0000000000000000        0xe ./Peripheral/src/ch32v00x_dma.o
 .text.DMA_ClearFlag
                0x0000000000000000        0x8 ./Peripheral/src/ch32v00x_dma.o
 .text.DMA_GetITStatus
                0x0000000000000000       0x18 ./Peripheral/src/ch32v00x_dma.o
 .text.DMA_ClearITPendingBit
                0x0000000000000000        0x8 ./Peripheral/src/ch32v00x_dma.o
 .debug_info    0x0000000000000000      0xd17 ./Peripheral/src/ch32v00x_dma.o
 .debug_abbrev  0x0000000000000000      0x302 ./Peripheral/src/ch32v00x_dma.o
 .debug_loc     0x0000000000000000      0x14a ./Peripheral/src/ch32v00x_dma.o
 .debug_aranges
                0x0000000000000000       0x60 ./Peripheral/src/ch32v00x_dma.o
 .debug_ranges  0x0000000000000000       0x50 ./Peripheral/src/ch32v00x_dma.o
 .debug_line    0x0000000000000000      0x794 ./Peripheral/src/ch32v00x_dma.o
 .debug_str     0x0000000000000000      0x80c ./Peripheral/src/ch32v00x_dma.o
 .comment       0x0000000000000000       0x34 ./Peripheral/src/ch32v00x_dma.o
 .debug_frame   0x0000000000000000       0xcc ./Peripheral/src/ch32v00x_dma.o
 .text          0x0000000000000000        0x0 ./Peripheral/src/ch32v00x_exti.o
 .data          0x0000000000000000        0x0 ./Peripheral/src/ch32v00x_exti.o
 .bss           0x0000000000000000        0x0 ./Peripheral/src/ch32v00x_exti.o
 .text.EXTI_DeInit
                0x0000000000000000       0x22 ./Peripheral/src/ch32v00x_exti.o
 .text.EXTI_Init
                0x0000000000000000       0x6a ./Peripheral/src/ch32v00x_exti.o
 .text.EXTI_StructInit
                0x0000000000000000       0x12 ./Peripheral/src/ch32v00x_exti.o
 .text.EXTI_GenerateSWInterrupt
                0x0000000000000000       0x10 ./Peripheral/src/ch32v00x_exti.o
 .text.EXTI_GetFlagStatus
                0x0000000000000000       0x12 ./Peripheral/src/ch32v00x_exti.o
 .text.EXTI_ClearFlag
                0x0000000000000000        0xa ./Peripheral/src/ch32v00x_exti.o
 .text.EXTI_GetITStatus
                0x0000000000000000       0x1e ./Peripheral/src/ch32v00x_exti.o
 .text.EXTI_ClearITPendingBit
                0x0000000000000000        0xa ./Peripheral/src/ch32v00x_exti.o
 .debug_info    0x0000000000000000      0xc05 ./Peripheral/src/ch32v00x_exti.o
 .debug_abbrev  0x0000000000000000      0x2da ./Peripheral/src/ch32v00x_exti.o
 .debug_loc     0x0000000000000000      0x181 ./Peripheral/src/ch32v00x_exti.o
 .debug_aranges
                0x0000000000000000       0x50 ./Peripheral/src/ch32v00x_exti.o
 .debug_ranges  0x0000000000000000       0x40 ./Peripheral/src/ch32v00x_exti.o
 .debug_line    0x0000000000000000      0x5cd ./Peripheral/src/ch32v00x_exti.o
 .debug_str     0x0000000000000000      0x7a6 ./Peripheral/src/ch32v00x_exti.o
 .comment       0x0000000000000000       0x34 ./Peripheral/src/ch32v00x_exti.o
 .debug_frame   0x0000000000000000       0x90 ./Peripheral/src/ch32v00x_exti.o
 .text          0x0000000000000000        0x0 ./Peripheral/src/ch32v00x_flash.o
 .data          0x0000000000000000        0x0 ./Peripheral/src/ch32v00x_flash.o
 .bss           0x0000000000000000        0x0 ./Peripheral/src/ch32v00x_flash.o
 .text.FLASH_SetLatency
                0x0000000000000000       0x10 ./Peripheral/src/ch32v00x_flash.o
 .text.FLASH_Unlock
                0x0000000000000000       0x1a ./Peripheral/src/ch32v00x_flash.o
 .text.FLASH_Lock
                0x0000000000000000        0xe ./Peripheral/src/ch32v00x_flash.o
 .text.FLASH_GetUserOptionByte
                0x0000000000000000        0xa ./Peripheral/src/ch32v00x_flash.o
 .text.FLASH_GetWriteProtectionOptionByte
                0x0000000000000000        0x8 ./Peripheral/src/ch32v00x_flash.o
 .text.FLASH_GetReadOutProtectionStatus
                0x0000000000000000        0xc ./Peripheral/src/ch32v00x_flash.o
 .text.FLASH_ITConfig
                0x0000000000000000       0x1e ./Peripheral/src/ch32v00x_flash.o
 .text.FLASH_GetFlagStatus
                0x0000000000000000       0x1e ./Peripheral/src/ch32v00x_flash.o
 .text.FLASH_ClearFlag
                0x0000000000000000        0x8 ./Peripheral/src/ch32v00x_flash.o
 .text.FLASH_GetStatus
                0x0000000000000000       0x18 ./Peripheral/src/ch32v00x_flash.o
 .text.FLASH_GetBank1Status
                0x0000000000000000       0x18 ./Peripheral/src/ch32v00x_flash.o
 .text.FLASH_WaitForLastOperation
                0x0000000000000000       0x34 ./Peripheral/src/ch32v00x_flash.o
 .text.FLASH_ErasePage
                0x0000000000000000       0x4c ./Peripheral/src/ch32v00x_flash.o
 .text.FLASH_EraseAllPages
                0x0000000000000000       0x48 ./Peripheral/src/ch32v00x_flash.o
 .text.FLASH_EraseOptionBytes
                0x0000000000000000       0x9a ./Peripheral/src/ch32v00x_flash.o
 .text.FLASH_ProgramWord
                0x0000000000000000       0x6e ./Peripheral/src/ch32v00x_flash.o
 .text.FLASH_ProgramHalfWord
                0x0000000000000000       0x48 ./Peripheral/src/ch32v00x_flash.o
 .text.FLASH_ProgramOptionByteData
                0x0000000000000000       0x66 ./Peripheral/src/ch32v00x_flash.o
 .text.FLASH_EnableWriteProtection
                0x0000000000000000       0x9e ./Peripheral/src/ch32v00x_flash.o
 .text.FLASH_ReadOutProtection
                0x0000000000000000       0xae ./Peripheral/src/ch32v00x_flash.o
 .text.FLASH_UserOptionByteConfig
                0x0000000000000000       0x80 ./Peripheral/src/ch32v00x_flash.o
 .text.FLASH_WaitForLastBank1Operation
                0x0000000000000000       0x18 ./Peripheral/src/ch32v00x_flash.o
 .text.FLASH_Unlock_Fast
                0x0000000000000000       0x1e ./Peripheral/src/ch32v00x_flash.o
 .text.FLASH_Lock_Fast
                0x0000000000000000       0x18 ./Peripheral/src/ch32v00x_flash.o
 .text.FLASH_BufReset
                0x0000000000000000       0x28 ./Peripheral/src/ch32v00x_flash.o
 .text.FLASH_BufLoad
                0x0000000000000000       0x36 ./Peripheral/src/ch32v00x_flash.o
 .text.FLASH_ErasePage_Fast
                0x0000000000000000       0x36 ./Peripheral/src/ch32v00x_flash.o
 .text.FLASH_ProgramPage_Fast
                0x0000000000000000       0x34 ./Peripheral/src/ch32v00x_flash.o
 .text.SystemReset_StartMode
                0x0000000000000000       0x56 ./Peripheral/src/ch32v00x_flash.o
 .debug_info    0x0000000000000000     0x12a0 ./Peripheral/src/ch32v00x_flash.o
 .debug_abbrev  0x0000000000000000      0x3cf ./Peripheral/src/ch32v00x_flash.o
 .debug_loc     0x0000000000000000      0x699 ./Peripheral/src/ch32v00x_flash.o
 .debug_aranges
                0x0000000000000000       0xf0 ./Peripheral/src/ch32v00x_flash.o
 .debug_ranges  0x0000000000000000       0xe0 ./Peripheral/src/ch32v00x_flash.o
 .debug_line    0x0000000000000000     0x143f ./Peripheral/src/ch32v00x_flash.o
 .debug_str     0x0000000000000000      0xa2d ./Peripheral/src/ch32v00x_flash.o
 .comment       0x0000000000000000       0x34 ./Peripheral/src/ch32v00x_flash.o
 .debug_frame   0x0000000000000000      0x2c8 ./Peripheral/src/ch32v00x_flash.o
 .text          0x0000000000000000        0x0 ./Peripheral/src/ch32v00x_gpio.o
 .data          0x0000000000000000        0x0 ./Peripheral/src/ch32v00x_gpio.o
 .bss           0x0000000000000000        0x0 ./Peripheral/src/ch32v00x_gpio.o
 .text.GPIO_DeInit
                0x0000000000000000       0x68 ./Peripheral/src/ch32v00x_gpio.o
 .text.GPIO_AFIODeInit
                0x0000000000000000       0x28 ./Peripheral/src/ch32v00x_gpio.o
 .text.GPIO_StructInit
                0x0000000000000000        0xe ./Peripheral/src/ch32v00x_gpio.o
 .text.GPIO_ReadInputDataBit
                0x0000000000000000        0xa ./Peripheral/src/ch32v00x_gpio.o
 .text.GPIO_ReadInputData
                0x0000000000000000        0x8 ./Peripheral/src/ch32v00x_gpio.o
 .text.GPIO_ReadOutputDataBit
                0x0000000000000000        0xa ./Peripheral/src/ch32v00x_gpio.o
 .text.GPIO_ReadOutputData
                0x0000000000000000        0x8 ./Peripheral/src/ch32v00x_gpio.o
 .text.GPIO_SetBits
                0x0000000000000000        0x4 ./Peripheral/src/ch32v00x_gpio.o
 .text.GPIO_ResetBits
                0x0000000000000000        0x4 ./Peripheral/src/ch32v00x_gpio.o
 .text.GPIO_Write
                0x0000000000000000        0x4 ./Peripheral/src/ch32v00x_gpio.o
 .text.GPIO_PinLockConfig
                0x0000000000000000       0x10 ./Peripheral/src/ch32v00x_gpio.o
 .text.GPIO_PinRemapConfig
                0x0000000000000000       0xc4 ./Peripheral/src/ch32v00x_gpio.o
 .text.GPIO_EXTILineConfig
                0x0000000000000000       0x22 ./Peripheral/src/ch32v00x_gpio.o
 .text.GPIO_IPD_Unused
                0x0000000000000000       0xa4 ./Peripheral/src/ch32v00x_gpio.o
 .text          0x0000000000000000        0x0 ./Peripheral/src/ch32v00x_i2c.o
 .data          0x0000000000000000        0x0 ./Peripheral/src/ch32v00x_i2c.o
 .bss           0x0000000000000000        0x0 ./Peripheral/src/ch32v00x_i2c.o
 .text.I2C_DeInit
                0x0000000000000000       0x3a ./Peripheral/src/ch32v00x_i2c.o
 .text.I2C_StructInit
                0x0000000000000000       0x18 ./Peripheral/src/ch32v00x_i2c.o
 .text.I2C_DMACmd
                0x0000000000000000       0x1e ./Peripheral/src/ch32v00x_i2c.o
 .text.I2C_DMALastTransferCmd
                0x0000000000000000       0x16 ./Peripheral/src/ch32v00x_i2c.o
 .text.I2C_OwnAddress2Config
                0x0000000000000000       0x14 ./Peripheral/src/ch32v00x_i2c.o
 .text.I2C_DualAddressCmd
                0x0000000000000000       0x18 ./Peripheral/src/ch32v00x_i2c.o
 .text.I2C_GeneralCallCmd
                0x0000000000000000       0x1a ./Peripheral/src/ch32v00x_i2c.o
 .text.I2C_ITConfig
                0x0000000000000000       0x12 ./Peripheral/src/ch32v00x_i2c.o
 .text.I2C_ReceiveData
                0x0000000000000000        0x8 ./Peripheral/src/ch32v00x_i2c.o
 .text.I2C_ReadRegister
                0x0000000000000000       0x14 ./Peripheral/src/ch32v00x_i2c.o
 .text.I2C_SoftwareResetCmd
                0x0000000000000000       0x12 ./Peripheral/src/ch32v00x_i2c.o
 .text.I2C_NACKPositionConfig
                0x0000000000000000       0x22 ./Peripheral/src/ch32v00x_i2c.o
 .text.I2C_TransmitPEC
                0x0000000000000000       0x16 ./Peripheral/src/ch32v00x_i2c.o
 .text.I2C_PECPositionConfig
                0x0000000000000000       0x18 ./Peripheral/src/ch32v00x_i2c.o
 .text.I2C_CalculatePEC
                0x0000000000000000       0x1a ./Peripheral/src/ch32v00x_i2c.o
 .text.I2C_GetPEC
                0x0000000000000000        0x6 ./Peripheral/src/ch32v00x_i2c.o
 .text.I2C_ARPCmd
                0x0000000000000000       0x18 ./Peripheral/src/ch32v00x_i2c.o
 .text.I2C_StretchClockCmd
                0x0000000000000000       0x1a ./Peripheral/src/ch32v00x_i2c.o
 .text.I2C_FastModeDutyCycleConfig
                0x0000000000000000       0x1a ./Peripheral/src/ch32v00x_i2c.o
 .text.I2C_GetLastEvent
                0x0000000000000000        0xe ./Peripheral/src/ch32v00x_i2c.o
 .text.I2C_ClearFlag
                0x0000000000000000        0xc ./Peripheral/src/ch32v00x_i2c.o
 .text.I2C_GetITStatus
                0x0000000000000000       0x20 ./Peripheral/src/ch32v00x_i2c.o
 .text.I2C_ClearITPendingBit
                0x0000000000000000        0xc ./Peripheral/src/ch32v00x_i2c.o
 .text          0x0000000000000000        0x0 ./Peripheral/src/ch32v00x_iwdg.o
 .data          0x0000000000000000        0x0 ./Peripheral/src/ch32v00x_iwdg.o
 .bss           0x0000000000000000        0x0 ./Peripheral/src/ch32v00x_iwdg.o
 .text.IWDG_WriteAccessCmd
                0x0000000000000000        0x8 ./Peripheral/src/ch32v00x_iwdg.o
 .text.IWDG_SetPrescaler
                0x0000000000000000        0x8 ./Peripheral/src/ch32v00x_iwdg.o
 .text.IWDG_SetReload
                0x0000000000000000        0x8 ./Peripheral/src/ch32v00x_iwdg.o
 .text.IWDG_ReloadCounter
                0x0000000000000000        0xe ./Peripheral/src/ch32v00x_iwdg.o
 .text.IWDG_Enable
                0x0000000000000000        0xe ./Peripheral/src/ch32v00x_iwdg.o
 .text.IWDG_GetFlagStatus
                0x0000000000000000        0xe ./Peripheral/src/ch32v00x_iwdg.o
 .debug_info    0x0000000000000000      0xaae ./Peripheral/src/ch32v00x_iwdg.o
 .debug_abbrev  0x0000000000000000      0x282 ./Peripheral/src/ch32v00x_iwdg.o
 .debug_loc     0x0000000000000000       0x68 ./Peripheral/src/ch32v00x_iwdg.o
 .debug_aranges
                0x0000000000000000       0x48 ./Peripheral/src/ch32v00x_iwdg.o
 .debug_ranges  0x0000000000000000       0x38 ./Peripheral/src/ch32v00x_iwdg.o
 .debug_line    0x0000000000000000      0x3a8 ./Peripheral/src/ch32v00x_iwdg.o
 .debug_str     0x0000000000000000      0x6b8 ./Peripheral/src/ch32v00x_iwdg.o
 .comment       0x0000000000000000       0x34 ./Peripheral/src/ch32v00x_iwdg.o
 .debug_frame   0x0000000000000000       0x70 ./Peripheral/src/ch32v00x_iwdg.o
 .text          0x0000000000000000        0x0 ./Peripheral/src/ch32v00x_misc.o
 .data          0x0000000000000000        0x0 ./Peripheral/src/ch32v00x_misc.o
 .bss           0x0000000000000000        0x0 ./Peripheral/src/ch32v00x_misc.o
 .text.NVIC_Init
                0x0000000000000000       0xaa ./Peripheral/src/ch32v00x_misc.o
 .text          0x0000000000000000        0x0 ./Peripheral/src/ch32v00x_opa.o
 .data          0x0000000000000000        0x0 ./Peripheral/src/ch32v00x_opa.o
 .bss           0x0000000000000000        0x0 ./Peripheral/src/ch32v00x_opa.o
 .text.OPA_DeInit
                0x0000000000000000       0x16 ./Peripheral/src/ch32v00x_opa.o
 .text.OPA_Init
                0x0000000000000000       0x22 ./Peripheral/src/ch32v00x_opa.o
 .text.OPA_StructInit
                0x0000000000000000        0xa ./Peripheral/src/ch32v00x_opa.o
 .text.OPA_Cmd  0x0000000000000000       0x2c ./Peripheral/src/ch32v00x_opa.o
 .debug_info    0x0000000000000000      0xaa5 ./Peripheral/src/ch32v00x_opa.o
 .debug_abbrev  0x0000000000000000      0x230 ./Peripheral/src/ch32v00x_opa.o
 .debug_loc     0x0000000000000000       0x35 ./Peripheral/src/ch32v00x_opa.o
 .debug_aranges
                0x0000000000000000       0x38 ./Peripheral/src/ch32v00x_opa.o
 .debug_ranges  0x0000000000000000       0x28 ./Peripheral/src/ch32v00x_opa.o
 .debug_line    0x0000000000000000      0x3e2 ./Peripheral/src/ch32v00x_opa.o
 .debug_str     0x0000000000000000      0x686 ./Peripheral/src/ch32v00x_opa.o
 .comment       0x0000000000000000       0x34 ./Peripheral/src/ch32v00x_opa.o
 .debug_frame   0x0000000000000000       0x50 ./Peripheral/src/ch32v00x_opa.o
 .text          0x0000000000000000        0x0 ./Peripheral/src/ch32v00x_pwr.o
 .data          0x0000000000000000        0x0 ./Peripheral/src/ch32v00x_pwr.o
 .bss           0x0000000000000000        0x0 ./Peripheral/src/ch32v00x_pwr.o
 .text.PWR_DeInit
                0x0000000000000000       0x2c ./Peripheral/src/ch32v00x_pwr.o
 .text.PWR_PVDCmd
                0x0000000000000000       0x14 ./Peripheral/src/ch32v00x_pwr.o
 .text.PWR_PVDLevelConfig
                0x0000000000000000       0x10 ./Peripheral/src/ch32v00x_pwr.o
 .text.PWR_AutoWakeUpCmd
                0x0000000000000000       0x14 ./Peripheral/src/ch32v00x_pwr.o
 .text.PWR_AWU_SetPrescaler
                0x0000000000000000        0xe ./Peripheral/src/ch32v00x_pwr.o
 .text.PWR_AWU_SetWindowValue
                0x0000000000000000       0x1e ./Peripheral/src/ch32v00x_pwr.o
 .text.PWR_EnterSTANDBYMode
                0x0000000000000000       0x82 ./Peripheral/src/ch32v00x_pwr.o
 .text.PWR_GetFlagStatus
                0x0000000000000000        0xe ./Peripheral/src/ch32v00x_pwr.o
 .debug_info    0x0000000000000000      0xe7f ./Peripheral/src/ch32v00x_pwr.o
 .debug_abbrev  0x0000000000000000      0x34a ./Peripheral/src/ch32v00x_pwr.o
 .debug_loc     0x0000000000000000      0x12a ./Peripheral/src/ch32v00x_pwr.o
 .debug_aranges
                0x0000000000000000       0x58 ./Peripheral/src/ch32v00x_pwr.o
 .debug_ranges  0x0000000000000000       0x88 ./Peripheral/src/ch32v00x_pwr.o
 .debug_line    0x0000000000000000      0x650 ./Peripheral/src/ch32v00x_pwr.o
 .debug_str     0x0000000000000000      0x7f9 ./Peripheral/src/ch32v00x_pwr.o
 .comment       0x0000000000000000       0x34 ./Peripheral/src/ch32v00x_pwr.o
 .debug_frame   0x0000000000000000       0xa4 ./Peripheral/src/ch32v00x_pwr.o
 .text          0x0000000000000000        0x0 ./Peripheral/src/ch32v00x_rcc.o
 .data          0x0000000000000000        0x0 ./Peripheral/src/ch32v00x_rcc.o
 .bss           0x0000000000000000        0x0 ./Peripheral/src/ch32v00x_rcc.o
 .text.RCC_DeInit
                0x0000000000000000       0x40 ./Peripheral/src/ch32v00x_rcc.o
 .text.RCC_HSEConfig
                0x0000000000000000       0x3c ./Peripheral/src/ch32v00x_rcc.o
 .text.RCC_AdjustHSICalibrationValue
                0x0000000000000000       0x12 ./Peripheral/src/ch32v00x_rcc.o
 .text.RCC_HSICmd
                0x0000000000000000       0x14 ./Peripheral/src/ch32v00x_rcc.o
 .text.RCC_PLLConfig
                0x0000000000000000       0x14 ./Peripheral/src/ch32v00x_rcc.o
 .text.RCC_PLLCmd
                0x0000000000000000       0x24 ./Peripheral/src/ch32v00x_rcc.o
 .text.RCC_SYSCLKConfig
                0x0000000000000000        0xe ./Peripheral/src/ch32v00x_rcc.o
 .text.RCC_GetSYSCLKSource
                0x0000000000000000        0xa ./Peripheral/src/ch32v00x_rcc.o
 .text.RCC_HCLKConfig
                0x0000000000000000       0x10 ./Peripheral/src/ch32v00x_rcc.o
 .text.RCC_ITConfig
                0x0000000000000000       0x16 ./Peripheral/src/ch32v00x_rcc.o
 .text.RCC_ADCCLKConfig
                0x0000000000000000       0x14 ./Peripheral/src/ch32v00x_rcc.o
 .text.RCC_LSICmd
                0x0000000000000000       0x14 ./Peripheral/src/ch32v00x_rcc.o
 .text.RCC_AHBPeriphClockCmd
                0x0000000000000000       0x1e ./Peripheral/src/ch32v00x_rcc.o
 .text.RCC_APB2PeriphResetCmd
                0x0000000000000000       0x1e ./Peripheral/src/ch32v00x_rcc.o
 .text.RCC_APB1PeriphResetCmd
                0x0000000000000000       0x1e ./Peripheral/src/ch32v00x_rcc.o
 .text.RCC_ClockSecuritySystemCmd
                0x0000000000000000       0x24 ./Peripheral/src/ch32v00x_rcc.o
 .text.RCC_MCOConfig
                0x0000000000000000        0x8 ./Peripheral/src/ch32v00x_rcc.o
 .text.RCC_GetFlagStatus
                0x0000000000000000       0x20 ./Peripheral/src/ch32v00x_rcc.o
 .text.RCC_WaitForHSEStartUp
                0x0000000000000000       0x42 ./Peripheral/src/ch32v00x_rcc.o
 .text.RCC_ClearFlag
                0x0000000000000000       0x10 ./Peripheral/src/ch32v00x_rcc.o
 .text.RCC_GetITStatus
                0x0000000000000000        0xe ./Peripheral/src/ch32v00x_rcc.o
 .text.RCC_ClearITPendingBit
                0x0000000000000000        0x8 ./Peripheral/src/ch32v00x_rcc.o
 .text          0x0000000000000000        0x0 ./Peripheral/src/ch32v00x_spi.o
 .data          0x0000000000000000        0x0 ./Peripheral/src/ch32v00x_spi.o
 .bss           0x0000000000000000        0x0 ./Peripheral/src/ch32v00x_spi.o
 .text.SPI_I2S_DeInit
                0x0000000000000000       0x32 ./Peripheral/src/ch32v00x_spi.o
 .text.SPI_Init
                0x0000000000000000       0x32 ./Peripheral/src/ch32v00x_spi.o
 .text.SPI_StructInit
                0x0000000000000000       0x22 ./Peripheral/src/ch32v00x_spi.o
 .text.SPI_Cmd  0x0000000000000000       0x1a ./Peripheral/src/ch32v00x_spi.o
 .text.SPI_I2S_ITConfig
                0x0000000000000000       0x1e ./Peripheral/src/ch32v00x_spi.o
 .text.SPI_I2S_DMACmd
                0x0000000000000000       0x12 ./Peripheral/src/ch32v00x_spi.o
 .text.SPI_I2S_SendData
                0x0000000000000000        0x4 ./Peripheral/src/ch32v00x_spi.o
 .text.SPI_I2S_ReceiveData
                0x0000000000000000        0x4 ./Peripheral/src/ch32v00x_spi.o
 .text.SPI_NSSInternalSoftwareConfig
                0x0000000000000000       0x24 ./Peripheral/src/ch32v00x_spi.o
 .text.SPI_SSOutputCmd
                0x0000000000000000       0x18 ./Peripheral/src/ch32v00x_spi.o
 .text.SPI_DataSizeConfig
                0x0000000000000000       0x14 ./Peripheral/src/ch32v00x_spi.o
 .text.SPI_TransmitCRC
                0x0000000000000000        0xa ./Peripheral/src/ch32v00x_spi.o
 .text.SPI_CalculateCRC
                0x0000000000000000       0x16 ./Peripheral/src/ch32v00x_spi.o
 .text.SPI_GetCRC
                0x0000000000000000       0x12 ./Peripheral/src/ch32v00x_spi.o
 .text.SPI_GetCRCPolynomial
                0x0000000000000000        0x4 ./Peripheral/src/ch32v00x_spi.o
 .text.SPI_BiDirectionalLineConfig
                0x0000000000000000       0x1a ./Peripheral/src/ch32v00x_spi.o
 .text.SPI_I2S_GetFlagStatus
                0x0000000000000000        0xa ./Peripheral/src/ch32v00x_spi.o
 .text.SPI_I2S_ClearFlag
                0x0000000000000000        0xc ./Peripheral/src/ch32v00x_spi.o
 .text.SPI_I2S_GetITStatus
                0x0000000000000000       0x28 ./Peripheral/src/ch32v00x_spi.o
 .text.SPI_I2S_ClearITPendingBit
                0x0000000000000000       0x14 ./Peripheral/src/ch32v00x_spi.o
 .debug_info    0x0000000000000000     0x1067 ./Peripheral/src/ch32v00x_spi.o
 .debug_abbrev  0x0000000000000000      0x303 ./Peripheral/src/ch32v00x_spi.o
 .debug_loc     0x0000000000000000      0x429 ./Peripheral/src/ch32v00x_spi.o
 .debug_aranges
                0x0000000000000000       0xb8 ./Peripheral/src/ch32v00x_spi.o
 .debug_ranges  0x0000000000000000       0xa8 ./Peripheral/src/ch32v00x_spi.o
 .debug_line    0x0000000000000000      0x9ce ./Peripheral/src/ch32v00x_spi.o
 .debug_str     0x0000000000000000      0x952 ./Peripheral/src/ch32v00x_spi.o
 .comment       0x0000000000000000       0x34 ./Peripheral/src/ch32v00x_spi.o
 .debug_frame   0x0000000000000000      0x15c ./Peripheral/src/ch32v00x_spi.o
 .text          0x0000000000000000        0x0 ./Peripheral/src/ch32v00x_tim.o
 .data          0x0000000000000000        0x0 ./Peripheral/src/ch32v00x_tim.o
 .bss           0x0000000000000000        0x0 ./Peripheral/src/ch32v00x_tim.o
 .text.TI1_Config
                0x0000000000000000       0x5a ./Peripheral/src/ch32v00x_tim.o
 .text.TI2_Config
                0x0000000000000000       0x70 ./Peripheral/src/ch32v00x_tim.o
 .text.TIM_DeInit
                0x0000000000000000       0x5c ./Peripheral/src/ch32v00x_tim.o
 .text.TIM_TimeBaseInit
                0x0000000000000000       0x4e ./Peripheral/src/ch32v00x_tim.o
 .text.TIM_OC1Init
                0x0000000000000000       0x6a ./Peripheral/src/ch32v00x_tim.o
 .text.TIM_OC2Init
                0x0000000000000000       0x96 ./Peripheral/src/ch32v00x_tim.o
 .text.TIM_OC3Init
                0x0000000000000000       0x94 ./Peripheral/src/ch32v00x_tim.o
 .text.TIM_OC4Init
                0x0000000000000000       0x6e ./Peripheral/src/ch32v00x_tim.o
 .text.TIM_BDTRConfig
                0x0000000000000000       0x20 ./Peripheral/src/ch32v00x_tim.o
 .text.TIM_TimeBaseStructInit
                0x0000000000000000       0x16 ./Peripheral/src/ch32v00x_tim.o
 .text.TIM_OCStructInit
                0x0000000000000000       0x22 ./Peripheral/src/ch32v00x_tim.o
 .text.TIM_ICStructInit
                0x0000000000000000       0x16 ./Peripheral/src/ch32v00x_tim.o
 .text.TIM_BDTRStructInit
                0x0000000000000000       0x1e ./Peripheral/src/ch32v00x_tim.o
 .text.TIM_Cmd  0x0000000000000000       0x18 ./Peripheral/src/ch32v00x_tim.o
 .text.TIM_CtrlPWMOutputs
                0x0000000000000000       0x16 ./Peripheral/src/ch32v00x_tim.o
 .text.TIM_ITConfig
                0x0000000000000000       0x12 ./Peripheral/src/ch32v00x_tim.o
 .text.TIM_GenerateEvent
                0x0000000000000000        0x4 ./Peripheral/src/ch32v00x_tim.o
 .text.TIM_DMAConfig
                0x0000000000000000        0x8 ./Peripheral/src/ch32v00x_tim.o
 .text.TIM_DMACmd
                0x0000000000000000       0x18 ./Peripheral/src/ch32v00x_tim.o
 .text.TIM_InternalClockConfig
                0x0000000000000000       0x10 ./Peripheral/src/ch32v00x_tim.o
 .text.TIM_ITRxExternalClockConfig
                0x0000000000000000       0x18 ./Peripheral/src/ch32v00x_tim.o
 .text.TIM_TIxExternalClockConfig
                0x0000000000000000       0x48 ./Peripheral/src/ch32v00x_tim.o
 .text.TIM_ETRConfig
                0x0000000000000000       0x16 ./Peripheral/src/ch32v00x_tim.o
 .text.TIM_ETRClockMode1Config
                0x0000000000000000       0x2a ./Peripheral/src/ch32v00x_tim.o
 .text.TIM_ETRClockMode2Config
                0x0000000000000000       0x22 ./Peripheral/src/ch32v00x_tim.o
 .text.TIM_PrescalerConfig
                0x0000000000000000        0x6 ./Peripheral/src/ch32v00x_tim.o
 .text.TIM_CounterModeConfig
                0x0000000000000000       0x10 ./Peripheral/src/ch32v00x_tim.o
 .text.TIM_SelectInputTrigger
                0x0000000000000000       0x10 ./Peripheral/src/ch32v00x_tim.o
 .text.TIM_EncoderInterfaceConfig
                0x0000000000000000       0x3c ./Peripheral/src/ch32v00x_tim.o
 .text.TIM_ForcedOC1Config
                0x0000000000000000       0x10 ./Peripheral/src/ch32v00x_tim.o
 .text.TIM_ForcedOC2Config
                0x0000000000000000       0x14 ./Peripheral/src/ch32v00x_tim.o
 .text.TIM_ForcedOC3Config
                0x0000000000000000       0x10 ./Peripheral/src/ch32v00x_tim.o
 .text.TIM_ForcedOC4Config
                0x0000000000000000       0x14 ./Peripheral/src/ch32v00x_tim.o
 .text.TIM_ARRPreloadConfig
                0x0000000000000000       0x1a ./Peripheral/src/ch32v00x_tim.o
 .text.TIM_SelectCOM
                0x0000000000000000       0x18 ./Peripheral/src/ch32v00x_tim.o
 .text.TIM_SelectCCDMA
                0x0000000000000000       0x18 ./Peripheral/src/ch32v00x_tim.o
 .text.TIM_CCPreloadControl
                0x0000000000000000       0x18 ./Peripheral/src/ch32v00x_tim.o
 .text.TIM_OC1PreloadConfig
                0x0000000000000000        0xe ./Peripheral/src/ch32v00x_tim.o
 .text.TIM_OC2PreloadConfig
                0x0000000000000000       0x16 ./Peripheral/src/ch32v00x_tim.o
 .text.TIM_OC3PreloadConfig
                0x0000000000000000        0xe ./Peripheral/src/ch32v00x_tim.o
 .text.TIM_OC4PreloadConfig
                0x0000000000000000       0x16 ./Peripheral/src/ch32v00x_tim.o
 .text.TIM_OC1FastConfig
                0x0000000000000000        0xe ./Peripheral/src/ch32v00x_tim.o
 .text.TIM_OC2FastConfig
                0x0000000000000000       0x16 ./Peripheral/src/ch32v00x_tim.o
 .text.TIM_OC3FastConfig
                0x0000000000000000        0xe ./Peripheral/src/ch32v00x_tim.o
 .text.TIM_OC4FastConfig
                0x0000000000000000       0x16 ./Peripheral/src/ch32v00x_tim.o
 .text.TIM_ClearOC1Ref
                0x0000000000000000       0x10 ./Peripheral/src/ch32v00x_tim.o
 .text.TIM_ClearOC2Ref
                0x0000000000000000       0x12 ./Peripheral/src/ch32v00x_tim.o
 .text.TIM_ClearOC3Ref
                0x0000000000000000       0x10 ./Peripheral/src/ch32v00x_tim.o
 .text.TIM_ClearOC4Ref
                0x0000000000000000       0x12 ./Peripheral/src/ch32v00x_tim.o
 .text.TIM_OC1PolarityConfig
                0x0000000000000000        0xe ./Peripheral/src/ch32v00x_tim.o
 .text.TIM_OC1NPolarityConfig
                0x0000000000000000        0xe ./Peripheral/src/ch32v00x_tim.o
 .text.TIM_OC2PolarityConfig
                0x0000000000000000       0x16 ./Peripheral/src/ch32v00x_tim.o
 .text.TIM_OC2NPolarityConfig
                0x0000000000000000       0x16 ./Peripheral/src/ch32v00x_tim.o
 .text.TIM_OC3PolarityConfig
                0x0000000000000000       0x16 ./Peripheral/src/ch32v00x_tim.o
 .text.TIM_OC3NPolarityConfig
                0x0000000000000000       0x16 ./Peripheral/src/ch32v00x_tim.o
 .text.TIM_OC4PolarityConfig
                0x0000000000000000       0x14 ./Peripheral/src/ch32v00x_tim.o
 .text.TIM_CCxCmd
                0x0000000000000000       0x20 ./Peripheral/src/ch32v00x_tim.o
 .text.TIM_CCxNCmd
                0x0000000000000000       0x20 ./Peripheral/src/ch32v00x_tim.o
 .text.TIM_SelectOCxM
                0x0000000000000000       0x4c ./Peripheral/src/ch32v00x_tim.o
 .text.TIM_UpdateDisableConfig
                0x0000000000000000       0x18 ./Peripheral/src/ch32v00x_tim.o
 .text.TIM_UpdateRequestConfig
                0x0000000000000000       0x18 ./Peripheral/src/ch32v00x_tim.o
 .text.TIM_SelectHallSensor
                0x0000000000000000       0x1a ./Peripheral/src/ch32v00x_tim.o
 .text.TIM_SelectOnePulseMode
                0x0000000000000000       0x16 ./Peripheral/src/ch32v00x_tim.o
 .text.TIM_SelectOutputTrigger
                0x0000000000000000       0x18 ./Peripheral/src/ch32v00x_tim.o
 .text.TIM_SelectSlaveMode
                0x0000000000000000       0x16 ./Peripheral/src/ch32v00x_tim.o
 .text.TIM_SelectMasterSlaveMode
                0x0000000000000000       0x18 ./Peripheral/src/ch32v00x_tim.o
 .text.TIM_SetCounter
                0x0000000000000000        0x4 ./Peripheral/src/ch32v00x_tim.o
 .text.TIM_SetAutoreload
                0x0000000000000000        0x4 ./Peripheral/src/ch32v00x_tim.o
 .text.TIM_SetCompare1
                0x0000000000000000        0x4 ./Peripheral/src/ch32v00x_tim.o
 .text.TIM_SetCompare2
                0x0000000000000000        0x4 ./Peripheral/src/ch32v00x_tim.o
 .text.TIM_SetCompare3
                0x0000000000000000        0x4 ./Peripheral/src/ch32v00x_tim.o
 .text.TIM_SetCompare4
                0x0000000000000000        0x4 ./Peripheral/src/ch32v00x_tim.o
 .text.TIM_SetIC1Prescaler
                0x0000000000000000       0x16 ./Peripheral/src/ch32v00x_tim.o
 .text.TIM_SetIC2Prescaler
                0x0000000000000000       0x1a ./Peripheral/src/ch32v00x_tim.o
 .text.TIM_PWMIConfig
                0x0000000000000000       0xa4 ./Peripheral/src/ch32v00x_tim.o
 .text.TIM_SetIC3Prescaler
                0x0000000000000000       0x16 ./Peripheral/src/ch32v00x_tim.o
 .text.TIM_SetIC4Prescaler
                0x0000000000000000       0x1a ./Peripheral/src/ch32v00x_tim.o
 .text.TIM_ICInit
                0x0000000000000000      0x14e ./Peripheral/src/ch32v00x_tim.o
 .text.TIM_SetClockDivision
                0x0000000000000000       0x18 ./Peripheral/src/ch32v00x_tim.o
 .text.TIM_GetCapture1
                0x0000000000000000        0x8 ./Peripheral/src/ch32v00x_tim.o
 .text.TIM_GetCapture2
                0x0000000000000000        0x8 ./Peripheral/src/ch32v00x_tim.o
 .text.TIM_GetCapture3
                0x0000000000000000        0x8 ./Peripheral/src/ch32v00x_tim.o
 .text.TIM_GetCapture4
                0x0000000000000000        0x8 ./Peripheral/src/ch32v00x_tim.o
 .text.TIM_GetCounter
                0x0000000000000000        0x4 ./Peripheral/src/ch32v00x_tim.o
 .text.TIM_GetPrescaler
                0x0000000000000000        0x4 ./Peripheral/src/ch32v00x_tim.o
 .text.TIM_GetFlagStatus
                0x0000000000000000        0xa ./Peripheral/src/ch32v00x_tim.o
 .text.TIM_ClearFlag
                0x0000000000000000        0xc ./Peripheral/src/ch32v00x_tim.o
 .text.TIM_GetITStatus
                0x0000000000000000       0x18 ./Peripheral/src/ch32v00x_tim.o
 .text.TIM_ClearITPendingBit
                0x0000000000000000        0xc ./Peripheral/src/ch32v00x_tim.o
 .debug_info    0x0000000000000000     0x2949 ./Peripheral/src/ch32v00x_tim.o
 .debug_abbrev  0x0000000000000000      0x408 ./Peripheral/src/ch32v00x_tim.o
 .debug_loc     0x0000000000000000     0x1936 ./Peripheral/src/ch32v00x_tim.o
 .debug_aranges
                0x0000000000000000      0x2d0 ./Peripheral/src/ch32v00x_tim.o
 .debug_ranges  0x0000000000000000      0x2f0 ./Peripheral/src/ch32v00x_tim.o
 .debug_line    0x0000000000000000     0x2ff8 ./Peripheral/src/ch32v00x_tim.o
 .debug_str     0x0000000000000000     0x1268 ./Peripheral/src/ch32v00x_tim.o
 .comment       0x0000000000000000       0x34 ./Peripheral/src/ch32v00x_tim.o
 .debug_frame   0x0000000000000000      0x614 ./Peripheral/src/ch32v00x_tim.o
 .text          0x0000000000000000        0x0 ./Peripheral/src/ch32v00x_usart.o
 .data          0x0000000000000000        0x0 ./Peripheral/src/ch32v00x_usart.o
 .bss           0x0000000000000000        0x0 ./Peripheral/src/ch32v00x_usart.o
 .text.USART_DeInit
                0x0000000000000000       0x36 ./Peripheral/src/ch32v00x_usart.o
 .text.USART_StructInit
                0x0000000000000000       0x18 ./Peripheral/src/ch32v00x_usart.o
 .text.USART_ClockInit
                0x0000000000000000       0x1e ./Peripheral/src/ch32v00x_usart.o
 .text.USART_ClockStructInit
                0x0000000000000000       0x12 ./Peripheral/src/ch32v00x_usart.o
 .text.USART_ITConfig
                0x0000000000000000       0x36 ./Peripheral/src/ch32v00x_usart.o
 .text.USART_DMACmd
                0x0000000000000000       0x12 ./Peripheral/src/ch32v00x_usart.o
 .text.USART_SetAddress
                0x0000000000000000       0x16 ./Peripheral/src/ch32v00x_usart.o
 .text.USART_WakeUpConfig
                0x0000000000000000       0x14 ./Peripheral/src/ch32v00x_usart.o
 .text.USART_ReceiverWakeUpCmd
                0x0000000000000000       0x18 ./Peripheral/src/ch32v00x_usart.o
 .text.USART_LINBreakDetectLengthConfig
                0x0000000000000000       0x18 ./Peripheral/src/ch32v00x_usart.o
 .text.USART_LINCmd
                0x0000000000000000       0x16 ./Peripheral/src/ch32v00x_usart.o
 .text.USART_ReceiveData
                0x0000000000000000        0x8 ./Peripheral/src/ch32v00x_usart.o
 .text.USART_SendBreak
                0x0000000000000000        0xa ./Peripheral/src/ch32v00x_usart.o
 .text.USART_SetGuardTime
                0x0000000000000000       0x12 ./Peripheral/src/ch32v00x_usart.o
 .text.USART_SetPrescaler
                0x0000000000000000       0x18 ./Peripheral/src/ch32v00x_usart.o
 .text.USART_SmartCardCmd
                0x0000000000000000       0x1a ./Peripheral/src/ch32v00x_usart.o
 .text.USART_SmartCardNACKCmd
                0x0000000000000000       0x18 ./Peripheral/src/ch32v00x_usart.o
 .text.USART_HalfDuplexCmd
                0x0000000000000000       0x18 ./Peripheral/src/ch32v00x_usart.o
 .text.USART_OverSampling8Cmd
                0x0000000000000000       0x12 ./Peripheral/src/ch32v00x_usart.o
 .text.USART_OneBitMethodCmd
                0x0000000000000000       0x1e ./Peripheral/src/ch32v00x_usart.o
 .text.USART_IrDAConfig
                0x0000000000000000       0x16 ./Peripheral/src/ch32v00x_usart.o
 .text.USART_IrDACmd
                0x0000000000000000       0x18 ./Peripheral/src/ch32v00x_usart.o
 .text.USART_ClearFlag
                0x0000000000000000        0xc ./Peripheral/src/ch32v00x_usart.o
 .text.USART_GetITStatus
                0x0000000000000000       0x3c ./Peripheral/src/ch32v00x_usart.o
 .text.USART_ClearITPendingBit
                0x0000000000000000       0x14 ./Peripheral/src/ch32v00x_usart.o
 .text          0x0000000000000000        0x0 ./Peripheral/src/ch32v00x_wwdg.o
 .data          0x0000000000000000        0x0 ./Peripheral/src/ch32v00x_wwdg.o
 .bss           0x0000000000000000        0x0 ./Peripheral/src/ch32v00x_wwdg.o
 .text.WWDG_DeInit
                0x0000000000000000       0x2e ./Peripheral/src/ch32v00x_wwdg.o
 .text.WWDG_SetPrescaler
                0x0000000000000000       0x14 ./Peripheral/src/ch32v00x_wwdg.o
 .text.WWDG_SetWindowValue
                0x0000000000000000       0x26 ./Peripheral/src/ch32v00x_wwdg.o
 .text.WWDG_EnableIT
                0x0000000000000000       0x12 ./Peripheral/src/ch32v00x_wwdg.o
 .text.WWDG_SetCounter
                0x0000000000000000        0xe ./Peripheral/src/ch32v00x_wwdg.o
 .text.WWDG_Enable
                0x0000000000000000        0xe ./Peripheral/src/ch32v00x_wwdg.o
 .text.WWDG_GetFlagStatus
                0x0000000000000000        0xa ./Peripheral/src/ch32v00x_wwdg.o
 .text.WWDG_ClearFlag
                0x0000000000000000        0xa ./Peripheral/src/ch32v00x_wwdg.o
 .debug_info    0x0000000000000000      0xb27 ./Peripheral/src/ch32v00x_wwdg.o
 .debug_abbrev  0x0000000000000000      0x29d ./Peripheral/src/ch32v00x_wwdg.o
 .debug_loc     0x0000000000000000       0xae ./Peripheral/src/ch32v00x_wwdg.o
 .debug_aranges
                0x0000000000000000       0x58 ./Peripheral/src/ch32v00x_wwdg.o
 .debug_ranges  0x0000000000000000       0x48 ./Peripheral/src/ch32v00x_wwdg.o
 .debug_line    0x0000000000000000      0x490 ./Peripheral/src/ch32v00x_wwdg.o
 .debug_str     0x0000000000000000      0x6cb ./Peripheral/src/ch32v00x_wwdg.o
 .comment       0x0000000000000000       0x34 ./Peripheral/src/ch32v00x_wwdg.o
 .debug_frame   0x0000000000000000       0xa4 ./Peripheral/src/ch32v00x_wwdg.o
 .text          0x0000000000000000        0x0 ./HAL/i2c_hal.o
 .data          0x0000000000000000        0x0 ./HAL/i2c_hal.o
 .bss           0x0000000000000000        0x0 ./HAL/i2c_hal.o
 .text.HAL_I2C_Receive
                0x0000000000000000      0x1ae ./HAL/i2c_hal.o
 .text.HAL_I2C_Mem_Read
                0x0000000000000000      0x298 ./HAL/i2c_hal.o
 .text          0x0000000000000000        0x0 ./HAL/spi_hal.o
 .data          0x0000000000000000        0x0 ./HAL/spi_hal.o
 .bss           0x0000000000000000        0x0 ./HAL/spi_hal.o
 .text.HAL_SPI_Init
                0x0000000000000000       0xc4 ./HAL/spi_hal.o
 .text.HAL_SPI_Write
                0x0000000000000000       0x9a ./HAL/spi_hal.o
 .text.HAL_SPI_Read
                0x0000000000000000        0x4 ./HAL/spi_hal.o
 .debug_info    0x0000000000000000      0xf25 ./HAL/spi_hal.o
 .debug_abbrev  0x0000000000000000      0x2b2 ./HAL/spi_hal.o
 .debug_loc     0x0000000000000000      0x138 ./HAL/spi_hal.o
 .debug_aranges
                0x0000000000000000       0x30 ./HAL/spi_hal.o
 .debug_ranges  0x0000000000000000       0x20 ./HAL/spi_hal.o
 .debug_line    0x0000000000000000      0x663 ./HAL/spi_hal.o
 .debug_str     0x0000000000000000      0x940 ./HAL/spi_hal.o
 .comment       0x0000000000000000       0x34 ./HAL/spi_hal.o
 .debug_frame   0x0000000000000000       0x70 ./HAL/spi_hal.o
 .text          0x0000000000000000        0x0 ./HAL/systick_hal.o
 .data          0x0000000000000000        0x0 ./HAL/systick_hal.o
 .bss           0x0000000000000000        0x0 ./HAL/systick_hal.o
 .text          0x0000000000000000        0x0 ./Debug/debug.o
 .data          0x0000000000000000        0x0 ./Debug/debug.o
 .bss           0x0000000000000000        0x0 ./Debug/debug.o
 .text.Delay_Us
                0x0000000000000000       0x4a ./Debug/debug.o
 .text.Delay_Ms
                0x0000000000000000       0x4a ./Debug/debug.o
 .text._sbrk    0x0000000000000000       0x2e ./Debug/debug.o
 .data.curbrk.4068
                0x0000000000000000        0x4 ./Debug/debug.o
 .text          0x0000000000000000        0x0 ./Core/core_riscv.o
 .data          0x0000000000000000        0x0 ./Core/core_riscv.o
 .bss           0x0000000000000000        0x0 ./Core/core_riscv.o
 .text.__get_MSTATUS
                0x0000000000000000        0x6 ./Core/core_riscv.o
 .text.__set_MSTATUS
                0x0000000000000000        0x6 ./Core/core_riscv.o
 .text.__get_MISA
                0x0000000000000000        0x6 ./Core/core_riscv.o
 .text.__set_MISA
                0x0000000000000000        0x6 ./Core/core_riscv.o
 .text.__get_MTVEC
                0x0000000000000000        0x6 ./Core/core_riscv.o
 .text.__set_MTVEC
                0x0000000000000000        0x6 ./Core/core_riscv.o
 .text.__get_MSCRATCH
                0x0000000000000000        0x6 ./Core/core_riscv.o
 .text.__set_MSCRATCH
                0x0000000000000000        0x6 ./Core/core_riscv.o
 .text.__get_MEPC
                0x0000000000000000        0x6 ./Core/core_riscv.o
 .text.__set_MEPC
                0x0000000000000000        0x6 ./Core/core_riscv.o
 .text.__get_MCAUSE
                0x0000000000000000        0x6 ./Core/core_riscv.o
 .text.__set_MCAUSE
                0x0000000000000000        0x6 ./Core/core_riscv.o
 .text.__get_MVENDORID
                0x0000000000000000        0x6 ./Core/core_riscv.o
 .text.__get_MARCHID
                0x0000000000000000        0x6 ./Core/core_riscv.o
 .text.__get_MIMPID
                0x0000000000000000        0x6 ./Core/core_riscv.o
 .text.__get_MHARTID
                0x0000000000000000        0x6 ./Core/core_riscv.o
 .text.__get_SP
                0x0000000000000000        0x4 ./Core/core_riscv.o
 .debug_info    0x0000000000000000      0x324 ./Core/core_riscv.o
 .debug_abbrev  0x0000000000000000       0xe0 ./Core/core_riscv.o
 .debug_aranges
                0x0000000000000000       0xa0 ./Core/core_riscv.o
 .debug_ranges  0x0000000000000000       0x90 ./Core/core_riscv.o
 .debug_line    0x0000000000000000      0x412 ./Core/core_riscv.o
 .debug_str     0x0000000000000000      0x29d ./Core/core_riscv.o
 .comment       0x0000000000000000       0x34 ./Core/core_riscv.o
 .debug_frame   0x0000000000000000      0x120 ./Core/core_riscv.o
 .text          0x0000000000000000        0x0 d:/mounriver/mounriver_studio/toolchain/risc-v embedded gcc/bin/../lib/gcc/riscv-none-embed/8.2.0/../../../../riscv-none-embed/lib/rv32ecxw/ilp32e\libprintf.a(wchprintf.o)
 .data          0x0000000000000000        0x0 d:/mounriver/mounriver_studio/toolchain/risc-v embedded gcc/bin/../lib/gcc/riscv-none-embed/8.2.0/../../../../riscv-none-embed/lib/rv32ecxw/ilp32e\libprintf.a(wchprintf.o)
 .bss           0x0000000000000000        0x0 d:/mounriver/mounriver_studio/toolchain/risc-v embedded gcc/bin/../lib/gcc/riscv-none-embed/8.2.0/../../../../riscv-none-embed/lib/rv32ecxw/ilp32e\libprintf.a(wchprintf.o)
 .text.sprintf  0x0000000000000000       0x2c d:/mounriver/mounriver_studio/toolchain/risc-v embedded gcc/bin/../lib/gcc/riscv-none-embed/8.2.0/../../../../riscv-none-embed/lib/rv32ecxw/ilp32e\libprintf.a(wchprintf.o)
 .text.snprintf
                0x0000000000000000       0x2e d:/mounriver/mounriver_studio/toolchain/risc-v embedded gcc/bin/../lib/gcc/riscv-none-embed/8.2.0/../../../../riscv-none-embed/lib/rv32ecxw/ilp32e\libprintf.a(wchprintf.o)
 .text.putchar  0x0000000000000000       0x1c d:/mounriver/mounriver_studio/toolchain/risc-v embedded gcc/bin/../lib/gcc/riscv-none-embed/8.2.0/../../../../riscv-none-embed/lib/rv32ecxw/ilp32e\libprintf.a(wchprintf.o)
 .data          0x0000000000000000        0x0 d:/mounriver/mounriver_studio/toolchain/risc-v embedded gcc/bin/../lib/gcc/riscv-none-embed/8.2.0/rv32ecxw/ilp32e\libgcc.a(save-restore.o)
 .bss           0x0000000000000000        0x0 d:/mounriver/mounriver_studio/toolchain/risc-v embedded gcc/bin/../lib/gcc/riscv-none-embed/8.2.0/rv32ecxw/ilp32e\libgcc.a(save-restore.o)
 .eh_frame      0x0000000000000000       0x68 d:/mounriver/mounriver_studio/toolchain/risc-v embedded gcc/bin/../lib/gcc/riscv-none-embed/8.2.0/rv32ecxw/ilp32e\libgcc.a(save-restore.o)
 .data          0x0000000000000000        0x0 d:/mounriver/mounriver_studio/toolchain/risc-v embedded gcc/bin/../lib/gcc/riscv-none-embed/8.2.0/rv32ecxw/ilp32e\libgcc.a(muldi3.o)
 .bss           0x0000000000000000        0x0 d:/mounriver/mounriver_studio/toolchain/risc-v embedded gcc/bin/../lib/gcc/riscv-none-embed/8.2.0/rv32ecxw/ilp32e\libgcc.a(muldi3.o)
 .data          0x0000000000000000        0x0 d:/mounriver/mounriver_studio/toolchain/risc-v embedded gcc/bin/../lib/gcc/riscv-none-embed/8.2.0/rv32ecxw/ilp32e\libgcc.a(div.o)
 .bss           0x0000000000000000        0x0 d:/mounriver/mounriver_studio/toolchain/risc-v embedded gcc/bin/../lib/gcc/riscv-none-embed/8.2.0/rv32ecxw/ilp32e\libgcc.a(div.o)
 .data          0x0000000000000000        0x0 d:/mounriver/mounriver_studio/toolchain/risc-v embedded gcc/bin/../lib/gcc/riscv-none-embed/8.2.0/../../../../riscv-none-embed/lib/rv32ecxw/ilp32e\libg_nano.a(lib_a-memset.o)
 .bss           0x0000000000000000        0x0 d:/mounriver/mounriver_studio/toolchain/risc-v embedded gcc/bin/../lib/gcc/riscv-none-embed/8.2.0/../../../../riscv-none-embed/lib/rv32ecxw/ilp32e\libg_nano.a(lib_a-memset.o)
 .text          0x0000000000000000        0x0 d:/mounriver/mounriver_studio/toolchain/risc-v embedded gcc/bin/../lib/gcc/riscv-none-embed/8.2.0/../../../../riscv-none-embed/lib/rv32ecxw/ilp32e\libg_nano.a(lib_a-strcpy.o)
 .data          0x0000000000000000        0x0 d:/mounriver/mounriver_studio/toolchain/risc-v embedded gcc/bin/../lib/gcc/riscv-none-embed/8.2.0/../../../../riscv-none-embed/lib/rv32ecxw/ilp32e\libg_nano.a(lib_a-strcpy.o)
 .bss           0x0000000000000000        0x0 d:/mounriver/mounriver_studio/toolchain/risc-v embedded gcc/bin/../lib/gcc/riscv-none-embed/8.2.0/../../../../riscv-none-embed/lib/rv32ecxw/ilp32e\libg_nano.a(lib_a-strcpy.o)
 .text          0x0000000000000000        0x0 d:/mounriver/mounriver_studio/toolchain/risc-v embedded gcc/bin/../lib/gcc/riscv-none-embed/8.2.0/../../../../riscv-none-embed/lib/rv32ecxw/ilp32e\libg_nano.a(lib_a-strlen.o)
 .data          0x0000000000000000        0x0 d:/mounriver/mounriver_studio/toolchain/risc-v embedded gcc/bin/../lib/gcc/riscv-none-embed/8.2.0/../../../../riscv-none-embed/lib/rv32ecxw/ilp32e\libg_nano.a(lib_a-strlen.o)
 .bss           0x0000000000000000        0x0 d:/mounriver/mounriver_studio/toolchain/risc-v embedded gcc/bin/../lib/gcc/riscv-none-embed/8.2.0/../../../../riscv-none-embed/lib/rv32ecxw/ilp32e\libg_nano.a(lib_a-strlen.o)
 .text.strlen   0x0000000000000000       0x12 d:/mounriver/mounriver_studio/toolchain/risc-v embedded gcc/bin/../lib/gcc/riscv-none-embed/8.2.0/../../../../riscv-none-embed/lib/rv32ecxw/ilp32e\libg_nano.a(lib_a-strlen.o)
 .debug_frame   0x0000000000000000       0x20 d:/mounriver/mounriver_studio/toolchain/risc-v embedded gcc/bin/../lib/gcc/riscv-none-embed/8.2.0/../../../../riscv-none-embed/lib/rv32ecxw/ilp32e\libg_nano.a(lib_a-strlen.o)

Memory Configuration

Name             Origin             Length             Attributes
FLASH            0x0000000000000000 0x0000000000004000 xr
RAM              0x0000000020000000 0x0000000000000800 xrw
*default*        0x0000000000000000 0xffffffffffffffff

Linker script and memory map

LOAD ./User/ssd1306/fonts.o
LOAD ./User/ssd1306/ssd1306.o
LOAD ./User/ch32v00x_it.o
LOAD ./User/main.o
LOAD ./User/system_ch32v00x.o
LOAD ./Startup/startup_ch32v00x.o
LOAD ./Peripheral/src/ch32v00x_adc.o
LOAD ./Peripheral/src/ch32v00x_dbgmcu.o
LOAD ./Peripheral/src/ch32v00x_dma.o
LOAD ./Peripheral/src/ch32v00x_exti.o
LOAD ./Peripheral/src/ch32v00x_flash.o
LOAD ./Peripheral/src/ch32v00x_gpio.o
LOAD ./Peripheral/src/ch32v00x_i2c.o
LOAD ./Peripheral/src/ch32v00x_iwdg.o
LOAD ./Peripheral/src/ch32v00x_misc.o
LOAD ./Peripheral/src/ch32v00x_opa.o
LOAD ./Peripheral/src/ch32v00x_pwr.o
LOAD ./Peripheral/src/ch32v00x_rcc.o
LOAD ./Peripheral/src/ch32v00x_spi.o
LOAD ./Peripheral/src/ch32v00x_tim.o
LOAD ./Peripheral/src/ch32v00x_usart.o
LOAD ./Peripheral/src/ch32v00x_wwdg.o
LOAD ./HAL/i2c_hal.o
LOAD ./HAL/spi_hal.o
LOAD ./HAL/systick_hal.o
LOAD ./Debug/debug.o
LOAD ./Core/core_riscv.o
LOAD d:/mounriver/mounriver_studio/toolchain/risc-v embedded gcc/bin/../lib/gcc/riscv-none-embed/8.2.0/../../../../riscv-none-embed/lib/rv32ecxw/ilp32e\libprintf.a
LOAD d:/mounriver/mounriver_studio/toolchain/risc-v embedded gcc/bin/../lib/gcc/riscv-none-embed/8.2.0/rv32ecxw/ilp32e\libgcc.a
LOAD d:/mounriver/mounriver_studio/toolchain/risc-v embedded gcc/bin/../lib/gcc/riscv-none-embed/8.2.0/../../../../riscv-none-embed/lib/rv32ecxw/ilp32e\libg_nano.a
LOAD d:/mounriver/mounriver_studio/toolchain/risc-v embedded gcc/bin/../lib/gcc/riscv-none-embed/8.2.0/../../../../riscv-none-embed/lib/rv32ecxw/ilp32e\libc_nano.a
LOAD d:/mounriver/mounriver_studio/toolchain/risc-v embedded gcc/bin/../lib/gcc/riscv-none-embed/8.2.0/rv32ecxw/ilp32e\libgcc.a
START GROUP
LOAD d:/mounriver/mounriver_studio/toolchain/risc-v embedded gcc/bin/../lib/gcc/riscv-none-embed/8.2.0/rv32ecxw/ilp32e\libgcc.a
LOAD d:/mounriver/mounriver_studio/toolchain/risc-v embedded gcc/bin/../lib/gcc/riscv-none-embed/8.2.0/../../../../riscv-none-embed/lib/rv32ecxw/ilp32e\libc_nano.a
LOAD d:/mounriver/mounriver_studio/toolchain/risc-v embedded gcc/bin/../lib/gcc/riscv-none-embed/8.2.0/../../../../riscv-none-embed/lib/rv32ecxw/ilp32e\libnosys.a
END GROUP
START GROUP
LOAD d:/mounriver/mounriver_studio/toolchain/risc-v embedded gcc/bin/../lib/gcc/riscv-none-embed/8.2.0/rv32ecxw/ilp32e\libgcc.a
LOAD d:/mounriver/mounriver_studio/toolchain/risc-v embedded gcc/bin/../lib/gcc/riscv-none-embed/8.2.0/../../../../riscv-none-embed/lib/rv32ecxw/ilp32e\libc_nano.a
LOAD d:/mounriver/mounriver_studio/toolchain/risc-v embedded gcc/bin/../lib/gcc/riscv-none-embed/8.2.0/../../../../riscv-none-embed/lib/rv32ecxw/ilp32e\libnosys.a
END GROUP
                0x0000000000000100                __stack_size = 0x100
                [!provide]                        PROVIDE (_stack_size = __stack_size)

.init           0x0000000000000000       0xa0
                0x0000000000000000                _sinit = .
                0x0000000000000000                . = ALIGN (0x4)
 *(SORT_NONE(.init))
 .init          0x0000000000000000       0x9e ./Startup/startup_ch32v00x.o
                0x0000000000000000                _start
                0x00000000000000a0                . = ALIGN (0x4)
 *fill*         0x000000000000009e        0x2 
                0x00000000000000a0                _einit = .

.text           0x00000000000000a0     0x23b8
                0x00000000000000a0                . = ALIGN (0x4)
 *(.text)
 .text          0x00000000000000a0       0x14 d:/mounriver/mounriver_studio/toolchain/risc-v embedded gcc/bin/../lib/gcc/riscv-none-embed/8.2.0/rv32ecxw/ilp32e\libgcc.a(save-restore.o)
                0x00000000000000a0                __riscv_save_1
                0x00000000000000a0                __riscv_save_2
                0x00000000000000a0                __riscv_save_0
                0x00000000000000aa                __riscv_restore_0
                0x00000000000000aa                __riscv_restore_1
                0x00000000000000aa                __riscv_restore_2
 .text          0x00000000000000b4       0x16 d:/mounriver/mounriver_studio/toolchain/risc-v embedded gcc/bin/../lib/gcc/riscv-none-embed/8.2.0/rv32ecxw/ilp32e\libgcc.a(muldi3.o)
                0x00000000000000b4                __mulsi3
 *fill*         0x00000000000000ca        0x2 
 .text          0x00000000000000cc       0x7e d:/mounriver/mounriver_studio/toolchain/risc-v embedded gcc/bin/../lib/gcc/riscv-none-embed/8.2.0/rv32ecxw/ilp32e\libgcc.a(div.o)
                0x00000000000000cc                __divsi3
                0x00000000000000d4                __udivsi3
                0x0000000000000100                __umodsi3
                0x0000000000000124                __modsi3
 .text          0x000000000000014a       0xa8 d:/mounriver/mounriver_studio/toolchain/risc-v embedded gcc/bin/../lib/gcc/riscv-none-embed/8.2.0/../../../../riscv-none-embed/lib/rv32ecxw/ilp32e\libg_nano.a(lib_a-memset.o)
                0x000000000000014a                memset
 *(.text.*)
 .text.SSD1306_writecommand
                0x00000000000001f2       0x28 ./User/ssd1306/ssd1306.o
                0x00000000000001f2                SSD1306_writecommand
 .text.SSD1306_UpdateScreen
                0x000000000000021a       0x46 ./User/ssd1306/ssd1306.o
                0x000000000000021a                SSD1306_UpdateScreen
 .text.SSD1306_Fill
                0x0000000000000260       0x18 ./User/ssd1306/ssd1306.o
                0x0000000000000260                SSD1306_Fill
 .text.SSD1306_Init
                0x0000000000000278       0xd0 ./User/ssd1306/ssd1306.o
                0x0000000000000278                SSD1306_Init
 .text.SSD1306_DrawPixel
                0x0000000000000348       0x4e ./User/ssd1306/ssd1306.o
                0x0000000000000348                SSD1306_DrawPixel
 .text.SSD1306_GotoXY
                0x0000000000000396        0xe ./User/ssd1306/ssd1306.o
                0x0000000000000396                SSD1306_GotoXY
 .text.SSD1306_Putc
                0x00000000000003a4       0xd2 ./User/ssd1306/ssd1306.o
                0x00000000000003a4                SSD1306_Putc
 .text.SSD1306_Puts
                0x0000000000000476       0x30 ./User/ssd1306/ssd1306.o
                0x0000000000000476                SSD1306_Puts
 .text.NMI_Handler
                0x00000000000004a6        0x4 ./User/ch32v00x_it.o
                0x00000000000004a6                NMI_Handler
 .text.HardFault_Handler
                0x00000000000004aa        0x2 ./User/ch32v00x_it.o
                0x00000000000004aa                HardFault_Handler
 .text.GPIO_Toggle_INIT
                0x00000000000004ac       0x30 ./User/main.o
                0x00000000000004ac                GPIO_Toggle_INIT
 .text.startup.main
                0x00000000000004dc       0xde ./User/main.o
                0x00000000000004dc                main
 .text.SystemInit
                0x00000000000005ba      0x12a ./User/system_ch32v00x.o
                0x00000000000005ba                SystemInit
 .text.SystemCoreClockUpdate
                0x00000000000006e4       0x6c ./User/system_ch32v00x.o
                0x00000000000006e4                SystemCoreClockUpdate
 .text.vector_handler
                0x0000000000000750       0x36 ./Startup/startup_ch32v00x.o
                0x0000000000000756                SW_Handler
                0x0000000000000758                WWDG_IRQHandler
                0x000000000000075a                PVD_IRQHandler
                0x000000000000075c                FLASH_IRQHandler
                0x000000000000075e                RCC_IRQHandler
                0x0000000000000760                EXTI7_0_IRQHandler
                0x0000000000000762                AWU_IRQHandler
                0x0000000000000764                DMA1_Channel1_IRQHandler
                0x0000000000000766                DMA1_Channel2_IRQHandler
                0x0000000000000768                DMA1_Channel3_IRQHandler
                0x000000000000076a                DMA1_Channel4_IRQHandler
                0x000000000000076c                DMA1_Channel5_IRQHandler
                0x000000000000076e                DMA1_Channel6_IRQHandler
                0x0000000000000770                DMA1_Channel7_IRQHandler
                0x0000000000000772                ADC1_IRQHandler
                0x0000000000000774                I2C1_EV_IRQHandler
                0x0000000000000776                I2C1_ER_IRQHandler
                0x0000000000000778                USART1_IRQHandler
                0x000000000000077a                SPI1_IRQHandler
                0x000000000000077c                TIM1_BRK_IRQHandler
                0x000000000000077e                TIM1_UP_IRQHandler
                0x0000000000000780                TIM1_TRG_COM_IRQHandler
                0x0000000000000782                TIM1_CC_IRQHandler
                0x0000000000000784                TIM2_IRQHandler
 .text.handle_reset
                0x0000000000000786       0x84 ./Startup/startup_ch32v00x.o
                0x0000000000000786                handle_reset
 .text.DBGMCU_GetCHIPID
                0x000000000000080a        0xa ./Peripheral/src/ch32v00x_dbgmcu.o
                0x000000000000080a                DBGMCU_GetCHIPID
 .text.GPIO_Init
                0x0000000000000814       0xd6 ./Peripheral/src/ch32v00x_gpio.o
                0x0000000000000814                GPIO_Init
 .text.GPIO_WriteBit
                0x00000000000008ea        0xa ./Peripheral/src/ch32v00x_gpio.o
                0x00000000000008ea                GPIO_WriteBit
 .text.I2C_Init
                0x00000000000008f4       0xe2 ./Peripheral/src/ch32v00x_i2c.o
                0x00000000000008f4                I2C_Init
 .text.I2C_Cmd  0x00000000000009d6       0x18 ./Peripheral/src/ch32v00x_i2c.o
                0x00000000000009d6                I2C_Cmd
 .text.I2C_GenerateSTART
                0x00000000000009ee       0x1a ./Peripheral/src/ch32v00x_i2c.o
                0x00000000000009ee                I2C_GenerateSTART
 .text.I2C_GenerateSTOP
                0x0000000000000a08       0x1a ./Peripheral/src/ch32v00x_i2c.o
                0x0000000000000a08                I2C_GenerateSTOP
 .text.I2C_AcknowledgeConfig
                0x0000000000000a22       0x1a ./Peripheral/src/ch32v00x_i2c.o
                0x0000000000000a22                I2C_AcknowledgeConfig
 .text.I2C_SendData
                0x0000000000000a3c        0x4 ./Peripheral/src/ch32v00x_i2c.o
                0x0000000000000a3c                I2C_SendData
 .text.I2C_Send7bitAddress
                0x0000000000000a40       0x12 ./Peripheral/src/ch32v00x_i2c.o
                0x0000000000000a40                I2C_Send7bitAddress
 .text.I2C_CheckEvent
                0x0000000000000a52       0x16 ./Peripheral/src/ch32v00x_i2c.o
                0x0000000000000a52                I2C_CheckEvent
 .text.I2C_GetFlagStatus
                0x0000000000000a68       0x32 ./Peripheral/src/ch32v00x_i2c.o
                0x0000000000000a68                I2C_GetFlagStatus
 .text.NVIC_PriorityGroupConfig
                0x0000000000000a9a        0x6 ./Peripheral/src/ch32v00x_misc.o
                0x0000000000000a9a                NVIC_PriorityGroupConfig
 .text.RCC_GetClocksFreq
                0x0000000000000aa0       0x9c ./Peripheral/src/ch32v00x_rcc.o
                0x0000000000000aa0                RCC_GetClocksFreq
 .text.RCC_APB2PeriphClockCmd
                0x0000000000000b3c       0x1e ./Peripheral/src/ch32v00x_rcc.o
                0x0000000000000b3c                RCC_APB2PeriphClockCmd
 .text.RCC_APB1PeriphClockCmd
                0x0000000000000b5a       0x1e ./Peripheral/src/ch32v00x_rcc.o
                0x0000000000000b5a                RCC_APB1PeriphClockCmd
 .text.USART_Init
                0x0000000000000b78       0xcc ./Peripheral/src/ch32v00x_usart.o
                0x0000000000000b78                USART_Init
 .text.USART_Cmd
                0x0000000000000c44       0x16 ./Peripheral/src/ch32v00x_usart.o
                0x0000000000000c44                USART_Cmd
 .text.USART_SendData
                0x0000000000000c5a        0x8 ./Peripheral/src/ch32v00x_usart.o
                0x0000000000000c5a                USART_SendData
 .text.USART_GetFlagStatus
                0x0000000000000c62        0xa ./Peripheral/src/ch32v00x_usart.o
                0x0000000000000c62                USART_GetFlagStatus
 .text.HAL_I2C_Init
                0x0000000000000c6c       0x8a ./HAL/i2c_hal.o
                0x0000000000000c6c                HAL_I2C_Init
 .text.HAL_I2C_Transmit
                0x0000000000000cf6      0x10a ./HAL/i2c_hal.o
                0x0000000000000cf6                HAL_I2C_Transmit
 .text.HAL_I2C_Mem_Write
                0x0000000000000e00      0x13c ./HAL/i2c_hal.o
                0x0000000000000e00                HAL_I2C_Mem_Write
 .text.Systick_Init
                0x0000000000000f3c       0x36 ./HAL/systick_hal.o
                0x0000000000000f3c                Systick_Init
 .text.Systick_Increment
                0x0000000000000f72        0xc ./HAL/systick_hal.o
                0x0000000000000f72                Systick_Increment
 .text.delay_1ms
                0x0000000000000f7e       0x10 ./HAL/systick_hal.o
                0x0000000000000f7e                delay_1ms
 .text.delay_decrement
                0x0000000000000f8e       0x10 ./HAL/systick_hal.o
                0x0000000000000f8e                delay_decrement
 .text.get_tick
                0x0000000000000f9e        0x6 ./HAL/systick_hal.o
                0x0000000000000f9e                get_tick
 .text.SysTick_Handler
                0x0000000000000fa4       0x10 ./HAL/systick_hal.o
                0x0000000000000fa4                SysTick_Handler
 .text.Delay_Init
                0x0000000000000fb4       0x34 ./Debug/debug.o
                0x0000000000000fb4                Delay_Init
 .text.USART_Printf_Init
                0x0000000000000fe8       0x5a ./Debug/debug.o
                0x0000000000000fe8                USART_Printf_Init
 .text._write   0x0000000000001042       0x4e ./Debug/debug.o
                0x0000000000001042                _write
 .text.printchar
                0x0000000000001090       0x48 d:/mounriver/mounriver_studio/toolchain/risc-v embedded gcc/bin/../lib/gcc/riscv-none-embed/8.2.0/../../../../riscv-none-embed/lib/rv32ecxw/ilp32e\libprintf.a(wchprintf.o)
                0x0000000000001090                printchar
 .text.prints   0x00000000000010d8       0xe6 d:/mounriver/mounriver_studio/toolchain/risc-v embedded gcc/bin/../lib/gcc/riscv-none-embed/8.2.0/../../../../riscv-none-embed/lib/rv32ecxw/ilp32e\libprintf.a(wchprintf.o)
                0x00000000000010d8                prints
 .text.printInt
                0x00000000000011be      0x10e d:/mounriver/mounriver_studio/toolchain/risc-v embedded gcc/bin/../lib/gcc/riscv-none-embed/8.2.0/../../../../riscv-none-embed/lib/rv32ecxw/ilp32e\libprintf.a(wchprintf.o)
                0x00000000000011be                printInt
 .text.printLongLongInt
                0x00000000000012cc        0x4 d:/mounriver/mounriver_studio/toolchain/risc-v embedded gcc/bin/../lib/gcc/riscv-none-embed/8.2.0/../../../../riscv-none-embed/lib/rv32ecxw/ilp32e\libprintf.a(wchprintf.o)
                0x00000000000012cc                printLongLongInt
 .text.printDouble
                0x00000000000012d0        0x4 d:/mounriver/mounriver_studio/toolchain/risc-v embedded gcc/bin/../lib/gcc/riscv-none-embed/8.2.0/../../../../riscv-none-embed/lib/rv32ecxw/ilp32e\libprintf.a(wchprintf.o)
                0x00000000000012d0                printDouble
 .text.print    0x00000000000012d4      0x356 d:/mounriver/mounriver_studio/toolchain/risc-v embedded gcc/bin/../lib/gcc/riscv-none-embed/8.2.0/../../../../riscv-none-embed/lib/rv32ecxw/ilp32e\libprintf.a(wchprintf.o)
                0x00000000000012d4                print
 .text.printf   0x000000000000162a       0x22 d:/mounriver/mounriver_studio/toolchain/risc-v embedded gcc/bin/../lib/gcc/riscv-none-embed/8.2.0/../../../../riscv-none-embed/lib/rv32ecxw/ilp32e\libprintf.a(wchprintf.o)
                0x000000000000162a                printf
 .text.puts     0x000000000000164c       0x4a d:/mounriver/mounriver_studio/toolchain/risc-v embedded gcc/bin/../lib/gcc/riscv-none-embed/8.2.0/../../../../riscv-none-embed/lib/rv32ecxw/ilp32e\libprintf.a(wchprintf.o)
                0x000000000000164c                puts
 .text.strcpy   0x0000000000001696       0x10 d:/mounriver/mounriver_studio/toolchain/risc-v embedded gcc/bin/../lib/gcc/riscv-none-embed/8.2.0/../../../../riscv-none-embed/lib/rv32ecxw/ilp32e\libg_nano.a(lib_a-strcpy.o)
                0x0000000000001696                strcpy
 *(.rodata)
 *(.rodata*)
 *fill*         0x00000000000016a6        0x2 
 .rodata.Font11x18
                0x00000000000016a8      0xd5c ./User/ssd1306/fonts.o
                0x00000000000016a8                Font11x18
 .rodata.main.str1.4
                0x0000000000002404       0x49 ./User/main.o
 *fill*         0x000000000000244d        0x3 
 .rodata.print.str1.4
                0x0000000000002450        0x8 d:/mounriver/mounriver_studio/toolchain/risc-v embedded gcc/bin/../lib/gcc/riscv-none-embed/8.2.0/../../../../riscv-none-embed/lib/rv32ecxw/ilp32e\libprintf.a(wchprintf.o)
                                          0x7 (size before relaxing)
 *(.gnu.linkonce.t.*)
                0x0000000000002458                . = ALIGN (0x4)

.rela.dyn       0x0000000000002458        0x0
 .rela.text.startup.main
                0x0000000000002458        0x0 ./User/ssd1306/fonts.o
 .rela.init     0x0000000000002458        0x0 ./User/ssd1306/fonts.o
 .rela.text.handle_reset
                0x0000000000002458        0x0 ./User/ssd1306/fonts.o
 .rela.text.prints
                0x0000000000002458        0x0 ./User/ssd1306/fonts.o
 .rela.text.printInt
                0x0000000000002458        0x0 ./User/ssd1306/fonts.o
 .rela.text.print
                0x0000000000002458        0x0 ./User/ssd1306/fonts.o
 .rela.text.printf
                0x0000000000002458        0x0 ./User/ssd1306/fonts.o

.fini           0x0000000000002458        0x0
 *(SORT_NONE(.fini))
                0x0000000000002458                . = ALIGN (0x4)
                [!provide]                        PROVIDE (_etext = .)
                [!provide]                        PROVIDE (_eitcm = .)

.preinit_array  0x0000000000002458        0x0
                [!provide]                        PROVIDE (__preinit_array_start = .)
 *(.preinit_array)
                [!provide]                        PROVIDE (__preinit_array_end = .)

.init_array     0x0000000000002458        0x0
                [!provide]                        PROVIDE (__init_array_start = .)
 *(SORT_BY_INIT_PRIORITY(.init_array.*) SORT_BY_INIT_PRIORITY(.ctors.*))
 *(.init_array EXCLUDE_FILE(*crtend?.o *crtend.o *crtbegin?.o *crtbegin.o) .ctors)
                [!provide]                        PROVIDE (__init_array_end = .)

.fini_array     0x0000000000002458        0x0
                [!provide]                        PROVIDE (__fini_array_start = .)
 *(SORT_BY_INIT_PRIORITY(.fini_array.*) SORT_BY_INIT_PRIORITY(.dtors.*))
 *(.fini_array EXCLUDE_FILE(*crtend?.o *crtend.o *crtbegin?.o *crtbegin.o) .dtors)
                [!provide]                        PROVIDE (__fini_array_end = .)

.ctors
 *crtbegin.o(.ctors)
 *crtbegin?.o(.ctors)
 *(EXCLUDE_FILE(*crtend?.o *crtend.o) .ctors)
 *(SORT_BY_NAME(.ctors.*))
 *(.ctors)

.dtors
 *crtbegin.o(.dtors)
 *crtbegin?.o(.dtors)
 *(EXCLUDE_FILE(*crtend?.o *crtend.o) .dtors)
 *(SORT_BY_NAME(.dtors.*))
 *(.dtors)

.dalign         0x0000000020000000        0x0 load address 0x0000000000002458
                0x0000000020000000                . = ALIGN (0x4)
                0x0000000020000000                PROVIDE (_data_vma = .)

.dlalign        0x0000000000002458        0x0
                0x0000000000002458                . = ALIGN (0x4)
                0x0000000000002458                PROVIDE (_data_lma = .)

.data           0x0000000020000000       0x40 load address 0x0000000000002458
                0x0000000020000000                . = ALIGN (0x4)
 *(.gnu.linkonce.r.*)
 *(.data .data.*)
 .data.Font_11x18
                0x0000000020000000        0x8 ./User/ssd1306/fonts.o
                0x0000000020000000                Font_11x18
 .data.AHBPrescTable
                0x0000000020000008       0x10 ./User/system_ch32v00x.o
                0x0000000020000008                AHBPrescTable
 .data.SystemCoreClock
                0x0000000020000018        0x4 ./User/system_ch32v00x.o
                0x0000000020000018                SystemCoreClock
 .data.ADCPrescTable
                0x000000002000001c       0x14 ./Peripheral/src/ch32v00x_rcc.o
 .data.APBAHBPrescTable
                0x0000000020000030       0x10 ./Peripheral/src/ch32v00x_rcc.o
 *(.gnu.linkonce.d.*)
                0x0000000020000040                . = ALIGN (0x8)
                0x0000000020000840                PROVIDE (__global_pointer$ = (. + 0x800))
 *(.sdata .sdata.*)
 *(.sdata2*)
 *(.gnu.linkonce.s.*)
                0x0000000020000040                . = ALIGN (0x8)
 *(.srodata.cst16)
 *(.srodata.cst8)
 *(.srodata.cst4)
 *(.srodata.cst2)
 *(.srodata .srodata.*)
                0x0000000020000040                . = ALIGN (0x4)
                0x0000000020000040                PROVIDE (_edata = .)

.bss            0x0000000020000040      0x41c load address 0x0000000000002498
                0x0000000020000040                . = ALIGN (0x4)
                0x0000000020000040                PROVIDE (_sbss = .)
 *(.sbss*)
 *(.gnu.linkonce.sb.*)
 *(.bss*)
 .bss.SSD1306   0x0000000020000040        0x6 ./User/ssd1306/ssd1306.o
 *fill*         0x0000000020000046        0x2 
 .bss.output    0x0000000020000048      0x401 ./User/ssd1306/ssd1306.o
                0x0000000020000048                output
 *fill*         0x0000000020000449        0x3 
 .bss.NVIC_Priority_Group
                0x000000002000044c        0x4 ./Peripheral/src/ch32v00x_misc.o
                0x000000002000044c                NVIC_Priority_Group
 .bss.delay     0x0000000020000450        0x4 ./HAL/systick_hal.o
 .bss.ticks     0x0000000020000454        0x4 ./HAL/systick_hal.o
 .bss.p_ms      0x0000000020000458        0x2 ./Debug/debug.o
 .bss.p_us      0x000000002000045a        0x1 ./Debug/debug.o
 *(.gnu.linkonce.b.*)
 *(COMMON*)
                0x000000002000045c                . = ALIGN (0x4)
 *fill*         0x000000002000045b        0x1 
                0x000000002000045c                PROVIDE (_ebss = .)
                0x000000002000045c                PROVIDE (_end = _ebss)
                [!provide]                        PROVIDE (end = .)

.stack          0x0000000020000700      0x100
                0x0000000020000700                PROVIDE (_heap_end = .)
                0x0000000020000700                . = ALIGN (0x4)
                [!provide]                        PROVIDE (_susrstack = .)
                0x0000000020000800                . = (. + __stack_size)
 *fill*         0x0000000020000700      0x100 
                0x0000000020000800                PROVIDE (_eusrstack = .)
OUTPUT(Habr_CO2.elf elf32-littleriscv)

.debug_info     0x0000000000000000     0xe178
 .debug_info    0x0000000000000000      0xb02 ./User/ssd1306/fonts.o
 .debug_info    0x0000000000000b02     0x1cea ./User/ssd1306/ssd1306.o
 .debug_info    0x00000000000027ec      0x962 ./User/ch32v00x_it.o
 .debug_info    0x000000000000314e      0xec6 ./User/main.o
 .debug_info    0x0000000000004014      0xc71 ./User/system_ch32v00x.o
 .debug_info    0x0000000000004c85       0x22 ./Startup/startup_ch32v00x.o
 .debug_info    0x0000000000004ca7      0xa94 ./Peripheral/src/ch32v00x_dbgmcu.o
 .debug_info    0x000000000000573b     0x103a ./Peripheral/src/ch32v00x_gpio.o
 .debug_info    0x0000000000006775     0x1417 ./Peripheral/src/ch32v00x_i2c.o
 .debug_info    0x0000000000007b8c      0xdda ./Peripheral/src/ch32v00x_misc.o
 .debug_info    0x0000000000008966     0x1063 ./Peripheral/src/ch32v00x_rcc.o
 .debug_info    0x00000000000099c9     0x1351 ./Peripheral/src/ch32v00x_usart.o
 .debug_info    0x000000000000ad1a     0x17c8 ./HAL/i2c_hal.o
 .debug_info    0x000000000000c4e2      0xd9e ./HAL/systick_hal.o
 .debug_info    0x000000000000d280      0xef8 ./Debug/debug.o

.debug_abbrev   0x0000000000000000     0x2945
 .debug_abbrev  0x0000000000000000      0x24a ./User/ssd1306/fonts.o
 .debug_abbrev  0x000000000000024a      0x3d2 ./User/ssd1306/ssd1306.o
 .debug_abbrev  0x000000000000061c      0x1cf ./User/ch32v00x_it.o
 .debug_abbrev  0x00000000000007eb      0x296 ./User/main.o
 .debug_abbrev  0x0000000000000a81      0x2af ./User/system_ch32v00x.o
 .debug_abbrev  0x0000000000000d30       0x12 ./Startup/startup_ch32v00x.o
 .debug_abbrev  0x0000000000000d42      0x2f7 ./Peripheral/src/ch32v00x_dbgmcu.o
 .debug_abbrev  0x0000000000001039      0x309 ./Peripheral/src/ch32v00x_gpio.o
 .debug_abbrev  0x0000000000001342      0x3a7 ./Peripheral/src/ch32v00x_i2c.o
 .debug_abbrev  0x00000000000016e9      0x2fb ./Peripheral/src/ch32v00x_misc.o
 .debug_abbrev  0x00000000000019e4      0x36d ./Peripheral/src/ch32v00x_rcc.o
 .debug_abbrev  0x0000000000001d51      0x323 ./Peripheral/src/ch32v00x_usart.o
 .debug_abbrev  0x0000000000002074      0x2f2 ./HAL/i2c_hal.o
 .debug_abbrev  0x0000000000002366      0x2ec ./HAL/systick_hal.o
 .debug_abbrev  0x0000000000002652      0x2f3 ./Debug/debug.o

.debug_loc      0x0000000000000000     0x3416
 .debug_loc     0x0000000000000000       0x67 ./User/ssd1306/fonts.o
 .debug_loc     0x0000000000000067      0xf6f ./User/ssd1306/ssd1306.o
 .debug_loc     0x0000000000000fd6       0x1f ./User/main.o
 .debug_loc     0x0000000000000ff5       0x55 ./User/system_ch32v00x.o
 .debug_loc     0x000000000000104a       0x6e ./Peripheral/src/ch32v00x_dbgmcu.o
 .debug_loc     0x00000000000010b8      0x6cf ./Peripheral/src/ch32v00x_gpio.o
 .debug_loc     0x0000000000001787      0x720 ./Peripheral/src/ch32v00x_i2c.o
 .debug_loc     0x0000000000001ea7       0xce ./Peripheral/src/ch32v00x_misc.o
 .debug_loc     0x0000000000001f75      0x59f ./Peripheral/src/ch32v00x_rcc.o
 .debug_loc     0x0000000000002514      0x735 ./Peripheral/src/ch32v00x_usart.o
 .debug_loc     0x0000000000002c49      0x63e ./HAL/i2c_hal.o
 .debug_loc     0x0000000000003287       0x14 ./HAL/systick_hal.o
 .debug_loc     0x000000000000329b      0x17b ./Debug/debug.o

.debug_aranges  0x0000000000000000      0x630
 .debug_aranges
                0x0000000000000000       0x20 ./User/ssd1306/fonts.o
 .debug_aranges
                0x0000000000000020       0xa8 ./User/ssd1306/ssd1306.o
 .debug_aranges
                0x00000000000000c8       0x28 ./User/ch32v00x_it.o
 .debug_aranges
                0x00000000000000f0       0x28 ./User/main.o
 .debug_aranges
                0x0000000000000118       0x28 ./User/system_ch32v00x.o
 .debug_aranges
                0x0000000000000140       0x30 ./Startup/startup_ch32v00x.o
 .debug_aranges
                0x0000000000000170       0x48 ./Peripheral/src/ch32v00x_dbgmcu.o
 .debug_aranges
                0x00000000000001b8       0x98 ./Peripheral/src/ch32v00x_gpio.o
 .debug_aranges
                0x0000000000000250      0x108 ./Peripheral/src/ch32v00x_i2c.o
 .debug_aranges
                0x0000000000000358       0x28 ./Peripheral/src/ch32v00x_misc.o
 .debug_aranges
                0x0000000000000380       0xe0 ./Peripheral/src/ch32v00x_rcc.o
 .debug_aranges
                0x0000000000000460      0x100 ./Peripheral/src/ch32v00x_usart.o
 .debug_aranges
                0x0000000000000560       0x40 ./HAL/i2c_hal.o
 .debug_aranges
                0x00000000000005a0       0x48 ./HAL/systick_hal.o
 .debug_aranges
                0x00000000000005e8       0x48 ./Debug/debug.o

.debug_ranges   0x0000000000000000      0x5d8
 .debug_ranges  0x0000000000000000       0x10 ./User/ssd1306/fonts.o
 .debug_ranges  0x0000000000000010       0x98 ./User/ssd1306/ssd1306.o
 .debug_ranges  0x00000000000000a8       0x18 ./User/ch32v00x_it.o
 .debug_ranges  0x00000000000000c0       0x18 ./User/main.o
 .debug_ranges  0x00000000000000d8       0x48 ./User/system_ch32v00x.o
 .debug_ranges  0x0000000000000120       0x28 ./Startup/startup_ch32v00x.o
 .debug_ranges  0x0000000000000148       0x50 ./Peripheral/src/ch32v00x_dbgmcu.o
 .debug_ranges  0x0000000000000198       0x88 ./Peripheral/src/ch32v00x_gpio.o
 .debug_ranges  0x0000000000000220       0xf8 ./Peripheral/src/ch32v00x_i2c.o
 .debug_ranges  0x0000000000000318       0x48 ./Peripheral/src/ch32v00x_misc.o
 .debug_ranges  0x0000000000000360       0xd0 ./Peripheral/src/ch32v00x_rcc.o
 .debug_ranges  0x0000000000000430       0xf0 ./Peripheral/src/ch32v00x_usart.o
 .debug_ranges  0x0000000000000520       0x30 ./HAL/i2c_hal.o
 .debug_ranges  0x0000000000000550       0x50 ./HAL/systick_hal.o
 .debug_ranges  0x00000000000005a0       0x38 ./Debug/debug.o

.debug_line     0x0000000000000000     0x8906
 .debug_line    0x0000000000000000      0x281 ./User/ssd1306/fonts.o
 .debug_line    0x0000000000000281     0x149d ./User/ssd1306/ssd1306.o
 .debug_line    0x000000000000171e      0x226 ./User/ch32v00x_it.o
 .debug_line    0x0000000000001944      0x5d4 ./User/main.o
 .debug_line    0x0000000000001f18      0x67b ./User/system_ch32v00x.o
 .debug_line    0x0000000000002593      0x1ce ./Startup/startup_ch32v00x.o
 .debug_line    0x0000000000002761      0x387 ./Peripheral/src/ch32v00x_dbgmcu.o
 .debug_line    0x0000000000002ae8      0xd18 ./Peripheral/src/ch32v00x_gpio.o
 .debug_line    0x0000000000003800     0x107b ./Peripheral/src/ch32v00x_i2c.o
 .debug_line    0x000000000000487b      0x4c8 ./Peripheral/src/ch32v00x_misc.o
 .debug_line    0x0000000000004d43      0xd63 ./Peripheral/src/ch32v00x_rcc.o
 .debug_line    0x0000000000005aa6      0xf05 ./Peripheral/src/ch32v00x_usart.o
 .debug_line    0x00000000000069ab     0x13dd ./HAL/i2c_hal.o
 .debug_line    0x0000000000007d88      0x452 ./HAL/systick_hal.o
 .debug_line    0x00000000000081da      0x72c ./Debug/debug.o

.debug_str      0x0000000000000000     0x1f33
 .debug_str     0x0000000000000000      0x5c0 ./User/ssd1306/fonts.o
                                        0x63c (size before relaxing)
 .debug_str     0x00000000000005c0      0x335 ./User/ssd1306/ssd1306.o
                                        0x914 (size before relaxing)
 .debug_str     0x00000000000008f5       0x34 ./User/ch32v00x_it.o
                                        0x5af (size before relaxing)
 .debug_str     0x0000000000000929      0x25f ./User/main.o
                                        0x8d7 (size before relaxing)
 .debug_str     0x0000000000000b88      0x10e ./User/system_ch32v00x.o
                                        0x729 (size before relaxing)
 .debug_str     0x0000000000000c96       0x4a ./Startup/startup_ch32v00x.o
                                         0x7d (size before relaxing)
 .debug_str     0x0000000000000ce0       0xb7 ./Peripheral/src/ch32v00x_dbgmcu.o
                                        0x65f (size before relaxing)
 .debug_str     0x0000000000000d97      0x1ed ./Peripheral/src/ch32v00x_gpio.o
                                        0x962 (size before relaxing)
 .debug_str     0x0000000000000f84      0x41e ./Peripheral/src/ch32v00x_i2c.o
                                        0xacb (size before relaxing)
 .debug_str     0x00000000000013a2      0x303 ./Peripheral/src/ch32v00x_misc.o
                                        0x92b (size before relaxing)
 .debug_str     0x00000000000016a5      0x265 ./Peripheral/src/ch32v00x_rcc.o
                                        0x9ca (size before relaxing)
 .debug_str     0x000000000000190a      0x430 ./Peripheral/src/ch32v00x_usart.o
                                        0xb19 (size before relaxing)
 .debug_str     0x0000000000001d3a       0xe6 ./HAL/i2c_hal.o
                                        0x9e7 (size before relaxing)
 .debug_str     0x0000000000001e20       0x83 ./HAL/systick_hal.o
                                        0x87c (size before relaxing)
 .debug_str     0x0000000000001ea3       0x90 ./Debug/debug.o
                                        0x904 (size before relaxing)

.comment        0x0000000000000000       0x33
 .comment       0x0000000000000000       0x33 ./User/ssd1306/fonts.o
                                         0x34 (size before relaxing)
 .comment       0x0000000000000033       0x34 ./User/ssd1306/ssd1306.o
 .comment       0x0000000000000033       0x34 ./User/ch32v00x_it.o
 .comment       0x0000000000000033       0x34 ./User/main.o
 .comment       0x0000000000000033       0x34 ./User/system_ch32v00x.o
 .comment       0x0000000000000033       0x34 ./Peripheral/src/ch32v00x_dbgmcu.o
 .comment       0x0000000000000033       0x34 ./Peripheral/src/ch32v00x_gpio.o
 .comment       0x0000000000000033       0x34 ./Peripheral/src/ch32v00x_i2c.o
 .comment       0x0000000000000033       0x34 ./Peripheral/src/ch32v00x_misc.o
 .comment       0x0000000000000033       0x34 ./Peripheral/src/ch32v00x_rcc.o
 .comment       0x0000000000000033       0x34 ./Peripheral/src/ch32v00x_usart.o
 .comment       0x0000000000000033       0x34 ./HAL/i2c_hal.o
 .comment       0x0000000000000033       0x34 ./HAL/systick_hal.o
 .comment       0x0000000000000033       0x34 ./Debug/debug.o
 .comment       0x0000000000000033       0x34 d:/mounriver/mounriver_studio/toolchain/risc-v embedded gcc/bin/../lib/gcc/riscv-none-embed/8.2.0/../../../../riscv-none-embed/lib/rv32ecxw/ilp32e\libprintf.a(wchprintf.o)

.debug_frame    0x0000000000000000      0xd9c
 .debug_frame   0x0000000000000000       0x38 ./User/ssd1306/fonts.o
 .debug_frame   0x0000000000000038      0x258 ./User/ssd1306/ssd1306.o
 .debug_frame   0x0000000000000290       0x30 ./User/ch32v00x_it.o
 .debug_frame   0x00000000000002c0       0x4c ./User/main.o
 .debug_frame   0x000000000000030c       0x4c ./User/system_ch32v00x.o
 .debug_frame   0x0000000000000358       0x70 ./Peripheral/src/ch32v00x_dbgmcu.o
 .debug_frame   0x00000000000003c8      0x150 ./Peripheral/src/ch32v00x_gpio.o
 .debug_frame   0x0000000000000518      0x254 ./Peripheral/src/ch32v00x_i2c.o
 .debug_frame   0x000000000000076c       0x30 ./Peripheral/src/ch32v00x_misc.o
 .debug_frame   0x000000000000079c      0x1c0 ./Peripheral/src/ch32v00x_rcc.o
 .debug_frame   0x000000000000095c      0x204 ./Peripheral/src/ch32v00x_usart.o
 .debug_frame   0x0000000000000b60       0xd8 ./HAL/i2c_hal.o
 .debug_frame   0x0000000000000c38       0x7c ./HAL/systick_hal.o
 .debug_frame   0x0000000000000cb4       0xc8 ./Debug/debug.o
 .debug_frame   0x0000000000000d7c       0x20 d:/mounriver/mounriver_studio/toolchain/risc-v embedded gcc/bin/../lib/gcc/riscv-none-embed/8.2.0/../../../../riscv-none-embed/lib/rv32ecxw/ilp32e\libg_nano.a(lib_a-strcpy.o)
