Archive member included to satisfy reference by file (symbol)

d:/mounriver/mounriver_studio/toolchain/risc-v embedded gcc/bin/../lib/gcc/riscv-none-embed/8.2.0/../../../../riscv-none-embed/lib/rv32ecxw/ilp32e\libprintf.a(wchprintf.o)
                              ./User/main.o (printf)
d:/mounriver/mounriver_studio/toolchain/risc-v embedded gcc/bin/../lib/gcc/riscv-none-embed/8.2.0/rv32ecxw/ilp32e\libgcc.a(save-restore.o)
                              ./User/ssd1306/fonts.o (__riscv_save_2)
d:/mounriver/mounriver_studio/toolchain/risc-v embedded gcc/bin/../lib/gcc/riscv-none-embed/8.2.0/rv32ecxw/ilp32e\libgcc.a(muldi3.o)
                              ./User/ssd1306/fonts.o (__mulsi3)
d:/mounriver/mounriver_studio/toolchain/risc-v embedded gcc/bin/../lib/gcc/riscv-none-embed/8.2.0/rv32ecxw/ilp32e\libgcc.a(div.o)
                              ./User/scd4x/scd4x.o (__divsi3)
d:/mounriver/mounriver_studio/toolchain/risc-v embedded gcc/bin/../lib/gcc/riscv-none-embed/8.2.0/../../../../riscv-none-embed/lib/rv32ecxw/ilp32e\libg_nano.a(lib_a-memset.o)
                              ./User/ssd1306/ssd1306.o (memset)
d:/mounriver/mounriver_studio/toolchain/risc-v embedded gcc/bin/../lib/gcc/riscv-none-embed/8.2.0/../../../../riscv-none-embed/lib/rv32ecxw/ilp32e\libg_nano.a(lib_a-strcpy.o)
                              ./User/main.o (strcpy)
d:/mounriver/mounriver_studio/toolchain/risc-v embedded gcc/bin/../lib/gcc/riscv-none-embed/8.2.0/../../../../riscv-none-embed/lib/rv32ecxw/ilp32e\libg_nano.a(lib_a-strlen.o)
                              ./User/ssd1306/fonts.o (strlen)

Discarded input sections

 .text          0x0000000000000000        0x0 ./User/ssd1306/fonts.o
 .data          0x0000000000000000        0x0 ./User/ssd1306/fonts.o
 .bss           0x0000000000000000        0x0 ./User/ssd1306/fonts.o
 .text.FONTS_GetStringSize
                0x0000000000000000       0x38 ./User/ssd1306/fonts.o
 .data.Font_16x26
                0x0000000000000000        0x8 ./User/ssd1306/fonts.o
 .rodata.Font16x26
                0x0000000000000000     0x134c ./User/ssd1306/fonts.o
 .text          0x0000000000000000        0x0 ./User/ssd1306/ssd1306.o
 .data          0x0000000000000000        0x0 ./User/ssd1306/ssd1306.o
 .bss           0x0000000000000000        0x0 ./User/ssd1306/ssd1306.o
 .text.SSD1306_ToggleInvert
                0x0000000000000000       0x2c ./User/ssd1306/ssd1306.o
 .text.SSD1306_DrawLine
                0x0000000000000000      0x1a8 ./User/ssd1306/ssd1306.o
 .text.SSD1306_DrawRectangle
                0x0000000000000000       0xb6 ./User/ssd1306/ssd1306.o
 .text.SSD1306_DrawFilledRectangle
                0x0000000000000000       0x98 ./User/ssd1306/ssd1306.o
 .text.SSD1306_DrawTriangle
                0x0000000000000000       0x5a ./User/ssd1306/ssd1306.o
 .text.SSD1306_DrawFilledTriangle
                0x0000000000000000      0x122 ./User/ssd1306/ssd1306.o
 .text.SSD1306_DrawCircle
                0x0000000000000000      0x1de ./User/ssd1306/ssd1306.o
 .text.SSD1306_DrawFilledCircle
                0x0000000000000000      0x1be ./User/ssd1306/ssd1306.o
 .text.SSD1306_ON
                0x0000000000000000       0x32 ./User/ssd1306/ssd1306.o
 .text.SSD1306_OFF
                0x0000000000000000       0x32 ./User/ssd1306/ssd1306.o
 .text          0x0000000000000000        0x0 ./User/scd4x/scd4x.o
 .data          0x0000000000000000        0x0 ./User/scd4x/scd4x.o
 .bss           0x0000000000000000        0x0 ./User/scd4x/scd4x.o
 .text.scd4x_read_self_calibration
                0x0000000000000000       0x58 ./User/scd4x/scd4x.o
 .text.scd4x_set_self_calibration
                0x0000000000000000       0x3e ./User/scd4x/scd4x.o
 .text.scd4x_force_recalibration
                0x0000000000000000       0x66 ./User/scd4x/scd4x.o
 .text          0x0000000000000000        0x0 ./User/ch32v00x_it.o
 .data          0x0000000000000000        0x0 ./User/ch32v00x_it.o
 .bss           0x0000000000000000        0x0 ./User/ch32v00x_it.o
 .text          0x0000000000000000        0x0 ./User/main.o
 .data          0x0000000000000000        0x0 ./User/main.o
 .bss           0x0000000000000000        0x0 ./User/main.o
 .text          0x0000000000000000        0x0 ./User/system_ch32v00x.o
 .data          0x0000000000000000        0x0 ./User/system_ch32v00x.o
 .bss           0x0000000000000000        0x0 ./User/system_ch32v00x.o
 .text          0x0000000000000000        0x0 ./Startup/startup_ch32v00x.o
 .data          0x0000000000000000        0x0 ./Startup/startup_ch32v00x.o
 .bss           0x0000000000000000        0x0 ./Startup/startup_ch32v00x.o
 .text          0x0000000000000000        0x0 ./Peripheral/src/ch32v00x_adc.o
 .data          0x0000000000000000        0x0 ./Peripheral/src/ch32v00x_adc.o
 .bss           0x0000000000000000        0x0 ./Peripheral/src/ch32v00x_adc.o
 .text.ADC_DeInit
                0x0000000000000000       0x3a ./Peripheral/src/ch32v00x_adc.o
 .text.ADC_Init
                0x0000000000000000       0x4e ./Peripheral/src/ch32v00x_adc.o
 .text.ADC_StructInit
                0x0000000000000000       0x1a ./Peripheral/src/ch32v00x_adc.o
 .text.ADC_Cmd  0x0000000000000000       0x10 ./Peripheral/src/ch32v00x_adc.o
 .text.ADC_DMACmd
                0x0000000000000000       0x12 ./Peripheral/src/ch32v00x_adc.o
 .text.ADC_ITConfig
                0x0000000000000000       0x16 ./Peripheral/src/ch32v00x_adc.o
 .text.ADC_ResetCalibration
                0x0000000000000000        0xa ./Peripheral/src/ch32v00x_adc.o
 .text.ADC_GetResetCalibrationStatus
                0x0000000000000000        0x8 ./Peripheral/src/ch32v00x_adc.o
 .text.ADC_StartCalibration
                0x0000000000000000        0xa ./Peripheral/src/ch32v00x_adc.o
 .text.ADC_GetCalibrationStatus
                0x0000000000000000        0x8 ./Peripheral/src/ch32v00x_adc.o
 .text.ADC_SoftwareStartConvCmd
                0x0000000000000000       0x18 ./Peripheral/src/ch32v00x_adc.o
 .text.ADC_GetSoftwareStartConvStatus
                0x0000000000000000        0x8 ./Peripheral/src/ch32v00x_adc.o
 .text.ADC_DiscModeChannelCountConfig
                0x0000000000000000       0x12 ./Peripheral/src/ch32v00x_adc.o
 .text.ADC_DiscModeCmd
                0x0000000000000000       0x1a ./Peripheral/src/ch32v00x_adc.o
 .text.ADC_RegularChannelConfig
                0x0000000000000000       0xba ./Peripheral/src/ch32v00x_adc.o
 .text.ADC_ExternalTrigConvCmd
                0x0000000000000000       0x18 ./Peripheral/src/ch32v00x_adc.o
 .text.ADC_GetConversionValue
                0x0000000000000000        0x8 ./Peripheral/src/ch32v00x_adc.o
 .text.ADC_AutoInjectedConvCmd
                0x0000000000000000       0x12 ./Peripheral/src/ch32v00x_adc.o
 .text.ADC_InjectedDiscModeCmd
                0x0000000000000000       0x14 ./Peripheral/src/ch32v00x_adc.o
 .text.ADC_ExternalTrigInjectedConvConfig
                0x0000000000000000        0xe ./Peripheral/src/ch32v00x_adc.o
 .text.ADC_ExternalTrigInjectedConvCmd
                0x0000000000000000       0x14 ./Peripheral/src/ch32v00x_adc.o
 .text.ADC_SoftwareStartInjectedConvCmd
                0x0000000000000000       0x18 ./Peripheral/src/ch32v00x_adc.o
 .text.ADC_GetSoftwareStartInjectedConvCmdStatus
                0x0000000000000000        0x8 ./Peripheral/src/ch32v00x_adc.o
 .text.ADC_InjectedChannelConfig
                0x0000000000000000       0x7a ./Peripheral/src/ch32v00x_adc.o
 .text.ADC_InjectedSequencerLengthConfig
                0x0000000000000000       0x14 ./Peripheral/src/ch32v00x_adc.o
 .text.ADC_SetInjectedOffset
                0x0000000000000000       0x14 ./Peripheral/src/ch32v00x_adc.o
 .text.ADC_GetInjectedConversionValue
                0x0000000000000000       0x1c ./Peripheral/src/ch32v00x_adc.o
 .text.ADC_AnalogWatchdogCmd
                0x0000000000000000       0x12 ./Peripheral/src/ch32v00x_adc.o
 .text.ADC_AnalogWatchdogThresholdsConfig
                0x0000000000000000        0x6 ./Peripheral/src/ch32v00x_adc.o
 .text.ADC_AnalogWatchdogSingleChannelConfig
                0x0000000000000000        0xa ./Peripheral/src/ch32v00x_adc.o
 .text.ADC_GetFlagStatus
                0x0000000000000000        0xa ./Peripheral/src/ch32v00x_adc.o
 .text.ADC_ClearFlag
                0x0000000000000000        0x8 ./Peripheral/src/ch32v00x_adc.o
 .text.ADC_GetITStatus
                0x0000000000000000       0x1c ./Peripheral/src/ch32v00x_adc.o
 .text.ADC_ClearITPendingBit
                0x0000000000000000        0xa ./Peripheral/src/ch32v00x_adc.o
 .text.ADC_Calibration_Vol
                0x0000000000000000       0x14 ./Peripheral/src/ch32v00x_adc.o
 .text.ADC_ExternalTrig_DLY
                0x0000000000000000       0x16 ./Peripheral/src/ch32v00x_adc.o
 .debug_info    0x0000000000000000     0x1526 ./Peripheral/src/ch32v00x_adc.o
 .debug_abbrev  0x0000000000000000      0x307 ./Peripheral/src/ch32v00x_adc.o
 .debug_loc     0x0000000000000000      0x9fa ./Peripheral/src/ch32v00x_adc.o
 .debug_aranges
                0x0000000000000000      0x138 ./Peripheral/src/ch32v00x_adc.o
 .debug_ranges  0x0000000000000000      0x128 ./Peripheral/src/ch32v00x_adc.o
 .debug_line    0x0000000000000000     0x1441 ./Peripheral/src/ch32v00x_adc.o
 .debug_str     0x0000000000000000      0xbab ./Peripheral/src/ch32v00x_adc.o
 .comment       0x0000000000000000       0x34 ./Peripheral/src/ch32v00x_adc.o
 .debug_frame   0x0000000000000000      0x26c ./Peripheral/src/ch32v00x_adc.o
 .text          0x0000000000000000        0x0 ./Peripheral/src/ch32v00x_dbgmcu.o
 .data          0x0000000000000000        0x0 ./Peripheral/src/ch32v00x_dbgmcu.o
 .bss           0x0000000000000000        0x0 ./Peripheral/src/ch32v00x_dbgmcu.o
 .text.DBGMCU_GetREVID
                0x0000000000000000        0xa ./Peripheral/src/ch32v00x_dbgmcu.o
 .text.DBGMCU_GetDEVID
                0x0000000000000000        0xa ./Peripheral/src/ch32v00x_dbgmcu.o
 .text.__get_DEBUG_CR
                0x0000000000000000        0x6 ./Peripheral/src/ch32v00x_dbgmcu.o
 .text.__set_DEBUG_CR
                0x0000000000000000        0x6 ./Peripheral/src/ch32v00x_dbgmcu.o
 .text.DBGMCU_Config
                0x0000000000000000       0x14 ./Peripheral/src/ch32v00x_dbgmcu.o
 .text          0x0000000000000000        0x0 ./Peripheral/src/ch32v00x_dma.o
 .data          0x0000000000000000        0x0 ./Peripheral/src/ch32v00x_dma.o
 .bss           0x0000000000000000        0x0 ./Peripheral/src/ch32v00x_dma.o
 .text.DMA_DeInit
                0x0000000000000000       0x92 ./Peripheral/src/ch32v00x_dma.o
 .text.DMA_Init
                0x0000000000000000       0x38 ./Peripheral/src/ch32v00x_dma.o
 .text.DMA_StructInit
                0x0000000000000000       0x2e ./Peripheral/src/ch32v00x_dma.o
 .text.DMA_Cmd  0x0000000000000000       0x14 ./Peripheral/src/ch32v00x_dma.o
 .text.DMA_ITConfig
                0x0000000000000000       0x12 ./Peripheral/src/ch32v00x_dma.o
 .text.DMA_SetCurrDataCounter
                0x0000000000000000        0x4 ./Peripheral/src/ch32v00x_dma.o
 .text.DMA_GetCurrDataCounter
                0x0000000000000000        0x8 ./Peripheral/src/ch32v00x_dma.o
 .text.DMA_GetFlagStatus
                0x0000000000000000        0xe ./Peripheral/src/ch32v00x_dma.o
 .text.DMA_ClearFlag
                0x0000000000000000        0x8 ./Peripheral/src/ch32v00x_dma.o
 .text.DMA_GetITStatus
                0x0000000000000000       0x18 ./Peripheral/src/ch32v00x_dma.o
 .text.DMA_ClearITPendingBit
                0x0000000000000000        0x8 ./Peripheral/src/ch32v00x_dma.o
 .debug_info    0x0000000000000000      0xd17 ./Peripheral/src/ch32v00x_dma.o
 .debug_abbrev  0x0000000000000000      0x302 ./Peripheral/src/ch32v00x_dma.o
 .debug_loc     0x0000000000000000      0x14a ./Peripheral/src/ch32v00x_dma.o
 .debug_aranges
                0x0000000000000000       0x60 ./Peripheral/src/ch32v00x_dma.o
 .debug_ranges  0x0000000000000000       0x50 ./Peripheral/src/ch32v00x_dma.o
 .debug_line    0x0000000000000000      0x79c ./Peripheral/src/ch32v00x_dma.o
 .debug_str     0x0000000000000000      0x814 ./Peripheral/src/ch32v00x_dma.o
 .comment       0x0000000000000000       0x34 ./Peripheral/src/ch32v00x_dma.o
 .debug_frame   0x0000000000000000       0xcc ./Peripheral/src/ch32v00x_dma.o
 .text          0x0000000000000000        0x0 ./Peripheral/src/ch32v00x_exti.o
 .data          0x0000000000000000        0x0 ./Peripheral/src/ch32v00x_exti.o
 .bss           0x0000000000000000        0x0 ./Peripheral/src/ch32v00x_exti.o
 .text.EXTI_DeInit
                0x0000000000000000       0x22 ./Peripheral/src/ch32v00x_exti.o
 .text.EXTI_Init
                0x0000000000000000       0x6a ./Peripheral/src/ch32v00x_exti.o
 .text.EXTI_StructInit
                0x0000000000000000       0x12 ./Peripheral/src/ch32v00x_exti.o
 .text.EXTI_GenerateSWInterrupt
                0x0000000000000000       0x10 ./Peripheral/src/ch32v00x_exti.o
 .text.EXTI_GetFlagStatus
                0x0000000000000000       0x12 ./Peripheral/src/ch32v00x_exti.o
 .text.EXTI_ClearFlag
                0x0000000000000000        0xa ./Peripheral/src/ch32v00x_exti.o
 .text.EXTI_GetITStatus
                0x0000000000000000       0x1e ./Peripheral/src/ch32v00x_exti.o
 .text.EXTI_ClearITPendingBit
                0x0000000000000000        0xa ./Peripheral/src/ch32v00x_exti.o
 .debug_info    0x0000000000000000      0xc05 ./Peripheral/src/ch32v00x_exti.o
 .debug_abbrev  0x0000000000000000      0x2da ./Peripheral/src/ch32v00x_exti.o
 .debug_loc     0x0000000000000000      0x181 ./Peripheral/src/ch32v00x_exti.o
 .debug_aranges
                0x0000000000000000       0x50 ./Peripheral/src/ch32v00x_exti.o
 .debug_ranges  0x0000000000000000       0x40 ./Peripheral/src/ch32v00x_exti.o
 .debug_line    0x0000000000000000      0x5d5 ./Peripheral/src/ch32v00x_exti.o
 .debug_str     0x0000000000000000      0x7ae ./Peripheral/src/ch32v00x_exti.o
 .comment       0x0000000000000000       0x34 ./Peripheral/src/ch32v00x_exti.o
 .debug_frame   0x0000000000000000       0x90 ./Peripheral/src/ch32v00x_exti.o
 .text          0x0000000000000000        0x0 ./Peripheral/src/ch32v00x_flash.o
 .data          0x0000000000000000        0x0 ./Peripheral/src/ch32v00x_flash.o
 .bss           0x0000000000000000        0x0 ./Peripheral/src/ch32v00x_flash.o
 .text.FLASH_SetLatency
                0x0000000000000000       0x10 ./Peripheral/src/ch32v00x_flash.o
 .text.FLASH_Unlock
                0x0000000000000000       0x1a ./Peripheral/src/ch32v00x_flash.o
 .text.FLASH_Lock
                0x0000000000000000        0xe ./Peripheral/src/ch32v00x_flash.o
 .text.FLASH_GetUserOptionByte
                0x0000000000000000        0xa ./Peripheral/src/ch32v00x_flash.o
 .text.FLASH_GetWriteProtectionOptionByte
                0x0000000000000000        0x8 ./Peripheral/src/ch32v00x_flash.o
 .text.FLASH_GetReadOutProtectionStatus
                0x0000000000000000        0xc ./Peripheral/src/ch32v00x_flash.o
 .text.FLASH_ITConfig
                0x0000000000000000       0x1e ./Peripheral/src/ch32v00x_flash.o
 .text.FLASH_GetFlagStatus
                0x0000000000000000       0x1e ./Peripheral/src/ch32v00x_flash.o
 .text.FLASH_ClearFlag
                0x0000000000000000        0x8 ./Peripheral/src/ch32v00x_flash.o
 .text.FLASH_GetStatus
                0x0000000000000000       0x18 ./Peripheral/src/ch32v00x_flash.o
 .text.FLASH_GetBank1Status
                0x0000000000000000       0x18 ./Peripheral/src/ch32v00x_flash.o
 .text.FLASH_WaitForLastOperation
                0x0000000000000000       0x34 ./Peripheral/src/ch32v00x_flash.o
 .text.FLASH_ErasePage
                0x0000000000000000       0x4c ./Peripheral/src/ch32v00x_flash.o
 .text.FLASH_EraseAllPages
                0x0000000000000000       0x48 ./Peripheral/src/ch32v00x_flash.o
 .text.FLASH_EraseOptionBytes
                0x0000000000000000       0x9a ./Peripheral/src/ch32v00x_flash.o
 .text.FLASH_ProgramWord
                0x0000000000000000       0x6e ./Peripheral/src/ch32v00x_flash.o
 .text.FLASH_ProgramHalfWord
                0x0000000000000000       0x48 ./Peripheral/src/ch32v00x_flash.o
 .text.FLASH_ProgramOptionByteData
                0x0000000000000000       0x66 ./Peripheral/src/ch32v00x_flash.o
 .text.FLASH_EnableWriteProtection
                0x0000000000000000       0x9e ./Peripheral/src/ch32v00x_flash.o
 .text.FLASH_ReadOutProtection
                0x0000000000000000       0xae ./Peripheral/src/ch32v00x_flash.o
 .text.FLASH_UserOptionByteConfig
                0x0000000000000000       0x80 ./Peripheral/src/ch32v00x_flash.o
 .text.FLASH_WaitForLastBank1Operation
                0x0000000000000000       0x18 ./Peripheral/src/ch32v00x_flash.o
 .text.FLASH_Unlock_Fast
                0x0000000000000000       0x1e ./Peripheral/src/ch32v00x_flash.o
 .text.FLASH_Lock_Fast
                0x0000000000000000       0x18 ./Peripheral/src/ch32v00x_flash.o
 .text.FLASH_BufReset
                0x0000000000000000       0x28 ./Peripheral/src/ch32v00x_flash.o
 .text.FLASH_BufLoad
                0x0000000000000000       0x36 ./Peripheral/src/ch32v00x_flash.o
 .text.FLASH_ErasePage_Fast
                0x0000000000000000       0x36 ./Peripheral/src/ch32v00x_flash.o
 .text.FLASH_ProgramPage_Fast
                0x0000000000000000       0x34 ./Peripheral/src/ch32v00x_flash.o
 .text.SystemReset_StartMode
                0x0000000000000000       0x56 ./Peripheral/src/ch32v00x_flash.o
 .debug_info    0x0000000000000000     0x12a0 ./Peripheral/src/ch32v00x_flash.o
 .debug_abbrev  0x0000000000000000      0x3cf ./Peripheral/src/ch32v00x_flash.o
 .debug_loc     0x0000000000000000      0x699 ./Peripheral/src/ch32v00x_flash.o
 .debug_aranges
                0x0000000000000000       0xf0 ./Peripheral/src/ch32v00x_flash.o
 .debug_ranges  0x0000000000000000       0xe0 ./Peripheral/src/ch32v00x_flash.o
 .debug_line    0x0000000000000000     0x1447 ./Peripheral/src/ch32v00x_flash.o
 .debug_str     0x0000000000000000      0xa35 ./Peripheral/src/ch32v00x_flash.o
 .comment       0x0000000000000000       0x34 ./Peripheral/src/ch32v00x_flash.o
 .debug_frame   0x0000000000000000      0x2c8 ./Peripheral/src/ch32v00x_flash.o
 .text          0x0000000000000000        0x0 ./Peripheral/src/ch32v00x_gpio.o
 .data          0x0000000000000000        0x0 ./Peripheral/src/ch32v00x_gpio.o
 .bss           0x0000000000000000        0x0 ./Peripheral/src/ch32v00x_gpio.o
 .text.GPIO_DeInit
                0x0000000000000000       0x68 ./Peripheral/src/ch32v00x_gpio.o
 .text.GPIO_AFIODeInit
                0x0000000000000000       0x28 ./Peripheral/src/ch32v00x_gpio.o
 .text.GPIO_StructInit
                0x0000000000000000        0xe ./Peripheral/src/ch32v00x_gpio.o
 .text.GPIO_ReadInputDataBit
                0x0000000000000000        0xa ./Peripheral/src/ch32v00x_gpio.o
 .text.GPIO_ReadInputData
                0x0000000000000000        0x8 ./Peripheral/src/ch32v00x_gpio.o
 .text.GPIO_ReadOutputDataBit
                0x0000000000000000        0xa ./Peripheral/src/ch32v00x_gpio.o
 .text.GPIO_ReadOutputData
                0x0000000000000000        0x8 ./Peripheral/src/ch32v00x_gpio.o
 .text.GPIO_SetBits
                0x0000000000000000        0x4 ./Peripheral/src/ch32v00x_gpio.o
 .text.GPIO_ResetBits
                0x0000000000000000        0x4 ./Peripheral/src/ch32v00x_gpio.o
 .text.GPIO_Write
                0x0000000000000000        0x4 ./Peripheral/src/ch32v00x_gpio.o
 .text.GPIO_PinLockConfig
                0x0000000000000000       0x10 ./Peripheral/src/ch32v00x_gpio.o
 .text.GPIO_PinRemapConfig
                0x0000000000000000       0xc4 ./Peripheral/src/ch32v00x_gpio.o
 .text.GPIO_EXTILineConfig
                0x0000000000000000       0x22 ./Peripheral/src/ch32v00x_gpio.o
 .text.GPIO_IPD_Unused
                0x0000000000000000       0xa4 ./Peripheral/src/ch32v00x_gpio.o
 .text          0x0000000000000000        0x0 ./Peripheral/src/ch32v00x_i2c.o
 .data          0x0000000000000000        0x0 ./Peripheral/src/ch32v00x_i2c.o
 .bss           0x0000000000000000        0x0 ./Peripheral/src/ch32v00x_i2c.o
 .text.I2C_DeInit
                0x0000000000000000       0x3a ./Peripheral/src/ch32v00x_i2c.o
 .text.I2C_StructInit
                0x0000000000000000       0x18 ./Peripheral/src/ch32v00x_i2c.o
 .text.I2C_DMACmd
                0x0000000000000000       0x1e ./Peripheral/src/ch32v00x_i2c.o
 .text.I2C_DMALastTransferCmd
                0x0000000000000000       0x16 ./Peripheral/src/ch32v00x_i2c.o
 .text.I2C_OwnAddress2Config
                0x0000000000000000       0x14 ./Peripheral/src/ch32v00x_i2c.o
 .text.I2C_DualAddressCmd
                0x0000000000000000       0x18 ./Peripheral/src/ch32v00x_i2c.o
 .text.I2C_GeneralCallCmd
                0x0000000000000000       0x1a ./Peripheral/src/ch32v00x_i2c.o
 .text.I2C_ITConfig
                0x0000000000000000       0x12 ./Peripheral/src/ch32v00x_i2c.o
 .text.I2C_ReadRegister
                0x0000000000000000       0x14 ./Peripheral/src/ch32v00x_i2c.o
 .text.I2C_SoftwareResetCmd
                0x0000000000000000       0x12 ./Peripheral/src/ch32v00x_i2c.o
 .text.I2C_NACKPositionConfig
                0x0000000000000000       0x22 ./Peripheral/src/ch32v00x_i2c.o
 .text.I2C_TransmitPEC
                0x0000000000000000       0x16 ./Peripheral/src/ch32v00x_i2c.o
 .text.I2C_PECPositionConfig
                0x0000000000000000       0x18 ./Peripheral/src/ch32v00x_i2c.o
 .text.I2C_CalculatePEC
                0x0000000000000000       0x1a ./Peripheral/src/ch32v00x_i2c.o
 .text.I2C_GetPEC
                0x0000000000000000        0x6 ./Peripheral/src/ch32v00x_i2c.o
 .text.I2C_ARPCmd
                0x0000000000000000       0x18 ./Peripheral/src/ch32v00x_i2c.o
 .text.I2C_StretchClockCmd
                0x0000000000000000       0x1a ./Peripheral/src/ch32v00x_i2c.o
 .text.I2C_FastModeDutyCycleConfig
                0x0000000000000000       0x1a ./Peripheral/src/ch32v00x_i2c.o
 .text.I2C_GetLastEvent
                0x0000000000000000        0xe ./Peripheral/src/ch32v00x_i2c.o
 .text.I2C_ClearFlag
                0x0000000000000000        0xc ./Peripheral/src/ch32v00x_i2c.o
 .text.I2C_GetITStatus
                0x0000000000000000       0x20 ./Peripheral/src/ch32v00x_i2c.o
 .text.I2C_ClearITPendingBit
                0x0000000000000000        0xc ./Peripheral/src/ch32v00x_i2c.o
 .text          0x0000000000000000        0x0 ./Peripheral/src/ch32v00x_iwdg.o
 .data          0x0000000000000000        0x0 ./Peripheral/src/ch32v00x_iwdg.o
 .bss           0x0000000000000000        0x0 ./Peripheral/src/ch32v00x_iwdg.o
 .text.IWDG_WriteAccessCmd
                0x0000000000000000        0x8 ./Peripheral/src/ch32v00x_iwdg.o
 .text.IWDG_SetPrescaler
                0x0000000000000000        0x8 ./Peripheral/src/ch32v00x_iwdg.o
 .text.IWDG_SetReload
                0x0000000000000000        0x8 ./Peripheral/src/ch32v00x_iwdg.o
 .text.IWDG_ReloadCounter
                0x0000000000000000        0xe ./Peripheral/src/ch32v00x_iwdg.o
 .text.IWDG_Enable
                0x0000000000000000        0xe ./Peripheral/src/ch32v00x_iwdg.o
 .text.IWDG_GetFlagStatus
                0x0000000000000000        0xe ./Peripheral/src/ch32v00x_iwdg.o
 .debug_info    0x0000000000000000      0xaae ./Peripheral/src/ch32v00x_iwdg.o
 .debug_abbrev  0x0000000000000000      0x282 ./Peripheral/src/ch32v00x_iwdg.o
 .debug_loc     0x0000000000000000       0x68 ./Peripheral/src/ch32v00x_iwdg.o
 .debug_aranges
                0x0000000000000000       0x48 ./Peripheral/src/ch32v00x_iwdg.o
 .debug_ranges  0x0000000000000000       0x38 ./Peripheral/src/ch32v00x_iwdg.o
 .debug_line    0x0000000000000000      0x3b0 ./Peripheral/src/ch32v00x_iwdg.o
 .debug_str     0x0000000000000000      0x6c0 ./Peripheral/src/ch32v00x_iwdg.o
 .comment       0x0000000000000000       0x34 ./Peripheral/src/ch32v00x_iwdg.o
 .debug_frame   0x0000000000000000       0x70 ./Peripheral/src/ch32v00x_iwdg.o
 .text          0x0000000000000000        0x0 ./Peripheral/src/ch32v00x_misc.o
 .data          0x0000000000000000        0x0 ./Peripheral/src/ch32v00x_misc.o
 .bss           0x0000000000000000        0x0 ./Peripheral/src/ch32v00x_misc.o
 .text.NVIC_Init
                0x0000000000000000       0xaa ./Peripheral/src/ch32v00x_misc.o
 .text          0x0000000000000000        0x0 ./Peripheral/src/ch32v00x_opa.o
 .data          0x0000000000000000        0x0 ./Peripheral/src/ch32v00x_opa.o
 .bss           0x0000000000000000        0x0 ./Peripheral/src/ch32v00x_opa.o
 .text.OPA_DeInit
                0x0000000000000000       0x16 ./Peripheral/src/ch32v00x_opa.o
 .text.OPA_Init
                0x0000000000000000       0x22 ./Peripheral/src/ch32v00x_opa.o
 .text.OPA_StructInit
                0x0000000000000000        0xa ./Peripheral/src/ch32v00x_opa.o
 .text.OPA_Cmd  0x0000000000000000       0x2c ./Peripheral/src/ch32v00x_opa.o
 .debug_info    0x0000000000000000      0xaa5 ./Peripheral/src/ch32v00x_opa.o
 .debug_abbrev  0x0000000000000000      0x230 ./Peripheral/src/ch32v00x_opa.o
 .debug_loc     0x0000000000000000       0x35 ./Peripheral/src/ch32v00x_opa.o
 .debug_aranges
                0x0000000000000000       0x38 ./Peripheral/src/ch32v00x_opa.o
 .debug_ranges  0x0000000000000000       0x28 ./Peripheral/src/ch32v00x_opa.o
 .debug_line    0x0000000000000000      0x3ea ./Peripheral/src/ch32v00x_opa.o
 .debug_str     0x0000000000000000      0x68e ./Peripheral/src/ch32v00x_opa.o
 .comment       0x0000000000000000       0x34 ./Peripheral/src/ch32v00x_opa.o
 .debug_frame   0x0000000000000000       0x50 ./Peripheral/src/ch32v00x_opa.o
 .text          0x0000000000000000        0x0 ./Peripheral/src/ch32v00x_pwr.o
 .data          0x0000000000000000        0x0 ./Peripheral/src/ch32v00x_pwr.o
 .bss           0x0000000000000000        0x0 ./Peripheral/src/ch32v00x_pwr.o
 .text.PWR_DeInit
                0x0000000000000000       0x2c ./Peripheral/src/ch32v00x_pwr.o
 .text.PWR_PVDCmd
                0x0000000000000000       0x14 ./Peripheral/src/ch32v00x_pwr.o
 .text.PWR_PVDLevelConfig
                0x0000000000000000       0x10 ./Peripheral/src/ch32v00x_pwr.o
 .text.PWR_AutoWakeUpCmd
                0x0000000000000000       0x14 ./Peripheral/src/ch32v00x_pwr.o
 .text.PWR_AWU_SetPrescaler
                0x0000000000000000        0xe ./Peripheral/src/ch32v00x_pwr.o
 .text.PWR_AWU_SetWindowValue
                0x0000000000000000       0x1e ./Peripheral/src/ch32v00x_pwr.o
 .text.PWR_EnterSTANDBYMode
                0x0000000000000000       0x82 ./Peripheral/src/ch32v00x_pwr.o
 .text.PWR_GetFlagStatus
                0x0000000000000000        0xe ./Peripheral/src/ch32v00x_pwr.o
 .debug_info    0x0000000000000000      0xe7f ./Peripheral/src/ch32v00x_pwr.o
 .debug_abbrev  0x0000000000000000      0x34a ./Peripheral/src/ch32v00x_pwr.o
 .debug_loc     0x0000000000000000      0x12a ./Peripheral/src/ch32v00x_pwr.o
 .debug_aranges
                0x0000000000000000       0x58 ./Peripheral/src/ch32v00x_pwr.o
 .debug_ranges  0x0000000000000000       0x88 ./Peripheral/src/ch32v00x_pwr.o
 .debug_line    0x0000000000000000      0x658 ./Peripheral/src/ch32v00x_pwr.o
 .debug_str     0x0000000000000000      0x801 ./Peripheral/src/ch32v00x_pwr.o
 .comment       0x0000000000000000       0x34 ./Peripheral/src/ch32v00x_pwr.o
 .debug_frame   0x0000000000000000       0xa4 ./Peripheral/src/ch32v00x_pwr.o
 .text          0x0000000000000000        0x0 ./Peripheral/src/ch32v00x_rcc.o
 .data          0x0000000000000000        0x0 ./Peripheral/src/ch32v00x_rcc.o
 .bss           0x0000000000000000        0x0 ./Peripheral/src/ch32v00x_rcc.o
 .text.RCC_DeInit
                0x0000000000000000       0x40 ./Peripheral/src/ch32v00x_rcc.o
 .text.RCC_HSEConfig
                0x0000000000000000       0x3c ./Peripheral/src/ch32v00x_rcc.o
 .text.RCC_AdjustHSICalibrationValue
                0x0000000000000000       0x12 ./Peripheral/src/ch32v00x_rcc.o
 .text.RCC_HSICmd
                0x0000000000000000       0x14 ./Peripheral/src/ch32v00x_rcc.o
 .text.RCC_PLLConfig
                0x0000000000000000       0x14 ./Peripheral/src/ch32v00x_rcc.o
 .text.RCC_PLLCmd
                0x0000000000000000       0x24 ./Peripheral/src/ch32v00x_rcc.o
 .text.RCC_SYSCLKConfig
                0x0000000000000000        0xe ./Peripheral/src/ch32v00x_rcc.o
 .text.RCC_GetSYSCLKSource
                0x0000000000000000        0xa ./Peripheral/src/ch32v00x_rcc.o
 .text.RCC_HCLKConfig
                0x0000000000000000       0x10 ./Peripheral/src/ch32v00x_rcc.o
 .text.RCC_ITConfig
                0x0000000000000000       0x16 ./Peripheral/src/ch32v00x_rcc.o
 .text.RCC_ADCCLKConfig
                0x0000000000000000       0x14 ./Peripheral/src/ch32v00x_rcc.o
 .text.RCC_LSICmd
                0x0000000000000000       0x14 ./Peripheral/src/ch32v00x_rcc.o
 .text.RCC_AHBPeriphClockCmd
                0x0000000000000000       0x1e ./Peripheral/src/ch32v00x_rcc.o
 .text.RCC_APB2PeriphResetCmd
                0x0000000000000000       0x1e ./Peripheral/src/ch32v00x_rcc.o
 .text.RCC_APB1PeriphResetCmd
                0x0000000000000000       0x1e ./Peripheral/src/ch32v00x_rcc.o
 .text.RCC_ClockSecuritySystemCmd
                0x0000000000000000       0x24 ./Peripheral/src/ch32v00x_rcc.o
 .text.RCC_MCOConfig
                0x0000000000000000        0x8 ./Peripheral/src/ch32v00x_rcc.o
 .text.RCC_GetFlagStatus
                0x0000000000000000       0x20 ./Peripheral/src/ch32v00x_rcc.o
 .text.RCC_WaitForHSEStartUp
                0x0000000000000000       0x42 ./Peripheral/src/ch32v00x_rcc.o
 .text.RCC_ClearFlag
                0x0000000000000000       0x10 ./Peripheral/src/ch32v00x_rcc.o
 .text.RCC_GetITStatus
                0x0000000000000000        0xe ./Peripheral/src/ch32v00x_rcc.o
 .text.RCC_ClearITPendingBit
                0x0000000000000000        0x8 ./Peripheral/src/ch32v00x_rcc.o
 .text          0x0000000000000000        0x0 ./Peripheral/src/ch32v00x_spi.o
 .data          0x0000000000000000        0x0 ./Peripheral/src/ch32v00x_spi.o
 .bss           0x0000000000000000        0x0 ./Peripheral/src/ch32v00x_spi.o
 .text.SPI_I2S_DeInit
                0x0000000000000000       0x32 ./Peripheral/src/ch32v00x_spi.o
 .text.SPI_Init
                0x0000000000000000       0x32 ./Peripheral/src/ch32v00x_spi.o
 .text.SPI_StructInit
                0x0000000000000000       0x22 ./Peripheral/src/ch32v00x_spi.o
 .text.SPI_Cmd  0x0000000000000000       0x1a ./Peripheral/src/ch32v00x_spi.o
 .text.SPI_I2S_ITConfig
                0x0000000000000000       0x1e ./Peripheral/src/ch32v00x_spi.o
 .text.SPI_I2S_DMACmd
                0x0000000000000000       0x12 ./Peripheral/src/ch32v00x_spi.o
 .text.SPI_I2S_SendData
                0x0000000000000000        0x4 ./Peripheral/src/ch32v00x_spi.o
 .text.SPI_I2S_ReceiveData
                0x0000000000000000        0x4 ./Peripheral/src/ch32v00x_spi.o
 .text.SPI_NSSInternalSoftwareConfig
                0x0000000000000000       0x24 ./Peripheral/src/ch32v00x_spi.o
 .text.SPI_SSOutputCmd
                0x0000000000000000       0x18 ./Peripheral/src/ch32v00x_spi.o
 .text.SPI_DataSizeConfig
                0x0000000000000000       0x14 ./Peripheral/src/ch32v00x_spi.o
 .text.SPI_TransmitCRC
                0x0000000000000000        0xa ./Peripheral/src/ch32v00x_spi.o
 .text.SPI_CalculateCRC
                0x0000000000000000       0x16 ./Peripheral/src/ch32v00x_spi.o
 .text.SPI_GetCRC
                0x0000000000000000       0x12 ./Peripheral/src/ch32v00x_spi.o
 .text.SPI_GetCRCPolynomial
                0x0000000000000000        0x4 ./Peripheral/src/ch32v00x_spi.o
 .text.SPI_BiDirectionalLineConfig
                0x0000000000000000       0x1a ./Peripheral/src/ch32v00x_spi.o
 .text.SPI_I2S_GetFlagStatus
                0x0000000000000000        0xa ./Peripheral/src/ch32v00x_spi.o
 .text.SPI_I2S_ClearFlag
                0x0000000000000000        0xc ./Peripheral/src/ch32v00x_spi.o
 .text.SPI_I2S_GetITStatus
                0x0000000000000000       0x28 ./Peripheral/src/ch32v00x_spi.o
 .text.SPI_I2S_ClearITPendingBit
                0x0000000000000000       0x14 ./Peripheral/src/ch32v00x_spi.o
 .debug_info    0x0000000000000000     0x1067 ./Peripheral/src/ch32v00x_spi.o
 .debug_abbrev  0x0000000000000000      0x303 ./Peripheral/src/ch32v00x_spi.o
 .debug_loc     0x0000000000000000      0x429 ./Peripheral/src/ch32v00x_spi.o
 .debug_aranges
                0x0000000000000000       0xb8 ./Peripheral/src/ch32v00x_spi.o
 .debug_ranges  0x0000000000000000       0xa8 ./Peripheral/src/ch32v00x_spi.o
 .debug_line    0x0000000000000000      0x9d6 ./Peripheral/src/ch32v00x_spi.o
 .debug_str     0x0000000000000000      0x95a ./Peripheral/src/ch32v00x_spi.o
 .comment       0x0000000000000000       0x34 ./Peripheral/src/ch32v00x_spi.o
 .debug_frame   0x0000000000000000      0x15c ./Peripheral/src/ch32v00x_spi.o
 .text          0x0000000000000000        0x0 ./Peripheral/src/ch32v00x_tim.o
 .data          0x0000000000000000        0x0 ./Peripheral/src/ch32v00x_tim.o
 .bss           0x0000000000000000        0x0 ./Peripheral/src/ch32v00x_tim.o
 .text.TI1_Config
                0x0000000000000000       0x5a ./Peripheral/src/ch32v00x_tim.o
 .text.TI2_Config
                0x0000000000000000       0x70 ./Peripheral/src/ch32v00x_tim.o
 .text.TIM_DeInit
                0x0000000000000000       0x5c ./Peripheral/src/ch32v00x_tim.o
 .text.TIM_TimeBaseInit
                0x0000000000000000       0x4e ./Peripheral/src/ch32v00x_tim.o
 .text.TIM_OC1Init
                0x0000000000000000       0x6a ./Peripheral/src/ch32v00x_tim.o
 .text.TIM_OC2Init
                0x0000000000000000       0x96 ./Peripheral/src/ch32v00x_tim.o
 .text.TIM_OC3Init
                0x0000000000000000       0x94 ./Peripheral/src/ch32v00x_tim.o
 .text.TIM_OC4Init
                0x0000000000000000       0x6e ./Peripheral/src/ch32v00x_tim.o
 .text.TIM_BDTRConfig
                0x0000000000000000       0x20 ./Peripheral/src/ch32v00x_tim.o
 .text.TIM_TimeBaseStructInit
                0x0000000000000000       0x16 ./Peripheral/src/ch32v00x_tim.o
 .text.TIM_OCStructInit
                0x0000000000000000       0x22 ./Peripheral/src/ch32v00x_tim.o
 .text.TIM_ICStructInit
                0x0000000000000000       0x16 ./Peripheral/src/ch32v00x_tim.o
 .text.TIM_BDTRStructInit
                0x0000000000000000       0x1e ./Peripheral/src/ch32v00x_tim.o
 .text.TIM_Cmd  0x0000000000000000       0x18 ./Peripheral/src/ch32v00x_tim.o
 .text.TIM_CtrlPWMOutputs
                0x0000000000000000       0x16 ./Peripheral/src/ch32v00x_tim.o
 .text.TIM_ITConfig
                0x0000000000000000       0x12 ./Peripheral/src/ch32v00x_tim.o
 .text.TIM_GenerateEvent
                0x0000000000000000        0x4 ./Peripheral/src/ch32v00x_tim.o
 .text.TIM_DMAConfig
                0x0000000000000000        0x8 ./Peripheral/src/ch32v00x_tim.o
 .text.TIM_DMACmd
                0x0000000000000000       0x18 ./Peripheral/src/ch32v00x_tim.o
 .text.TIM_InternalClockConfig
                0x0000000000000000       0x10 ./Peripheral/src/ch32v00x_tim.o
 .text.TIM_ITRxExternalClockConfig
                0x0000000000000000       0x18 ./Peripheral/src/ch32v00x_tim.o
 .text.TIM_TIxExternalClockConfig
                0x0000000000000000       0x48 ./Peripheral/src/ch32v00x_tim.o
 .text.TIM_ETRConfig
                0x0000000000000000       0x16 ./Peripheral/src/ch32v00x_tim.o
 .text.TIM_ETRClockMode1Config
                0x0000000000000000       0x2a ./Peripheral/src/ch32v00x_tim.o
 .text.TIM_ETRClockMode2Config
                0x0000000000000000       0x22 ./Peripheral/src/ch32v00x_tim.o
 .text.TIM_PrescalerConfig
                0x0000000000000000        0x6 ./Peripheral/src/ch32v00x_tim.o
 .text.TIM_CounterModeConfig
                0x0000000000000000       0x10 ./Peripheral/src/ch32v00x_tim.o
 .text.TIM_SelectInputTrigger
                0x0000000000000000       0x10 ./Peripheral/src/ch32v00x_tim.o
 .text.TIM_EncoderInterfaceConfig
                0x0000000000000000       0x3c ./Peripheral/src/ch32v00x_tim.o
 .text.TIM_ForcedOC1Config
                0x0000000000000000       0x10 ./Peripheral/src/ch32v00x_tim.o
 .text.TIM_ForcedOC2Config
                0x0000000000000000       0x14 ./Peripheral/src/ch32v00x_tim.o
 .text.TIM_ForcedOC3Config
                0x0000000000000000       0x10 ./Peripheral/src/ch32v00x_tim.o
 .text.TIM_ForcedOC4Config
                0x0000000000000000       0x14 ./Peripheral/src/ch32v00x_tim.o
 .text.TIM_ARRPreloadConfig
                0x0000000000000000       0x1a ./Peripheral/src/ch32v00x_tim.o
 .text.TIM_SelectCOM
                0x0000000000000000       0x18 ./Peripheral/src/ch32v00x_tim.o
 .text.TIM_SelectCCDMA
                0x0000000000000000       0x18 ./Peripheral/src/ch32v00x_tim.o
 .text.TIM_CCPreloadControl
                0x0000000000000000       0x18 ./Peripheral/src/ch32v00x_tim.o
 .text.TIM_OC1PreloadConfig
                0x0000000000000000        0xe ./Peripheral/src/ch32v00x_tim.o
 .text.TIM_OC2PreloadConfig
                0x0000000000000000       0x16 ./Peripheral/src/ch32v00x_tim.o
 .text.TIM_OC3PreloadConfig
                0x0000000000000000        0xe ./Peripheral/src/ch32v00x_tim.o
 .text.TIM_OC4PreloadConfig
                0x0000000000000000       0x16 ./Peripheral/src/ch32v00x_tim.o
 .text.TIM_OC1FastConfig
                0x0000000000000000        0xe ./Peripheral/src/ch32v00x_tim.o
 .text.TIM_OC2FastConfig
                0x0000000000000000       0x16 ./Peripheral/src/ch32v00x_tim.o
 .text.TIM_OC3FastConfig
                0x0000000000000000        0xe ./Peripheral/src/ch32v00x_tim.o
 .text.TIM_OC4FastConfig
                0x0000000000000000       0x16 ./Peripheral/src/ch32v00x_tim.o
 .text.TIM_ClearOC1Ref
                0x0000000000000000       0x10 ./Peripheral/src/ch32v00x_tim.o
 .text.TIM_ClearOC2Ref
                0x0000000000000000       0x12 ./Peripheral/src/ch32v00x_tim.o
 .text.TIM_ClearOC3Ref
                0x0000000000000000       0x10 ./Peripheral/src/ch32v00x_tim.o
 .text.TIM_ClearOC4Ref
                0x0000000000000000       0x12 ./Peripheral/src/ch32v00x_tim.o
 .text.TIM_OC1PolarityConfig
                0x0000000000000000        0xe ./Peripheral/src/ch32v00x_tim.o
 .text.TIM_OC1NPolarityConfig
                0x0000000000000000        0xe ./Peripheral/src/ch32v00x_tim.o
 .text.TIM_OC2PolarityConfig
                0x0000000000000000       0x16 ./Peripheral/src/ch32v00x_tim.o
 .text.TIM_OC2NPolarityConfig
                0x0000000000000000       0x16 ./Peripheral/src/ch32v00x_tim.o
 .text.TIM_OC3PolarityConfig
                0x0000000000000000       0x16 ./Peripheral/src/ch32v00x_tim.o
 .text.TIM_OC3NPolarityConfig
                0x0000000000000000       0x16 ./Peripheral/src/ch32v00x_tim.o
 .text.TIM_OC4PolarityConfig
                0x0000000000000000       0x14 ./Peripheral/src/ch32v00x_tim.o
 .text.TIM_CCxCmd
                0x0000000000000000       0x20 ./Peripheral/src/ch32v00x_tim.o
 .text.TIM_CCxNCmd
                0x0000000000000000       0x20 ./Peripheral/src/ch32v00x_tim.o
 .text.TIM_SelectOCxM
                0x0000000000000000       0x4c ./Peripheral/src/ch32v00x_tim.o
 .text.TIM_UpdateDisableConfig
                0x0000000000000000       0x18 ./Peripheral/src/ch32v00x_tim.o
 .text.TIM_UpdateRequestConfig
                0x0000000000000000       0x18 ./Peripheral/src/ch32v00x_tim.o
 .text.TIM_SelectHallSensor
                0x0000000000000000       0x1a ./Peripheral/src/ch32v00x_tim.o
 .text.TIM_SelectOnePulseMode
                0x0000000000000000       0x16 ./Peripheral/src/ch32v00x_tim.o
 .text.TIM_SelectOutputTrigger
                0x0000000000000000       0x18 ./Peripheral/src/ch32v00x_tim.o
 .text.TIM_SelectSlaveMode
                0x0000000000000000       0x16 ./Peripheral/src/ch32v00x_tim.o
 .text.TIM_SelectMasterSlaveMode
                0x0000000000000000       0x18 ./Peripheral/src/ch32v00x_tim.o
 .text.TIM_SetCounter
                0x0000000000000000        0x4 ./Peripheral/src/ch32v00x_tim.o
 .text.TIM_SetAutoreload
                0x0000000000000000        0x4 ./Peripheral/src/ch32v00x_tim.o
 .text.TIM_SetCompare1
                0x0000000000000000        0x4 ./Peripheral/src/ch32v00x_tim.o
 .text.TIM_SetCompare2
                0x0000000000000000        0x4 ./Peripheral/src/ch32v00x_tim.o
 .text.TIM_SetCompare3
                0x0000000000000000        0x4 ./Peripheral/src/ch32v00x_tim.o
 .text.TIM_SetCompare4
                0x0000000000000000        0x4 ./Peripheral/src/ch32v00x_tim.o
 .text.TIM_SetIC1Prescaler
                0x0000000000000000       0x16 ./Peripheral/src/ch32v00x_tim.o
 .text.TIM_SetIC2Prescaler
                0x0000000000000000       0x1a ./Peripheral/src/ch32v00x_tim.o
 .text.TIM_PWMIConfig
                0x0000000000000000       0xa4 ./Peripheral/src/ch32v00x_tim.o
 .text.TIM_SetIC3Prescaler
                0x0000000000000000       0x16 ./Peripheral/src/ch32v00x_tim.o
 .text.TIM_SetIC4Prescaler
                0x0000000000000000       0x1a ./Peripheral/src/ch32v00x_tim.o
 .text.TIM_ICInit
                0x0000000000000000      0x14e ./Peripheral/src/ch32v00x_tim.o
 .text.TIM_SetClockDivision
                0x0000000000000000       0x18 ./Peripheral/src/ch32v00x_tim.o
 .text.TIM_GetCapture1
                0x0000000000000000        0x8 ./Peripheral/src/ch32v00x_tim.o
 .text.TIM_GetCapture2
                0x0000000000000000        0x8 ./Peripheral/src/ch32v00x_tim.o
 .text.TIM_GetCapture3
                0x0000000000000000        0x8 ./Peripheral/src/ch32v00x_tim.o
 .text.TIM_GetCapture4
                0x0000000000000000        0x8 ./Peripheral/src/ch32v00x_tim.o
 .text.TIM_GetCounter
                0x0000000000000000        0x4 ./Peripheral/src/ch32v00x_tim.o
 .text.TIM_GetPrescaler
                0x0000000000000000        0x4 ./Peripheral/src/ch32v00x_tim.o
 .text.TIM_GetFlagStatus
                0x0000000000000000        0xa ./Peripheral/src/ch32v00x_tim.o
 .text.TIM_ClearFlag
                0x0000000000000000        0xc ./Peripheral/src/ch32v00x_tim.o
 .text.TIM_GetITStatus
                0x0000000000000000       0x18 ./Peripheral/src/ch32v00x_tim.o
 .text.TIM_ClearITPendingBit
                0x0000000000000000        0xc ./Peripheral/src/ch32v00x_tim.o
 .debug_info    0x0000000000000000     0x2949 ./Peripheral/src/ch32v00x_tim.o
 .debug_abbrev  0x0000000000000000      0x408 ./Peripheral/src/ch32v00x_tim.o
 .debug_loc     0x0000000000000000     0x1936 ./Peripheral/src/ch32v00x_tim.o
 .debug_aranges
                0x0000000000000000      0x2d0 ./Peripheral/src/ch32v00x_tim.o
 .debug_ranges  0x0000000000000000      0x2f0 ./Peripheral/src/ch32v00x_tim.o
 .debug_line    0x0000000000000000     0x3000 ./Peripheral/src/ch32v00x_tim.o
 .debug_str     0x0000000000000000     0x1270 ./Peripheral/src/ch32v00x_tim.o
 .comment       0x0000000000000000       0x34 ./Peripheral/src/ch32v00x_tim.o
 .debug_frame   0x0000000000000000      0x614 ./Peripheral/src/ch32v00x_tim.o
 .text          0x0000000000000000        0x0 ./Peripheral/src/ch32v00x_usart.o
 .data          0x0000000000000000        0x0 ./Peripheral/src/ch32v00x_usart.o
 .bss           0x0000000000000000        0x0 ./Peripheral/src/ch32v00x_usart.o
 .text.USART_DeInit
                0x0000000000000000       0x36 ./Peripheral/src/ch32v00x_usart.o
 .text.USART_StructInit
                0x0000000000000000       0x18 ./Peripheral/src/ch32v00x_usart.o
 .text.USART_ClockInit
                0x0000000000000000       0x1e ./Peripheral/src/ch32v00x_usart.o
 .text.USART_ClockStructInit
                0x0000000000000000       0x12 ./Peripheral/src/ch32v00x_usart.o
 .text.USART_ITConfig
                0x0000000000000000       0x36 ./Peripheral/src/ch32v00x_usart.o
 .text.USART_DMACmd
                0x0000000000000000       0x12 ./Peripheral/src/ch32v00x_usart.o
 .text.USART_SetAddress
                0x0000000000000000       0x16 ./Peripheral/src/ch32v00x_usart.o
 .text.USART_WakeUpConfig
                0x0000000000000000       0x14 ./Peripheral/src/ch32v00x_usart.o
 .text.USART_ReceiverWakeUpCmd
                0x0000000000000000       0x18 ./Peripheral/src/ch32v00x_usart.o
 .text.USART_LINBreakDetectLengthConfig
                0x0000000000000000       0x18 ./Peripheral/src/ch32v00x_usart.o
 .text.USART_LINCmd
                0x0000000000000000       0x16 ./Peripheral/src/ch32v00x_usart.o
 .text.USART_ReceiveData
                0x0000000000000000        0x8 ./Peripheral/src/ch32v00x_usart.o
 .text.USART_SendBreak
                0x0000000000000000        0xa ./Peripheral/src/ch32v00x_usart.o
 .text.USART_SetGuardTime
                0x0000000000000000       0x12 ./Peripheral/src/ch32v00x_usart.o
 .text.USART_SetPrescaler
                0x0000000000000000       0x18 ./Peripheral/src/ch32v00x_usart.o
 .text.USART_SmartCardCmd
                0x0000000000000000       0x1a ./Peripheral/src/ch32v00x_usart.o
 .text.USART_SmartCardNACKCmd
                0x0000000000000000       0x18 ./Peripheral/src/ch32v00x_usart.o
 .text.USART_HalfDuplexCmd
                0x0000000000000000       0x18 ./Peripheral/src/ch32v00x_usart.o
 .text.USART_OverSampling8Cmd
                0x0000000000000000       0x12 ./Peripheral/src/ch32v00x_usart.o
 .text.USART_OneBitMethodCmd
                0x0000000000000000       0x1e ./Peripheral/src/ch32v00x_usart.o
 .text.USART_IrDAConfig
                0x0000000000000000       0x16 ./Peripheral/src/ch32v00x_usart.o
 .text.USART_IrDACmd
                0x0000000000000000       0x18 ./Peripheral/src/ch32v00x_usart.o
 .text.USART_ClearFlag
                0x0000000000000000        0xc ./Peripheral/src/ch32v00x_usart.o
 .text.USART_GetITStatus
                0x0000000000000000       0x3c ./Peripheral/src/ch32v00x_usart.o
 .text.USART_ClearITPendingBit
                0x0000000000000000       0x14 ./Peripheral/src/ch32v00x_usart.o
 .text          0x0000000000000000        0x0 ./Peripheral/src/ch32v00x_wwdg.o
 .data          0x0000000000000000        0x0 ./Peripheral/src/ch32v00x_wwdg.o
 .bss           0x0000000000000000        0x0 ./Peripheral/src/ch32v00x_wwdg.o
 .text.WWDG_DeInit
                0x0000000000000000       0x2e ./Peripheral/src/ch32v00x_wwdg.o
 .text.WWDG_SetPrescaler
                0x0000000000000000       0x14 ./Peripheral/src/ch32v00x_wwdg.o
 .text.WWDG_SetWindowValue
                0x0000000000000000       0x26 ./Peripheral/src/ch32v00x_wwdg.o
 .text.WWDG_EnableIT
                0x0000000000000000       0x12 ./Peripheral/src/ch32v00x_wwdg.o
 .text.WWDG_SetCounter
                0x0000000000000000        0xe ./Peripheral/src/ch32v00x_wwdg.o
 .text.WWDG_Enable
                0x0000000000000000        0xe ./Peripheral/src/ch32v00x_wwdg.o
 .text.WWDG_GetFlagStatus
                0x0000000000000000        0xa ./Peripheral/src/ch32v00x_wwdg.o
 .text.WWDG_ClearFlag
                0x0000000000000000        0xa ./Peripheral/src/ch32v00x_wwdg.o
 .debug_info    0x0000000000000000      0xb27 ./Peripheral/src/ch32v00x_wwdg.o
 .debug_abbrev  0x0000000000000000      0x29d ./Peripheral/src/ch32v00x_wwdg.o
 .debug_loc     0x0000000000000000       0xae ./Peripheral/src/ch32v00x_wwdg.o
 .debug_aranges
                0x0000000000000000       0x58 ./Peripheral/src/ch32v00x_wwdg.o
 .debug_ranges  0x0000000000000000       0x48 ./Peripheral/src/ch32v00x_wwdg.o
 .debug_line    0x0000000000000000      0x498 ./Peripheral/src/ch32v00x_wwdg.o
 .debug_str     0x0000000000000000      0x6d3 ./Peripheral/src/ch32v00x_wwdg.o
 .comment       0x0000000000000000       0x34 ./Peripheral/src/ch32v00x_wwdg.o
 .debug_frame   0x0000000000000000       0xa4 ./Peripheral/src/ch32v00x_wwdg.o
 .text          0x0000000000000000        0x0 ./HAL/i2c_hal.o
 .data          0x0000000000000000        0x0 ./HAL/i2c_hal.o
 .bss           0x0000000000000000        0x0 ./HAL/i2c_hal.o
 .text.HAL_I2C_Mem_Read
                0x0000000000000000      0x298 ./HAL/i2c_hal.o
 .text          0x0000000000000000        0x0 ./HAL/spi_hal.o
 .data          0x0000000000000000        0x0 ./HAL/spi_hal.o
 .bss           0x0000000000000000        0x0 ./HAL/spi_hal.o
 .text.HAL_SPI_Init
                0x0000000000000000       0xc4 ./HAL/spi_hal.o
 .text.HAL_SPI_Write
                0x0000000000000000       0x9a ./HAL/spi_hal.o
 .text.HAL_SPI_Read
                0x0000000000000000        0x4 ./HAL/spi_hal.o
 .debug_info    0x0000000000000000      0xf25 ./HAL/spi_hal.o
 .debug_abbrev  0x0000000000000000      0x2b2 ./HAL/spi_hal.o
 .debug_loc     0x0000000000000000      0x138 ./HAL/spi_hal.o
 .debug_aranges
                0x0000000000000000       0x30 ./HAL/spi_hal.o
 .debug_ranges  0x0000000000000000       0x20 ./HAL/spi_hal.o
 .debug_line    0x0000000000000000      0x673 ./HAL/spi_hal.o
 .debug_str     0x0000000000000000      0x950 ./HAL/spi_hal.o
 .comment       0x0000000000000000       0x34 ./HAL/spi_hal.o
 .debug_frame   0x0000000000000000       0x70 ./HAL/spi_hal.o
 .text          0x0000000000000000        0x0 ./HAL/systick_hal.o
 .data          0x0000000000000000        0x0 ./HAL/systick_hal.o
 .bss           0x0000000000000000        0x0 ./HAL/systick_hal.o
 .text          0x0000000000000000        0x0 ./Debug/debug.o
 .data          0x0000000000000000        0x0 ./Debug/debug.o
 .bss           0x0000000000000000        0x0 ./Debug/debug.o
 .text.Delay_Us
                0x0000000000000000       0x4a ./Debug/debug.o
 .text.Delay_Ms
                0x0000000000000000       0x4a ./Debug/debug.o
 .text._sbrk    0x0000000000000000       0x2e ./Debug/debug.o
 .data.curbrk.4068
                0x0000000000000000        0x4 ./Debug/debug.o
 .text          0x0000000000000000        0x0 ./Core/core_riscv.o
 .data          0x0000000000000000        0x0 ./Core/core_riscv.o
 .bss           0x0000000000000000        0x0 ./Core/core_riscv.o
 .text.__get_MSTATUS
                0x0000000000000000        0x6 ./Core/core_riscv.o
 .text.__set_MSTATUS
                0x0000000000000000        0x6 ./Core/core_riscv.o
 .text.__get_MISA
                0x0000000000000000        0x6 ./Core/core_riscv.o
 .text.__set_MISA
                0x0000000000000000        0x6 ./Core/core_riscv.o
 .text.__get_MTVEC
                0x0000000000000000        0x6 ./Core/core_riscv.o
 .text.__set_MTVEC
                0x0000000000000000        0x6 ./Core/core_riscv.o
 .text.__get_MSCRATCH
                0x0000000000000000        0x6 ./Core/core_riscv.o
 .text.__set_MSCRATCH
                0x0000000000000000        0x6 ./Core/core_riscv.o
 .text.__get_MEPC
                0x0000000000000000        0x6 ./Core/core_riscv.o
 .text.__set_MEPC
                0x0000000000000000        0x6 ./Core/core_riscv.o
 .text.__get_MCAUSE
                0x0000000000000000        0x6 ./Core/core_riscv.o
 .text.__set_MCAUSE
                0x0000000000000000        0x6 ./Core/core_riscv.o
 .text.__get_MVENDORID
                0x0000000000000000        0x6 ./Core/core_riscv.o
 .text.__get_MARCHID
                0x0000000000000000        0x6 ./Core/core_riscv.o
 .text.__get_MIMPID
                0x0000000000000000        0x6 ./Core/core_riscv.o
 .text.__get_MHARTID
                0x0000000000000000        0x6 ./Core/core_riscv.o
 .text.__get_SP
                0x0000000000000000        0x4 ./Core/core_riscv.o
 .debug_info    0x0000000000000000      0x324 ./Core/core_riscv.o
 .debug_abbrev  0x0000000000000000       0xe0 ./Core/core_riscv.o
 .debug_aranges
                0x0000000000000000       0xa0 ./Core/core_riscv.o
 .debug_ranges  0x0000000000000000       0x90 ./Core/core_riscv.o
 .debug_line    0x0000000000000000      0x412 ./Core/core_riscv.o
 .debug_str     0x0000000000000000      0x2a5 ./Core/core_riscv.o
 .comment       0x0000000000000000       0x34 ./Core/core_riscv.o
 .debug_frame   0x0000000000000000      0x120 ./Core/core_riscv.o
 .text          0x0000000000000000        0x0 d:/mounriver/mounriver_studio/toolchain/risc-v embedded gcc/bin/../lib/gcc/riscv-none-embed/8.2.0/../../../../riscv-none-embed/lib/rv32ecxw/ilp32e\libprintf.a(wchprintf.o)
 .data          0x0000000000000000        0x0 d:/mounriver/mounriver_studio/toolchain/risc-v embedded gcc/bin/../lib/gcc/riscv-none-embed/8.2.0/../../../../riscv-none-embed/lib/rv32ecxw/ilp32e\libprintf.a(wchprintf.o)
 .bss           0x0000000000000000        0x0 d:/mounriver/mounriver_studio/toolchain/risc-v embedded gcc/bin/../lib/gcc/riscv-none-embed/8.2.0/../../../../riscv-none-embed/lib/rv32ecxw/ilp32e\libprintf.a(wchprintf.o)
 .text.snprintf
                0x0000000000000000       0x2e d:/mounriver/mounriver_studio/toolchain/risc-v embedded gcc/bin/../lib/gcc/riscv-none-embed/8.2.0/../../../../riscv-none-embed/lib/rv32ecxw/ilp32e\libprintf.a(wchprintf.o)
 .text.putchar  0x0000000000000000       0x1c d:/mounriver/mounriver_studio/toolchain/risc-v embedded gcc/bin/../lib/gcc/riscv-none-embed/8.2.0/../../../../riscv-none-embed/lib/rv32ecxw/ilp32e\libprintf.a(wchprintf.o)
 .data          0x0000000000000000        0x0 d:/mounriver/mounriver_studio/toolchain/risc-v embedded gcc/bin/../lib/gcc/riscv-none-embed/8.2.0/rv32ecxw/ilp32e\libgcc.a(save-restore.o)
 .bss           0x0000000000000000        0x0 d:/mounriver/mounriver_studio/toolchain/risc-v embedded gcc/bin/../lib/gcc/riscv-none-embed/8.2.0/rv32ecxw/ilp32e\libgcc.a(save-restore.o)
 .eh_frame      0x0000000000000000       0x68 d:/mounriver/mounriver_studio/toolchain/risc-v embedded gcc/bin/../lib/gcc/riscv-none-embed/8.2.0/rv32ecxw/ilp32e\libgcc.a(save-restore.o)
 .data          0x0000000000000000        0x0 d:/mounriver/mounriver_studio/toolchain/risc-v embedded gcc/bin/../lib/gcc/riscv-none-embed/8.2.0/rv32ecxw/ilp32e\libgcc.a(muldi3.o)
 .bss           0x0000000000000000        0x0 d:/mounriver/mounriver_studio/toolchain/risc-v embedded gcc/bin/../lib/gcc/riscv-none-embed/8.2.0/rv32ecxw/ilp32e\libgcc.a(muldi3.o)
 .data          0x0000000000000000        0x0 d:/mounriver/mounriver_studio/toolchain/risc-v embedded gcc/bin/../lib/gcc/riscv-none-embed/8.2.0/rv32ecxw/ilp32e\libgcc.a(div.o)
 .bss           0x0000000000000000        0x0 d:/mounriver/mounriver_studio/toolchain/risc-v embedded gcc/bin/../lib/gcc/riscv-none-embed/8.2.0/rv32ecxw/ilp32e\libgcc.a(div.o)
 .data          0x0000000000000000        0x0 d:/mounriver/mounriver_studio/toolchain/risc-v embedded gcc/bin/../lib/gcc/riscv-none-embed/8.2.0/../../../../riscv-none-embed/lib/rv32ecxw/ilp32e\libg_nano.a(lib_a-memset.o)
 .bss           0x0000000000000000        0x0 d:/mounriver/mounriver_studio/toolchain/risc-v embedded gcc/bin/../lib/gcc/riscv-none-embed/8.2.0/../../../../riscv-none-embed/lib/rv32ecxw/ilp32e\libg_nano.a(lib_a-memset.o)
 .text          0x0000000000000000        0x0 d:/mounriver/mounriver_studio/toolchain/risc-v embedded gcc/bin/../lib/gcc/riscv-none-embed/8.2.0/../../../../riscv-none-embed/lib/rv32ecxw/ilp32e\libg_nano.a(lib_a-strcpy.o)
 .data          0x0000000000000000        0x0 d:/mounriver/mounriver_studio/toolchain/risc-v embedded gcc/bin/../lib/gcc/riscv-none-embed/8.2.0/../../../../riscv-none-embed/lib/rv32ecxw/ilp32e\libg_nano.a(lib_a-strcpy.o)
 .bss           0x0000000000000000        0x0 d:/mounriver/mounriver_studio/toolchain/risc-v embedded gcc/bin/../lib/gcc/riscv-none-embed/8.2.0/../../../../riscv-none-embed/lib/rv32ecxw/ilp32e\libg_nano.a(lib_a-strcpy.o)
 .text          0x0000000000000000        0x0 d:/mounriver/mounriver_studio/toolchain/risc-v embedded gcc/bin/../lib/gcc/riscv-none-embed/8.2.0/../../../../riscv-none-embed/lib/rv32ecxw/ilp32e\libg_nano.a(lib_a-strlen.o)
 .data          0x0000000000000000        0x0 d:/mounriver/mounriver_studio/toolchain/risc-v embedded gcc/bin/../lib/gcc/riscv-none-embed/8.2.0/../../../../riscv-none-embed/lib/rv32ecxw/ilp32e\libg_nano.a(lib_a-strlen.o)
 .bss           0x0000000000000000        0x0 d:/mounriver/mounriver_studio/toolchain/risc-v embedded gcc/bin/../lib/gcc/riscv-none-embed/8.2.0/../../../../riscv-none-embed/lib/rv32ecxw/ilp32e\libg_nano.a(lib_a-strlen.o)
 .text.strlen   0x0000000000000000       0x12 d:/mounriver/mounriver_studio/toolchain/risc-v embedded gcc/bin/../lib/gcc/riscv-none-embed/8.2.0/../../../../riscv-none-embed/lib/rv32ecxw/ilp32e\libg_nano.a(lib_a-strlen.o)
 .debug_frame   0x0000000000000000       0x20 d:/mounriver/mounriver_studio/toolchain/risc-v embedded gcc/bin/../lib/gcc/riscv-none-embed/8.2.0/../../../../riscv-none-embed/lib/rv32ecxw/ilp32e\libg_nano.a(lib_a-strlen.o)

Memory Configuration

Name             Origin             Length             Attributes
FLASH            0x0000000000000000 0x0000000000004000 xr
RAM              0x0000000020000000 0x0000000000000800 xrw
*default*        0x0000000000000000 0xffffffffffffffff

Linker script and memory map

LOAD ./User/ssd1306/fonts.o
LOAD ./User/ssd1306/ssd1306.o
LOAD ./User/scd4x/scd4x.o
LOAD ./User/ch32v00x_it.o
LOAD ./User/main.o
LOAD ./User/system_ch32v00x.o
LOAD ./Startup/startup_ch32v00x.o
LOAD ./Peripheral/src/ch32v00x_adc.o
LOAD ./Peripheral/src/ch32v00x_dbgmcu.o
LOAD ./Peripheral/src/ch32v00x_dma.o
LOAD ./Peripheral/src/ch32v00x_exti.o
LOAD ./Peripheral/src/ch32v00x_flash.o
LOAD ./Peripheral/src/ch32v00x_gpio.o
LOAD ./Peripheral/src/ch32v00x_i2c.o
LOAD ./Peripheral/src/ch32v00x_iwdg.o
LOAD ./Peripheral/src/ch32v00x_misc.o
LOAD ./Peripheral/src/ch32v00x_opa.o
LOAD ./Peripheral/src/ch32v00x_pwr.o
LOAD ./Peripheral/src/ch32v00x_rcc.o
LOAD ./Peripheral/src/ch32v00x_spi.o
LOAD ./Peripheral/src/ch32v00x_tim.o
LOAD ./Peripheral/src/ch32v00x_usart.o
LOAD ./Peripheral/src/ch32v00x_wwdg.o
LOAD ./HAL/i2c_hal.o
LOAD ./HAL/spi_hal.o
LOAD ./HAL/systick_hal.o
LOAD ./Debug/debug.o
LOAD ./Core/core_riscv.o
LOAD d:/mounriver/mounriver_studio/toolchain/risc-v embedded gcc/bin/../lib/gcc/riscv-none-embed/8.2.0/../../../../riscv-none-embed/lib/rv32ecxw/ilp32e\libprintf.a
LOAD d:/mounriver/mounriver_studio/toolchain/risc-v embedded gcc/bin/../lib/gcc/riscv-none-embed/8.2.0/rv32ecxw/ilp32e\libgcc.a
LOAD d:/mounriver/mounriver_studio/toolchain/risc-v embedded gcc/bin/../lib/gcc/riscv-none-embed/8.2.0/../../../../riscv-none-embed/lib/rv32ecxw/ilp32e\libg_nano.a
LOAD d:/mounriver/mounriver_studio/toolchain/risc-v embedded gcc/bin/../lib/gcc/riscv-none-embed/8.2.0/../../../../riscv-none-embed/lib/rv32ecxw/ilp32e\libc_nano.a
LOAD d:/mounriver/mounriver_studio/toolchain/risc-v embedded gcc/bin/../lib/gcc/riscv-none-embed/8.2.0/rv32ecxw/ilp32e\libgcc.a
START GROUP
LOAD d:/mounriver/mounriver_studio/toolchain/risc-v embedded gcc/bin/../lib/gcc/riscv-none-embed/8.2.0/rv32ecxw/ilp32e\libgcc.a
LOAD d:/mounriver/mounriver_studio/toolchain/risc-v embedded gcc/bin/../lib/gcc/riscv-none-embed/8.2.0/../../../../riscv-none-embed/lib/rv32ecxw/ilp32e\libc_nano.a
LOAD d:/mounriver/mounriver_studio/toolchain/risc-v embedded gcc/bin/../lib/gcc/riscv-none-embed/8.2.0/../../../../riscv-none-embed/lib/rv32ecxw/ilp32e\libnosys.a
END GROUP
START GROUP
LOAD d:/mounriver/mounriver_studio/toolchain/risc-v embedded gcc/bin/../lib/gcc/riscv-none-embed/8.2.0/rv32ecxw/ilp32e\libgcc.a
LOAD d:/mounriver/mounriver_studio/toolchain/risc-v embedded gcc/bin/../lib/gcc/riscv-none-embed/8.2.0/../../../../riscv-none-embed/lib/rv32ecxw/ilp32e\libc_nano.a
LOAD d:/mounriver/mounriver_studio/toolchain/risc-v embedded gcc/bin/../lib/gcc/riscv-none-embed/8.2.0/../../../../riscv-none-embed/lib/rv32ecxw/ilp32e\libnosys.a
END GROUP
                0x0000000000000100                __stack_size = 0x100
                [!provide]                        PROVIDE (_stack_size = __stack_size)

.init           0x0000000000000000       0xa0
                0x0000000000000000                _sinit = .
                0x0000000000000000                . = ALIGN (0x4)
 *(SORT_NONE(.init))
 .init          0x0000000000000000       0x9e ./Startup/startup_ch32v00x.o
                0x0000000000000000                _start
                0x00000000000000a0                . = ALIGN (0x4)
 *fill*         0x000000000000009e        0x2 
                0x00000000000000a0                _einit = .

.text           0x00000000000000a0     0x2f50
                0x00000000000000a0                . = ALIGN (0x4)
 *(.text)
 .text          0x00000000000000a0       0x14 d:/mounriver/mounriver_studio/toolchain/risc-v embedded gcc/bin/../lib/gcc/riscv-none-embed/8.2.0/rv32ecxw/ilp32e\libgcc.a(save-restore.o)
                0x00000000000000a0                __riscv_save_1
                0x00000000000000a0                __riscv_save_2
                0x00000000000000a0                __riscv_save_0
                0x00000000000000aa                __riscv_restore_0
                0x00000000000000aa                __riscv_restore_1
                0x00000000000000aa                __riscv_restore_2
 .text          0x00000000000000b4       0x16 d:/mounriver/mounriver_studio/toolchain/risc-v embedded gcc/bin/../lib/gcc/riscv-none-embed/8.2.0/rv32ecxw/ilp32e\libgcc.a(muldi3.o)
                0x00000000000000b4                __mulsi3
 *fill*         0x00000000000000ca        0x2 
 .text          0x00000000000000cc       0x7e d:/mounriver/mounriver_studio/toolchain/risc-v embedded gcc/bin/../lib/gcc/riscv-none-embed/8.2.0/rv32ecxw/ilp32e\libgcc.a(div.o)
                0x00000000000000cc                __divsi3
                0x00000000000000d4                __udivsi3
                0x0000000000000100                __umodsi3
                0x0000000000000124                __modsi3
 .text          0x000000000000014a       0xa8 d:/mounriver/mounriver_studio/toolchain/risc-v embedded gcc/bin/../lib/gcc/riscv-none-embed/8.2.0/../../../../riscv-none-embed/lib/rv32ecxw/ilp32e\libg_nano.a(lib_a-memset.o)
                0x000000000000014a                memset
 *(.text.*)
 .text.SSD1306_writecommand
                0x00000000000001f2       0x28 ./User/ssd1306/ssd1306.o
                0x00000000000001f2                SSD1306_writecommand
 .text.SSD1306_UpdateScreen
                0x000000000000021a       0x46 ./User/ssd1306/ssd1306.o
                0x000000000000021a                SSD1306_UpdateScreen
 .text.SSD1306_Fill
                0x0000000000000260       0x18 ./User/ssd1306/ssd1306.o
                0x0000000000000260                SSD1306_Fill
 .text.SSD1306_Init
                0x0000000000000278       0xd0 ./User/ssd1306/ssd1306.o
                0x0000000000000278                SSD1306_Init
 .text.SSD1306_DrawPixel
                0x0000000000000348       0x4e ./User/ssd1306/ssd1306.o
                0x0000000000000348                SSD1306_DrawPixel
 .text.SSD1306_GotoXY
                0x0000000000000396        0xe ./User/ssd1306/ssd1306.o
                0x0000000000000396                SSD1306_GotoXY
 .text.SSD1306_Putc
                0x00000000000003a4       0xd2 ./User/ssd1306/ssd1306.o
                0x00000000000003a4                SSD1306_Putc
 .text.SSD1306_Puts
                0x0000000000000476       0x30 ./User/ssd1306/ssd1306.o
                0x0000000000000476                SSD1306_Puts
 .text.scd4x_transmit_data
                0x00000000000004a6       0x1e ./User/scd4x/scd4x.o
                0x00000000000004a6                scd4x_transmit_data
 .text.scd4x_send_command
                0x00000000000004c4       0x1a ./User/scd4x/scd4x.o
                0x00000000000004c4                scd4x_send_command
 .text.scd4x_receive_data
                0x00000000000004de       0x1e ./User/scd4x/scd4x.o
                0x00000000000004de                scd4x_receive_data
 .text.scd4x_Init
                0x00000000000004fc        0xe ./User/scd4x/scd4x.o
                0x00000000000004fc                scd4x_Init
 .text.scd4x_is_data_ready
                0x000000000000050a       0x2c ./User/scd4x/scd4x.o
                0x000000000000050a                scd4x_is_data_ready
 .text.sensirion_common_generate_crc
                0x0000000000000536       0x46 ./User/scd4x/scd4x.o
                0x0000000000000536                sensirion_common_generate_crc
 .text.scd4x_read_measurement
                0x000000000000057c       0xac ./User/scd4x/scd4x.o
                0x000000000000057c                scd4x_read_measurement
 .text.NMI_Handler
                0x0000000000000628        0x4 ./User/ch32v00x_it.o
                0x0000000000000628                NMI_Handler
 .text.HardFault_Handler
                0x000000000000062c        0x2 ./User/ch32v00x_it.o
                0x000000000000062c                HardFault_Handler
 .text.GPIO_Toggle_INIT
                0x000000000000062e       0x32 ./User/main.o
                0x000000000000062e                GPIO_Toggle_INIT
 .text.startup.main
                0x0000000000000660      0x1ca ./User/main.o
                0x0000000000000660                main
 .text.SystemInit
                0x000000000000082a      0x12a ./User/system_ch32v00x.o
                0x000000000000082a                SystemInit
 .text.SystemCoreClockUpdate
                0x0000000000000954       0x6c ./User/system_ch32v00x.o
                0x0000000000000954                SystemCoreClockUpdate
 .text.vector_handler
                0x00000000000009c0       0x36 ./Startup/startup_ch32v00x.o
                0x00000000000009c6                SW_Handler
                0x00000000000009c8                WWDG_IRQHandler
                0x00000000000009ca                PVD_IRQHandler
                0x00000000000009cc                FLASH_IRQHandler
                0x00000000000009ce                RCC_IRQHandler
                0x00000000000009d0                EXTI7_0_IRQHandler
                0x00000000000009d2                AWU_IRQHandler
                0x00000000000009d4                DMA1_Channel1_IRQHandler
                0x00000000000009d6                DMA1_Channel2_IRQHandler
                0x00000000000009d8                DMA1_Channel3_IRQHandler
                0x00000000000009da                DMA1_Channel4_IRQHandler
                0x00000000000009dc                DMA1_Channel5_IRQHandler
                0x00000000000009de                DMA1_Channel6_IRQHandler
                0x00000000000009e0                DMA1_Channel7_IRQHandler
                0x00000000000009e2                ADC1_IRQHandler
                0x00000000000009e4                I2C1_EV_IRQHandler
                0x00000000000009e6                I2C1_ER_IRQHandler
                0x00000000000009e8                USART1_IRQHandler
                0x00000000000009ea                SPI1_IRQHandler
                0x00000000000009ec                TIM1_BRK_IRQHandler
                0x00000000000009ee                TIM1_UP_IRQHandler
                0x00000000000009f0                TIM1_TRG_COM_IRQHandler
                0x00000000000009f2                TIM1_CC_IRQHandler
                0x00000000000009f4                TIM2_IRQHandler
 .text.handle_reset
                0x00000000000009f6       0x84 ./Startup/startup_ch32v00x.o
                0x00000000000009f6                handle_reset
 .text.DBGMCU_GetCHIPID
                0x0000000000000a7a        0xa ./Peripheral/src/ch32v00x_dbgmcu.o
                0x0000000000000a7a                DBGMCU_GetCHIPID
 .text.GPIO_Init
                0x0000000000000a84       0xd6 ./Peripheral/src/ch32v00x_gpio.o
                0x0000000000000a84                GPIO_Init
 .text.GPIO_WriteBit
                0x0000000000000b5a        0xa ./Peripheral/src/ch32v00x_gpio.o
                0x0000000000000b5a                GPIO_WriteBit
 .text.I2C_Init
                0x0000000000000b64       0xe2 ./Peripheral/src/ch32v00x_i2c.o
                0x0000000000000b64                I2C_Init
 .text.I2C_Cmd  0x0000000000000c46       0x18 ./Peripheral/src/ch32v00x_i2c.o
                0x0000000000000c46                I2C_Cmd
 .text.I2C_GenerateSTART
                0x0000000000000c5e       0x1a ./Peripheral/src/ch32v00x_i2c.o
                0x0000000000000c5e                I2C_GenerateSTART
 .text.I2C_GenerateSTOP
                0x0000000000000c78       0x1a ./Peripheral/src/ch32v00x_i2c.o
                0x0000000000000c78                I2C_GenerateSTOP
 .text.I2C_AcknowledgeConfig
                0x0000000000000c92       0x1a ./Peripheral/src/ch32v00x_i2c.o
                0x0000000000000c92                I2C_AcknowledgeConfig
 .text.I2C_SendData
                0x0000000000000cac        0x4 ./Peripheral/src/ch32v00x_i2c.o
                0x0000000000000cac                I2C_SendData
 .text.I2C_ReceiveData
                0x0000000000000cb0        0x8 ./Peripheral/src/ch32v00x_i2c.o
                0x0000000000000cb0                I2C_ReceiveData
 .text.I2C_Send7bitAddress
                0x0000000000000cb8       0x12 ./Peripheral/src/ch32v00x_i2c.o
                0x0000000000000cb8                I2C_Send7bitAddress
 .text.I2C_CheckEvent
                0x0000000000000cca       0x16 ./Peripheral/src/ch32v00x_i2c.o
                0x0000000000000cca                I2C_CheckEvent
 .text.I2C_GetFlagStatus
                0x0000000000000ce0       0x32 ./Peripheral/src/ch32v00x_i2c.o
                0x0000000000000ce0                I2C_GetFlagStatus
 .text.NVIC_PriorityGroupConfig
                0x0000000000000d12        0x6 ./Peripheral/src/ch32v00x_misc.o
                0x0000000000000d12                NVIC_PriorityGroupConfig
 .text.RCC_GetClocksFreq
                0x0000000000000d18       0x9c ./Peripheral/src/ch32v00x_rcc.o
                0x0000000000000d18                RCC_GetClocksFreq
 .text.RCC_APB2PeriphClockCmd
                0x0000000000000db4       0x1e ./Peripheral/src/ch32v00x_rcc.o
                0x0000000000000db4                RCC_APB2PeriphClockCmd
 .text.RCC_APB1PeriphClockCmd
                0x0000000000000dd2       0x1e ./Peripheral/src/ch32v00x_rcc.o
                0x0000000000000dd2                RCC_APB1PeriphClockCmd
 .text.USART_Init
                0x0000000000000df0       0xcc ./Peripheral/src/ch32v00x_usart.o
                0x0000000000000df0                USART_Init
 .text.USART_Cmd
                0x0000000000000ebc       0x16 ./Peripheral/src/ch32v00x_usart.o
                0x0000000000000ebc                USART_Cmd
 .text.USART_SendData
                0x0000000000000ed2        0x8 ./Peripheral/src/ch32v00x_usart.o
                0x0000000000000ed2                USART_SendData
 .text.USART_GetFlagStatus
                0x0000000000000eda        0xa ./Peripheral/src/ch32v00x_usart.o
                0x0000000000000eda                USART_GetFlagStatus
 .text.HAL_I2C_Init
                0x0000000000000ee4       0x8a ./HAL/i2c_hal.o
                0x0000000000000ee4                HAL_I2C_Init
 .text.HAL_I2C_Transmit
                0x0000000000000f6e      0x10a ./HAL/i2c_hal.o
                0x0000000000000f6e                HAL_I2C_Transmit
 .text.HAL_I2C_Receive
                0x0000000000001078      0x13e ./HAL/i2c_hal.o
                0x0000000000001078                HAL_I2C_Receive
 .text.HAL_I2C_Mem_Write
                0x00000000000011b6      0x154 ./HAL/i2c_hal.o
                0x00000000000011b6                HAL_I2C_Mem_Write
 .text.Systick_Init
                0x000000000000130a       0x36 ./HAL/systick_hal.o
                0x000000000000130a                Systick_Init
 .text.Systick_Increment
                0x0000000000001340        0xc ./HAL/systick_hal.o
                0x0000000000001340                Systick_Increment
 .text.delay_1ms
                0x000000000000134c       0x10 ./HAL/systick_hal.o
                0x000000000000134c                delay_1ms
 .text.delay_decrement
                0x000000000000135c       0x10 ./HAL/systick_hal.o
                0x000000000000135c                delay_decrement
 .text.get_tick
                0x000000000000136c        0x6 ./HAL/systick_hal.o
                0x000000000000136c                get_tick
 .text.SysTick_Handler
                0x0000000000001372       0x10 ./HAL/systick_hal.o
                0x0000000000001372                SysTick_Handler
 .text.Delay_Init
                0x0000000000001382       0x34 ./Debug/debug.o
                0x0000000000001382                Delay_Init
 .text.USART_Printf_Init
                0x00000000000013b6       0x5c ./Debug/debug.o
                0x00000000000013b6                USART_Printf_Init
 .text._write   0x0000000000001412       0x50 ./Debug/debug.o
                0x0000000000001412                _write
 .text.printchar
                0x0000000000001462       0x48 d:/mounriver/mounriver_studio/toolchain/risc-v embedded gcc/bin/../lib/gcc/riscv-none-embed/8.2.0/../../../../riscv-none-embed/lib/rv32ecxw/ilp32e\libprintf.a(wchprintf.o)
                0x0000000000001462                printchar
 .text.prints   0x00000000000014aa       0xe6 d:/mounriver/mounriver_studio/toolchain/risc-v embedded gcc/bin/../lib/gcc/riscv-none-embed/8.2.0/../../../../riscv-none-embed/lib/rv32ecxw/ilp32e\libprintf.a(wchprintf.o)
                0x00000000000014aa                prints
 .text.printInt
                0x0000000000001590      0x10e d:/mounriver/mounriver_studio/toolchain/risc-v embedded gcc/bin/../lib/gcc/riscv-none-embed/8.2.0/../../../../riscv-none-embed/lib/rv32ecxw/ilp32e\libprintf.a(wchprintf.o)
                0x0000000000001590                printInt
 .text.printLongLongInt
                0x000000000000169e        0x4 d:/mounriver/mounriver_studio/toolchain/risc-v embedded gcc/bin/../lib/gcc/riscv-none-embed/8.2.0/../../../../riscv-none-embed/lib/rv32ecxw/ilp32e\libprintf.a(wchprintf.o)
                0x000000000000169e                printLongLongInt
 .text.printDouble
                0x00000000000016a2        0x4 d:/mounriver/mounriver_studio/toolchain/risc-v embedded gcc/bin/../lib/gcc/riscv-none-embed/8.2.0/../../../../riscv-none-embed/lib/rv32ecxw/ilp32e\libprintf.a(wchprintf.o)
                0x00000000000016a2                printDouble
 .text.print    0x00000000000016a6      0x35e d:/mounriver/mounriver_studio/toolchain/risc-v embedded gcc/bin/../lib/gcc/riscv-none-embed/8.2.0/../../../../riscv-none-embed/lib/rv32ecxw/ilp32e\libprintf.a(wchprintf.o)
                0x00000000000016a6                print
 .text.printf   0x0000000000001a04       0x24 d:/mounriver/mounriver_studio/toolchain/risc-v embedded gcc/bin/../lib/gcc/riscv-none-embed/8.2.0/../../../../riscv-none-embed/lib/rv32ecxw/ilp32e\libprintf.a(wchprintf.o)
                0x0000000000001a04                printf
 .text.sprintf  0x0000000000001a28       0x28 d:/mounriver/mounriver_studio/toolchain/risc-v embedded gcc/bin/../lib/gcc/riscv-none-embed/8.2.0/../../../../riscv-none-embed/lib/rv32ecxw/ilp32e\libprintf.a(wchprintf.o)
                0x0000000000001a28                sprintf
 .text.puts     0x0000000000001a50       0x4a d:/mounriver/mounriver_studio/toolchain/risc-v embedded gcc/bin/../lib/gcc/riscv-none-embed/8.2.0/../../../../riscv-none-embed/lib/rv32ecxw/ilp32e\libprintf.a(wchprintf.o)
                0x0000000000001a50                puts
 .text.strcpy   0x0000000000001a9a       0x10 d:/mounriver/mounriver_studio/toolchain/risc-v embedded gcc/bin/../lib/gcc/riscv-none-embed/8.2.0/../../../../riscv-none-embed/lib/rv32ecxw/ilp32e\libg_nano.a(lib_a-strcpy.o)
                0x0000000000001a9a                strcpy
 *(.rodata)
 *(.rodata*)
 *fill*         0x0000000000001aaa        0x2 
 .rodata.Font11x18
                0x0000000000001aac      0xd5c ./User/ssd1306/fonts.o
                0x0000000000001aac                Font11x18
 .rodata.Font7x10
                0x0000000000002808      0x76c ./User/ssd1306/fonts.o
                0x0000000000002808                Font7x10
 .rodata.main.str1.4
                0x0000000000002f74       0x72 ./User/main.o
 *fill*         0x0000000000002fe6        0x2 
 .rodata.print.str1.4
                0x0000000000002fe8        0x8 d:/mounriver/mounriver_studio/toolchain/risc-v embedded gcc/bin/../lib/gcc/riscv-none-embed/8.2.0/../../../../riscv-none-embed/lib/rv32ecxw/ilp32e\libprintf.a(wchprintf.o)
                                          0x7 (size before relaxing)
 *(.gnu.linkonce.t.*)
                0x0000000000002ff0                . = ALIGN (0x4)

.rela.dyn       0x0000000000002ff0        0x0
 .rela.text.startup.main
                0x0000000000002ff0        0x0 ./User/ssd1306/fonts.o
 .rela.init     0x0000000000002ff0        0x0 ./User/ssd1306/fonts.o
 .rela.text.handle_reset
                0x0000000000002ff0        0x0 ./User/ssd1306/fonts.o
 .rela.text.prints
                0x0000000000002ff0        0x0 ./User/ssd1306/fonts.o
 .rela.text.printInt
                0x0000000000002ff0        0x0 ./User/ssd1306/fonts.o
 .rela.text.print
                0x0000000000002ff0        0x0 ./User/ssd1306/fonts.o
 .rela.text.printf
                0x0000000000002ff0        0x0 ./User/ssd1306/fonts.o
 .rela.text.sprintf
                0x0000000000002ff0        0x0 ./User/ssd1306/fonts.o

.fini           0x0000000000002ff0        0x0
 *(SORT_NONE(.fini))
                0x0000000000002ff0                . = ALIGN (0x4)
                [!provide]                        PROVIDE (_etext = .)
                [!provide]                        PROVIDE (_eitcm = .)

.preinit_array  0x0000000000002ff0        0x0
                [!provide]                        PROVIDE (__preinit_array_start = .)
 *(.preinit_array)
                [!provide]                        PROVIDE (__preinit_array_end = .)

.init_array     0x0000000000002ff0        0x0
                [!provide]                        PROVIDE (__init_array_start = .)
 *(SORT_BY_INIT_PRIORITY(.init_array.*) SORT_BY_INIT_PRIORITY(.ctors.*))
 *(.init_array EXCLUDE_FILE(*crtend?.o *crtend.o *crtbegin?.o *crtbegin.o) .ctors)
                [!provide]                        PROVIDE (__init_array_end = .)

.fini_array     0x0000000000002ff0        0x0
                [!provide]                        PROVIDE (__fini_array_start = .)
 *(SORT_BY_INIT_PRIORITY(.fini_array.*) SORT_BY_INIT_PRIORITY(.dtors.*))
 *(.fini_array EXCLUDE_FILE(*crtend?.o *crtend.o *crtbegin?.o *crtbegin.o) .dtors)
                [!provide]                        PROVIDE (__fini_array_end = .)

.ctors
 *crtbegin.o(.ctors)
 *crtbegin?.o(.ctors)
 *(EXCLUDE_FILE(*crtend?.o *crtend.o) .ctors)
 *(SORT_BY_NAME(.ctors.*))
 *(.ctors)

.dtors
 *crtbegin.o(.dtors)
 *crtbegin?.o(.dtors)
 *(EXCLUDE_FILE(*crtend?.o *crtend.o) .dtors)
 *(SORT_BY_NAME(.dtors.*))
 *(.dtors)

.dalign         0x0000000020000000        0x0 load address 0x0000000000002ff0
                0x0000000020000000                . = ALIGN (0x4)
                0x0000000020000000                PROVIDE (_data_vma = .)

.dlalign        0x0000000000002ff0        0x0
                0x0000000000002ff0                . = ALIGN (0x4)
                0x0000000000002ff0                PROVIDE (_data_lma = .)

.data           0x0000000020000000       0x48 load address 0x0000000000002ff0
                0x0000000020000000                . = ALIGN (0x4)
 *(.gnu.linkonce.r.*)
 *(.data .data.*)
 .data.Font_11x18
                0x0000000020000000        0x8 ./User/ssd1306/fonts.o
                0x0000000020000000                Font_11x18
 .data.Font_7x10
                0x0000000020000008        0x8 ./User/ssd1306/fonts.o
                0x0000000020000008                Font_7x10
 .data.AHBPrescTable
                0x0000000020000010       0x10 ./User/system_ch32v00x.o
                0x0000000020000010                AHBPrescTable
 .data.SystemCoreClock
                0x0000000020000020        0x4 ./User/system_ch32v00x.o
                0x0000000020000020                SystemCoreClock
 .data.ADCPrescTable
                0x0000000020000024       0x14 ./Peripheral/src/ch32v00x_rcc.o
 .data.APBAHBPrescTable
                0x0000000020000038       0x10 ./Peripheral/src/ch32v00x_rcc.o
 *(.gnu.linkonce.d.*)
                0x0000000020000048                . = ALIGN (0x8)
                0x0000000020000848                PROVIDE (__global_pointer$ = (. + 0x800))
 *(.sdata .sdata.*)
 *(.sdata2*)
 *(.gnu.linkonce.s.*)
                0x0000000020000048                . = ALIGN (0x8)
 *(.srodata.cst16)
 *(.srodata.cst8)
 *(.srodata.cst4)
 *(.srodata.cst2)
 *(.srodata .srodata.*)
                0x0000000020000048                . = ALIGN (0x4)
                0x0000000020000048                PROVIDE (_edata = .)

.bss            0x0000000020000048      0x41c load address 0x0000000000003038
                0x0000000020000048                . = ALIGN (0x4)
                0x0000000020000048                PROVIDE (_sbss = .)
 *(.sbss*)
 *(.gnu.linkonce.sb.*)
 *(.bss*)
 .bss.SSD1306   0x0000000020000048        0x6 ./User/ssd1306/ssd1306.o
 *fill*         0x000000002000004e        0x2 
 .bss.output    0x0000000020000050      0x401 ./User/ssd1306/ssd1306.o
                0x0000000020000050                output
 *fill*         0x0000000020000451        0x3 
 .bss.NVIC_Priority_Group
                0x0000000020000454        0x4 ./Peripheral/src/ch32v00x_misc.o
                0x0000000020000454                NVIC_Priority_Group
 .bss.delay     0x0000000020000458        0x4 ./HAL/systick_hal.o
 .bss.ticks     0x000000002000045c        0x4 ./HAL/systick_hal.o
 .bss.p_ms      0x0000000020000460        0x2 ./Debug/debug.o
 .bss.p_us      0x0000000020000462        0x1 ./Debug/debug.o
 *(.gnu.linkonce.b.*)
 *(COMMON*)
                0x0000000020000464                . = ALIGN (0x4)
 *fill*         0x0000000020000463        0x1 
                0x0000000020000464                PROVIDE (_ebss = .)
                0x0000000020000464                PROVIDE (_end = _ebss)
                [!provide]                        PROVIDE (end = .)

.stack          0x0000000020000700      0x100
                0x0000000020000700                PROVIDE (_heap_end = .)
                0x0000000020000700                . = ALIGN (0x4)
                [!provide]                        PROVIDE (_susrstack = .)
                0x0000000020000800                . = (. + __stack_size)
 *fill*         0x0000000020000700      0x100 
                0x0000000020000800                PROVIDE (_eusrstack = .)
OUTPUT(Habr_CO2.elf elf32-littleriscv)

.debug_info     0x0000000000000000     0xf2fc
 .debug_info    0x0000000000000000      0xb02 ./User/ssd1306/fonts.o
 .debug_info    0x0000000000000b02     0x1cea ./User/ssd1306/ssd1306.o
 .debug_info    0x00000000000027ec      0xf8b ./User/scd4x/scd4x.o
 .debug_info    0x0000000000003777      0x962 ./User/ch32v00x_it.o
 .debug_info    0x00000000000040d9     0x10c6 ./User/main.o
 .debug_info    0x000000000000519f      0xc71 ./User/system_ch32v00x.o
 .debug_info    0x0000000000005e10       0x22 ./Startup/startup_ch32v00x.o
 .debug_info    0x0000000000005e32      0xa94 ./Peripheral/src/ch32v00x_dbgmcu.o
 .debug_info    0x00000000000068c6     0x103a ./Peripheral/src/ch32v00x_gpio.o
 .debug_info    0x0000000000007900     0x1417 ./Peripheral/src/ch32v00x_i2c.o
 .debug_info    0x0000000000008d17      0xdda ./Peripheral/src/ch32v00x_misc.o
 .debug_info    0x0000000000009af1     0x1063 ./Peripheral/src/ch32v00x_rcc.o
 .debug_info    0x000000000000ab54     0x1351 ./Peripheral/src/ch32v00x_usart.o
 .debug_info    0x000000000000bea5     0x17c1 ./HAL/i2c_hal.o
 .debug_info    0x000000000000d666      0xd9e ./HAL/systick_hal.o
 .debug_info    0x000000000000e404      0xef8 ./Debug/debug.o

.debug_abbrev   0x0000000000000000     0x2bdc
 .debug_abbrev  0x0000000000000000      0x24a ./User/ssd1306/fonts.o
 .debug_abbrev  0x000000000000024a      0x3d2 ./User/ssd1306/ssd1306.o
 .debug_abbrev  0x000000000000061c      0x295 ./User/scd4x/scd4x.o
 .debug_abbrev  0x00000000000008b1      0x1cf ./User/ch32v00x_it.o
 .debug_abbrev  0x0000000000000a80      0x298 ./User/main.o
 .debug_abbrev  0x0000000000000d18      0x2af ./User/system_ch32v00x.o
 .debug_abbrev  0x0000000000000fc7       0x12 ./Startup/startup_ch32v00x.o
 .debug_abbrev  0x0000000000000fd9      0x2f7 ./Peripheral/src/ch32v00x_dbgmcu.o
 .debug_abbrev  0x00000000000012d0      0x309 ./Peripheral/src/ch32v00x_gpio.o
 .debug_abbrev  0x00000000000015d9      0x3a7 ./Peripheral/src/ch32v00x_i2c.o
 .debug_abbrev  0x0000000000001980      0x2fb ./Peripheral/src/ch32v00x_misc.o
 .debug_abbrev  0x0000000000001c7b      0x36d ./Peripheral/src/ch32v00x_rcc.o
 .debug_abbrev  0x0000000000001fe8      0x323 ./Peripheral/src/ch32v00x_usart.o
 .debug_abbrev  0x000000000000230b      0x2f2 ./HAL/i2c_hal.o
 .debug_abbrev  0x00000000000025fd      0x2ec ./HAL/systick_hal.o
 .debug_abbrev  0x00000000000028e9      0x2f3 ./Debug/debug.o

.debug_loc      0x0000000000000000     0x3793
 .debug_loc     0x0000000000000000       0x67 ./User/ssd1306/fonts.o
 .debug_loc     0x0000000000000067      0xf6f ./User/ssd1306/ssd1306.o
 .debug_loc     0x0000000000000fd6      0x320 ./User/scd4x/scd4x.o
 .debug_loc     0x00000000000012f6       0x7c ./User/main.o
 .debug_loc     0x0000000000001372       0x55 ./User/system_ch32v00x.o
 .debug_loc     0x00000000000013c7       0x6e ./Peripheral/src/ch32v00x_dbgmcu.o
 .debug_loc     0x0000000000001435      0x6cf ./Peripheral/src/ch32v00x_gpio.o
 .debug_loc     0x0000000000001b04      0x720 ./Peripheral/src/ch32v00x_i2c.o
 .debug_loc     0x0000000000002224       0xce ./Peripheral/src/ch32v00x_misc.o
 .debug_loc     0x00000000000022f2      0x59f ./Peripheral/src/ch32v00x_rcc.o
 .debug_loc     0x0000000000002891      0x735 ./Peripheral/src/ch32v00x_usart.o
 .debug_loc     0x0000000000002fc6      0x63e ./HAL/i2c_hal.o
 .debug_loc     0x0000000000003604       0x14 ./HAL/systick_hal.o
 .debug_loc     0x0000000000003618      0x17b ./Debug/debug.o

.debug_aranges  0x0000000000000000      0x698
 .debug_aranges
                0x0000000000000000       0x20 ./User/ssd1306/fonts.o
 .debug_aranges
                0x0000000000000020       0xa8 ./User/ssd1306/ssd1306.o
 .debug_aranges
                0x00000000000000c8       0x68 ./User/scd4x/scd4x.o
 .debug_aranges
                0x0000000000000130       0x28 ./User/ch32v00x_it.o
 .debug_aranges
                0x0000000000000158       0x28 ./User/main.o
 .debug_aranges
                0x0000000000000180       0x28 ./User/system_ch32v00x.o
 .debug_aranges
                0x00000000000001a8       0x30 ./Startup/startup_ch32v00x.o
 .debug_aranges
                0x00000000000001d8       0x48 ./Peripheral/src/ch32v00x_dbgmcu.o
 .debug_aranges
                0x0000000000000220       0x98 ./Peripheral/src/ch32v00x_gpio.o
 .debug_aranges
                0x00000000000002b8      0x108 ./Peripheral/src/ch32v00x_i2c.o
 .debug_aranges
                0x00000000000003c0       0x28 ./Peripheral/src/ch32v00x_misc.o
 .debug_aranges
                0x00000000000003e8       0xe0 ./Peripheral/src/ch32v00x_rcc.o
 .debug_aranges
                0x00000000000004c8      0x100 ./Peripheral/src/ch32v00x_usart.o
 .debug_aranges
                0x00000000000005c8       0x40 ./HAL/i2c_hal.o
 .debug_aranges
                0x0000000000000608       0x48 ./HAL/systick_hal.o
 .debug_aranges
                0x0000000000000650       0x48 ./Debug/debug.o

.debug_ranges   0x0000000000000000      0x630
 .debug_ranges  0x0000000000000000       0x10 ./User/ssd1306/fonts.o
 .debug_ranges  0x0000000000000010       0x98 ./User/ssd1306/ssd1306.o
 .debug_ranges  0x00000000000000a8       0x58 ./User/scd4x/scd4x.o
 .debug_ranges  0x0000000000000100       0x18 ./User/ch32v00x_it.o
 .debug_ranges  0x0000000000000118       0x18 ./User/main.o
 .debug_ranges  0x0000000000000130       0x48 ./User/system_ch32v00x.o
 .debug_ranges  0x0000000000000178       0x28 ./Startup/startup_ch32v00x.o
 .debug_ranges  0x00000000000001a0       0x50 ./Peripheral/src/ch32v00x_dbgmcu.o
 .debug_ranges  0x00000000000001f0       0x88 ./Peripheral/src/ch32v00x_gpio.o
 .debug_ranges  0x0000000000000278       0xf8 ./Peripheral/src/ch32v00x_i2c.o
 .debug_ranges  0x0000000000000370       0x48 ./Peripheral/src/ch32v00x_misc.o
 .debug_ranges  0x00000000000003b8       0xd0 ./Peripheral/src/ch32v00x_rcc.o
 .debug_ranges  0x0000000000000488       0xf0 ./Peripheral/src/ch32v00x_usart.o
 .debug_ranges  0x0000000000000578       0x30 ./HAL/i2c_hal.o
 .debug_ranges  0x00000000000005a8       0x50 ./HAL/systick_hal.o
 .debug_ranges  0x00000000000005f8       0x38 ./Debug/debug.o

.debug_line     0x0000000000000000     0x935a
 .debug_line    0x0000000000000000      0x281 ./User/ssd1306/fonts.o
 .debug_line    0x0000000000000281     0x14ad ./User/ssd1306/ssd1306.o
 .debug_line    0x000000000000172e      0x8c1 ./User/scd4x/scd4x.o
 .debug_line    0x0000000000001fef      0x22e ./User/ch32v00x_it.o
 .debug_line    0x000000000000221d      0x6e9 ./User/main.o
 .debug_line    0x0000000000002906      0x683 ./User/system_ch32v00x.o
 .debug_line    0x0000000000002f89      0x1ce ./Startup/startup_ch32v00x.o
 .debug_line    0x0000000000003157      0x38f ./Peripheral/src/ch32v00x_dbgmcu.o
 .debug_line    0x00000000000034e6      0xd20 ./Peripheral/src/ch32v00x_gpio.o
 .debug_line    0x0000000000004206     0x1083 ./Peripheral/src/ch32v00x_i2c.o
 .debug_line    0x0000000000005289      0x4d0 ./Peripheral/src/ch32v00x_misc.o
 .debug_line    0x0000000000005759      0xd6b ./Peripheral/src/ch32v00x_rcc.o
 .debug_line    0x00000000000064c4      0xf0d ./Peripheral/src/ch32v00x_usart.o
 .debug_line    0x00000000000073d1     0x13f3 ./HAL/i2c_hal.o
 .debug_line    0x00000000000087c4      0x462 ./HAL/systick_hal.o
 .debug_line    0x0000000000008c26      0x734 ./Debug/debug.o

.debug_str      0x0000000000000000     0x209e
 .debug_str     0x0000000000000000      0x5c2 ./User/ssd1306/fonts.o
                                        0x644 (size before relaxing)
 .debug_str     0x00000000000005c2      0x335 ./User/ssd1306/ssd1306.o
                                        0x91c (size before relaxing)
 .debug_str     0x00000000000008f7      0x157 ./User/scd4x/scd4x.o
                                        0x7e3 (size before relaxing)
 .debug_str     0x0000000000000a4e       0x34 ./User/ch32v00x_it.o
                                        0x5b7 (size before relaxing)
 .debug_str     0x0000000000000a82      0x280 ./User/main.o
                                        0x970 (size before relaxing)
 .debug_str     0x0000000000000d02      0x10e ./User/system_ch32v00x.o
                                        0x731 (size before relaxing)
 .debug_str     0x0000000000000e10       0x4a ./Startup/startup_ch32v00x.o
                                         0x85 (size before relaxing)
 .debug_str     0x0000000000000e5a       0xb7 ./Peripheral/src/ch32v00x_dbgmcu.o
                                        0x667 (size before relaxing)
 .debug_str     0x0000000000000f11      0x1ed ./Peripheral/src/ch32v00x_gpio.o
                                        0x96a (size before relaxing)
 .debug_str     0x00000000000010fe      0x41e ./Peripheral/src/ch32v00x_i2c.o
                                        0xad3 (size before relaxing)
 .debug_str     0x000000000000151c      0x303 ./Peripheral/src/ch32v00x_misc.o
                                        0x933 (size before relaxing)
 .debug_str     0x000000000000181f      0x265 ./Peripheral/src/ch32v00x_rcc.o
                                        0x9d2 (size before relaxing)
 .debug_str     0x0000000000001a84      0x430 ./Peripheral/src/ch32v00x_usart.o
                                        0xb21 (size before relaxing)
 .debug_str     0x0000000000001eb4       0xcf ./HAL/i2c_hal.o
                                        0x9f7 (size before relaxing)
 .debug_str     0x0000000000001f83       0x8b ./HAL/systick_hal.o
                                        0x88c (size before relaxing)
 .debug_str     0x000000000000200e       0x90 ./Debug/debug.o
                                        0x90c (size before relaxing)

.comment        0x0000000000000000       0x33
 .comment       0x0000000000000000       0x33 ./User/ssd1306/fonts.o
                                         0x34 (size before relaxing)
 .comment       0x0000000000000033       0x34 ./User/ssd1306/ssd1306.o
 .comment       0x0000000000000033       0x34 ./User/scd4x/scd4x.o
 .comment       0x0000000000000033       0x34 ./User/ch32v00x_it.o
 .comment       0x0000000000000033       0x34 ./User/main.o
 .comment       0x0000000000000033       0x34 ./User/system_ch32v00x.o
 .comment       0x0000000000000033       0x34 ./Peripheral/src/ch32v00x_dbgmcu.o
 .comment       0x0000000000000033       0x34 ./Peripheral/src/ch32v00x_gpio.o
 .comment       0x0000000000000033       0x34 ./Peripheral/src/ch32v00x_i2c.o
 .comment       0x0000000000000033       0x34 ./Peripheral/src/ch32v00x_misc.o
 .comment       0x0000000000000033       0x34 ./Peripheral/src/ch32v00x_rcc.o
 .comment       0x0000000000000033       0x34 ./Peripheral/src/ch32v00x_usart.o
 .comment       0x0000000000000033       0x34 ./HAL/i2c_hal.o
 .comment       0x0000000000000033       0x34 ./HAL/systick_hal.o
 .comment       0x0000000000000033       0x34 ./Debug/debug.o
 .comment       0x0000000000000033       0x34 d:/mounriver/mounriver_studio/toolchain/risc-v embedded gcc/bin/../lib/gcc/riscv-none-embed/8.2.0/../../../../riscv-none-embed/lib/rv32ecxw/ilp32e\libprintf.a(wchprintf.o)

.debug_frame    0x0000000000000000      0xee0
 .debug_frame   0x0000000000000000       0x38 ./User/ssd1306/fonts.o
 .debug_frame   0x0000000000000038      0x258 ./User/ssd1306/ssd1306.o
 .debug_frame   0x0000000000000290      0x144 ./User/scd4x/scd4x.o
 .debug_frame   0x00000000000003d4       0x30 ./User/ch32v00x_it.o
 .debug_frame   0x0000000000000404       0x4c ./User/main.o
 .debug_frame   0x0000000000000450       0x4c ./User/system_ch32v00x.o
 .debug_frame   0x000000000000049c       0x70 ./Peripheral/src/ch32v00x_dbgmcu.o
 .debug_frame   0x000000000000050c      0x150 ./Peripheral/src/ch32v00x_gpio.o
 .debug_frame   0x000000000000065c      0x254 ./Peripheral/src/ch32v00x_i2c.o
 .debug_frame   0x00000000000008b0       0x30 ./Peripheral/src/ch32v00x_misc.o
 .debug_frame   0x00000000000008e0      0x1c0 ./Peripheral/src/ch32v00x_rcc.o
 .debug_frame   0x0000000000000aa0      0x204 ./Peripheral/src/ch32v00x_usart.o
 .debug_frame   0x0000000000000ca4       0xd8 ./HAL/i2c_hal.o
 .debug_frame   0x0000000000000d7c       0x7c ./HAL/systick_hal.o
 .debug_frame   0x0000000000000df8       0xc8 ./Debug/debug.o
 .debug_frame   0x0000000000000ec0       0x20 d:/mounriver/mounriver_studio/toolchain/risc-v embedded gcc/bin/../lib/gcc/riscv-none-embed/8.2.0/../../../../riscv-none-embed/lib/rv32ecxw/ilp32e\libg_nano.a(lib_a-strcpy.o)
